                                      1 ;--------------------------------------------------------
                                      2 ; File Created by SDCC : free open source ANSI-C Compiler
                                      3 ; Version 4.2.0 #13081 (Linux)
                                      4 ;--------------------------------------------------------
                                      5 	.module main
                                      6 	.optsdcc -mstm8
                                      7 	
                                      8 ;--------------------------------------------------------
                                      9 ; Public variables in this module
                                     10 ;--------------------------------------------------------
                                     11 	.globl _main
                                     12 	.globl _printf
                                     13 	.globl _putchar
                                     14 ;--------------------------------------------------------
                                     15 ; ram data
                                     16 ;--------------------------------------------------------
                                     17 	.area DATA
                                     18 ;--------------------------------------------------------
                                     19 ; ram data
                                     20 ;--------------------------------------------------------
                                     21 	.area INITIALIZED
                                     22 ;--------------------------------------------------------
                                     23 ; Stack segment in internal ram
                                     24 ;--------------------------------------------------------
                                     25 	.area	SSEG
      000000                         26 __start__stack:
      000000                         27 	.ds	1
                                     28 
                                     29 ;--------------------------------------------------------
                                     30 ; absolute external ram data
                                     31 ;--------------------------------------------------------
                                     32 	.area DABS (ABS)
                                     33 
                                     34 ; default segment ordering for linker
                                     35 	.area HOME
                                     36 	.area GSINIT
                                     37 	.area GSFINAL
                                     38 	.area CONST
                                     39 	.area INITIALIZER
                                     40 	.area CODE
                                     41 
                                     42 ;--------------------------------------------------------
                                     43 ; interrupt vector
                                     44 ;--------------------------------------------------------
                                     45 	.area HOME
      000000                         46 __interrupt_vect:
      000000 82v00u00u00             47 	int s_GSINIT ; reset
                                     48 ;--------------------------------------------------------
                                     49 ; global & static initialisations
                                     50 ;--------------------------------------------------------
                                     51 	.area HOME
                                     52 	.area GSINIT
                                     53 	.area GSFINAL
                                     54 	.area GSINIT
      000000                         55 __sdcc_init_data:
                                     56 ; stm8_genXINIT() start
      000000 AEr00r00         [ 2]   57 	ldw x, #l_DATA
      000003 27 07            [ 1]   58 	jreq	00002$
      000005                         59 00001$:
      000005 72 4FuFFuFF      [ 1]   60 	clr (s_DATA - 1, x)
      000009 5A               [ 2]   61 	decw x
      00000A 26 F9            [ 1]   62 	jrne	00001$
      00000C                         63 00002$:
      00000C AEr00r00         [ 2]   64 	ldw	x, #l_INITIALIZER
      00000F 27 09            [ 1]   65 	jreq	00004$
      000011                         66 00003$:
      000011 D6uFFuFF         [ 1]   67 	ld	a, (s_INITIALIZER - 1, x)
      000014 D7uFFuFF         [ 1]   68 	ld	(s_INITIALIZED - 1, x), a
      000017 5A               [ 2]   69 	decw	x
      000018 26 F7            [ 1]   70 	jrne	00003$
      00001A                         71 00004$:
                                     72 ; stm8_genXINIT() end
                                     73 	.area GSFINAL
      000000 CCr00r04         [ 2]   74 	jp	__sdcc_program_startup
                                     75 ;--------------------------------------------------------
                                     76 ; Home
                                     77 ;--------------------------------------------------------
                                     78 	.area HOME
                                     79 	.area HOME
      000004                         80 __sdcc_program_startup:
      000004 CCr03r75         [ 2]   81 	jp	_main
                                     82 ;	return from main will return to caller
                                     83 ;--------------------------------------------------------
                                     84 ; code
                                     85 ;--------------------------------------------------------
                                     86 	.area CODE
                                     87 ;	main.c: 19: static void uart_init(void){
                                     88 ;	-----------------------------------------
                                     89 ;	 function uart_init
                                     90 ;	-----------------------------------------
      000000                         91 _uart_init:
                                     92 ;	main.c: 20: CLK_CKDIVR = 0x00;
      000000 35 00 50 C6      [ 1]   93 	mov	0x50c6+0, #0x00
                                     94 ;	main.c: 22: UART1_BRR1 = (div >> 4) & 0xFF;
      000004 A6 68            [ 1]   95 	ld	a, #0x68
      000006 C7 52 32         [ 1]   96 	ld	0x5232, a
                                     97 ;	main.c: 23: UART1_BRR2 = ((div & 0x0F) | ((div >> 8) & 0xF0));
      000009 A6 83            [ 1]   98 	ld	a, #0x83
      00000B A4 0F            [ 1]   99 	and	a, #0x0f
      00000D C7 52 33         [ 1]  100 	ld	0x5233, a
                                    101 ;	main.c: 24: UART1_CR1 = 0x00; UART1_CR3 = 0x00;
      000010 35 00 52 34      [ 1]  102 	mov	0x5234+0, #0x00
      000014 35 00 52 36      [ 1]  103 	mov	0x5236+0, #0x00
                                    104 ;	main.c: 25: UART1_CR2 = (1<<UART1_CR2_TEN) | (1<<UART1_CR2_REN);
      000018 35 0C 52 35      [ 1]  105 	mov	0x5235+0, #0x0c
                                    106 ;	main.c: 26: (void)UART1_SR; (void)UART1_DR;
      00001C C6 52 30         [ 1]  107 	ld	a, 0x5230
      00001F C6 52 31         [ 1]  108 	ld	a, 0x5231
                                    109 ;	main.c: 27: }
      000022 81               [ 4]  110 	ret
                                    111 ;	main.c: 28: int putchar(int c){ while(!(UART1_SR & (1<<UART1_SR_TXE))); UART1_DR=c; return 0; }
                                    112 ;	-----------------------------------------
                                    113 ;	 function putchar
                                    114 ;	-----------------------------------------
      000023                        115 _putchar:
      000023                        116 00101$:
      000023 C6 52 30         [ 1]  117 	ld	a, 0x5230
      000026 2A FB            [ 1]  118 	jrpl	00101$
      000028 9F               [ 1]  119 	ld	a, xl
      000029 C7 52 31         [ 1]  120 	ld	0x5231, a
      00002C 5F               [ 1]  121 	clrw	x
      00002D 81               [ 4]  122 	ret
                                    123 ;	main.c: 29: static inline void delay_cycles(volatile uint16_t n){ while(n--) __asm__("nop"); }
                                    124 ;	-----------------------------------------
                                    125 ;	 function delay_cycles
                                    126 ;	-----------------------------------------
      00002E                        127 _delay_cycles:
      00002E 52 02            [ 2]  128 	sub	sp, #2
      000030 1F 01            [ 2]  129 	ldw	(0x01, sp), x
      000032                        130 00101$:
      000032 16 01            [ 2]  131 	ldw	y, (0x01, sp)
      000034 93               [ 1]  132 	ldw	x, y
      000035 5A               [ 2]  133 	decw	x
      000036 1F 01            [ 2]  134 	ldw	(0x01, sp), x
      000038 90 5D            [ 2]  135 	tnzw	y
      00003A 27 03            [ 1]  136 	jreq	00104$
      00003C 9D               [ 1]  137 	nop
      00003D 20 F3            [ 2]  138 	jra	00101$
      00003F                        139 00104$:
      00003F 5B 02            [ 2]  140 	addw	sp, #2
      000041 81               [ 4]  141 	ret
                                    142 ;	main.c: 30: static void delay_ms(uint16_t ms){ for(uint32_t i=0;i<((F_CPU/18000UL)*ms);i++) __asm__("nop"); }
                                    143 ;	-----------------------------------------
                                    144 ;	 function delay_ms
                                    145 ;	-----------------------------------------
      000042                        146 _delay_ms:
      000042 52 0A            [ 2]  147 	sub	sp, #10
      000044 1F 05            [ 2]  148 	ldw	(0x05, sp), x
      000046 5F               [ 1]  149 	clrw	x
      000047 1F 09            [ 2]  150 	ldw	(0x09, sp), x
      000049 1F 07            [ 2]  151 	ldw	(0x07, sp), x
      00004B                        152 00103$:
      00004B 1E 05            [ 2]  153 	ldw	x, (0x05, sp)
      00004D 89               [ 2]  154 	pushw	x
      00004E AE 03 78         [ 2]  155 	ldw	x, #0x0378
      000051 CDr00r00         [ 4]  156 	call	___muluint2ulong
      000054 5B 02            [ 2]  157 	addw	sp, #2
      000056 1F 03            [ 2]  158 	ldw	(0x03, sp), x
      000058 17 01            [ 2]  159 	ldw	(0x01, sp), y
      00005A 1E 09            [ 2]  160 	ldw	x, (0x09, sp)
      00005C 13 03            [ 2]  161 	cpw	x, (0x03, sp)
      00005E 7B 08            [ 1]  162 	ld	a, (0x08, sp)
      000060 12 02            [ 1]  163 	sbc	a, (0x02, sp)
      000062 7B 07            [ 1]  164 	ld	a, (0x07, sp)
      000064 12 01            [ 1]  165 	sbc	a, (0x01, sp)
      000066 24 0F            [ 1]  166 	jrnc	00105$
      000068 9D               [ 1]  167 	nop
      000069 1E 09            [ 2]  168 	ldw	x, (0x09, sp)
      00006B 5C               [ 1]  169 	incw	x
      00006C 1F 09            [ 2]  170 	ldw	(0x09, sp), x
      00006E 26 DB            [ 1]  171 	jrne	00103$
      000070 1E 07            [ 2]  172 	ldw	x, (0x07, sp)
      000072 5C               [ 1]  173 	incw	x
      000073 1F 07            [ 2]  174 	ldw	(0x07, sp), x
      000075 20 D4            [ 2]  175 	jra	00103$
      000077                        176 00105$:
      000077 5B 0A            [ 2]  177 	addw	sp, #10
      000079 81               [ 4]  178 	ret
                                    179 ;	main.c: 46: static void gpio_init(void){
                                    180 ;	-----------------------------------------
                                    181 ;	 function gpio_init
                                    182 ;	-----------------------------------------
      00007A                        183 _gpio_init:
                                    184 ;	main.c: 48: PC_DDR |= (1<<5) | (1<<MOSI_BIT);
      00007A C6 50 0C         [ 1]  185 	ld	a, 0x500c
      00007D AA 60            [ 1]  186 	or	a, #0x60
      00007F C7 50 0C         [ 1]  187 	ld	0x500c, a
                                    188 ;	main.c: 49: PC_CR1 |= (1<<5) | (1<<MOSI_BIT);
      000082 C6 50 0D         [ 1]  189 	ld	a, 0x500d
      000085 AA 60            [ 1]  190 	or	a, #0x60
      000087 C7 50 0D         [ 1]  191 	ld	0x500d, a
                                    192 ;	main.c: 51: PC_DDR &= (uint8_t)~(1<<MISO_BIT);
      00008A 72 1F 50 0C      [ 1]  193 	bres	0x500c, #7
                                    194 ;	main.c: 52: PC_CR1 &= (uint8_t)~(1<<MISO_BIT);
      00008E 72 1F 50 0D      [ 1]  195 	bres	0x500d, #7
                                    196 ;	main.c: 54: PD_DDR |= (1<<2); PD_CR1 |= (1<<2); CSN_HIGH();
      000092 72 14 50 11      [ 1]  197 	bset	0x5011, #2
      000096 72 14 50 12      [ 1]  198 	bset	0x5012, #2
      00009A 72 14 50 0F      [ 1]  199 	bset	0x500f, #2
                                    200 ;	main.c: 56: PD_DDR &= (uint8_t)~(1<<4); PD_CR1 &= (uint8_t)~(1<<4);
      00009E 72 19 50 11      [ 1]  201 	bres	0x5011, #4
      0000A2 72 19 50 12      [ 1]  202 	bres	0x5012, #4
                                    203 ;	main.c: 57: }
      0000A6 81               [ 4]  204 	ret
                                    205 ;	main.c: 59: static void spi_init(void){
                                    206 ;	-----------------------------------------
                                    207 ;	 function spi_init
                                    208 ;	-----------------------------------------
      0000A7                        209 _spi_init:
                                    210 ;	main.c: 61: SPI_CR1 = (1<<SPI_CR1_MSTR) | (1<<SPI_CR1_BR2) | (1<<SPI_CR1_BR1) | (1<<SPI_CR1_BR0);
      0000A7 35 3C 52 00      [ 1]  211 	mov	0x5200+0, #0x3c
                                    212 ;	main.c: 62: SPI_CR2 = (1<<SPI_CR2_SSM) | (1<<SPI_CR2_SSI);
      0000AB 35 03 52 01      [ 1]  213 	mov	0x5201+0, #0x03
                                    214 ;	main.c: 63: SPI_CR1 |= (1<<SPI_CR1_SPE);
      0000AF 72 1C 52 00      [ 1]  215 	bset	0x5200, #6
                                    216 ;	main.c: 64: }
      0000B3 81               [ 4]  217 	ret
                                    218 ;	main.c: 65: static uint8_t spi_txrx(uint8_t v){
                                    219 ;	-----------------------------------------
                                    220 ;	 function spi_txrx
                                    221 ;	-----------------------------------------
      0000B4                        222 _spi_txrx:
                                    223 ;	main.c: 66: SPI_DR = v;
      0000B4 C7 52 04         [ 1]  224 	ld	0x5204, a
                                    225 ;	main.c: 67: while(!(SPI_SR & (1<<SPI_SR_TXE)));
      0000B7                        226 00101$:
      0000B7 72 03 52 03 FB   [ 2]  227 	btjf	0x5203, #1, 00101$
                                    228 ;	main.c: 68: while(!(SPI_SR & (1<<SPI_SR_RXNE)));
      0000BC                        229 00104$:
      0000BC 72 01 52 03 FB   [ 2]  230 	btjf	0x5203, #0, 00104$
                                    231 ;	main.c: 69: return SPI_DR;
      0000C1 C6 52 04         [ 1]  232 	ld	a, 0x5204
                                    233 ;	main.c: 70: }
      0000C4 81               [ 4]  234 	ret
                                    235 ;	main.c: 71: static void spi_wait_idle(void){ while(SPI_SR & (1<<SPI_SR_BSY)); }
                                    236 ;	-----------------------------------------
                                    237 ;	 function spi_wait_idle
                                    238 ;	-----------------------------------------
      0000C5                        239 _spi_wait_idle:
      0000C5                        240 00101$:
      0000C5 C6 52 03         [ 1]  241 	ld	a, 0x5203
      0000C8 2B FB            [ 1]  242 	jrmi	00101$
      0000CA 81               [ 4]  243 	ret
                                    244 ;	main.c: 86: static uint8_t cc_select(void){
                                    245 ;	-----------------------------------------
                                    246 ;	 function cc_select
                                    247 ;	-----------------------------------------
      0000CB                        248 _cc_select:
      0000CB 52 04            [ 2]  249 	sub	sp, #4
                                    250 ;	main.c: 87: CSN_LOW();
      0000CD 72 15 50 0F      [ 1]  251 	bres	0x500f, #2
                                    252 ;	main.c: 90: while(MISO_IS_HIGH()){
      0000D1 5F               [ 1]  253 	clrw	x
      0000D2 1F 03            [ 2]  254 	ldw	(0x03, sp), x
      0000D4 1F 01            [ 2]  255 	ldw	(0x01, sp), x
      0000D6                        256 00103$:
      0000D6 C6 50 0B         [ 1]  257 	ld	a, 0x500b
      0000D9 2A 20            [ 1]  258 	jrpl	00105$
                                    259 ;	main.c: 91: if(++guard>100000UL){ CSN_HIGH(); return 0; }
      0000DB 1E 03            [ 2]  260 	ldw	x, (0x03, sp)
      0000DD 5C               [ 1]  261 	incw	x
      0000DE 1F 03            [ 2]  262 	ldw	(0x03, sp), x
      0000E0 26 05            [ 1]  263 	jrne	00124$
      0000E2 1E 01            [ 2]  264 	ldw	x, (0x01, sp)
      0000E4 5C               [ 1]  265 	incw	x
      0000E5 1F 01            [ 2]  266 	ldw	(0x01, sp), x
      0000E7                        267 00124$:
      0000E7 AE 86 A0         [ 2]  268 	ldw	x, #0x86a0
      0000EA 13 03            [ 2]  269 	cpw	x, (0x03, sp)
      0000EC A6 01            [ 1]  270 	ld	a, #0x01
      0000EE 12 02            [ 1]  271 	sbc	a, (0x02, sp)
      0000F0 4F               [ 1]  272 	clr	a
      0000F1 12 01            [ 1]  273 	sbc	a, (0x01, sp)
      0000F3 24 E1            [ 1]  274 	jrnc	00103$
      0000F5 72 14 50 0F      [ 1]  275 	bset	0x500f, #2
      0000F9 4F               [ 1]  276 	clr	a
                                    277 ;	main.c: 93: return 1;
      0000FA C5                     278 	.byte 0xc5
      0000FB                        279 00105$:
      0000FB A6 01            [ 1]  280 	ld	a, #0x01
      0000FD                        281 00106$:
                                    282 ;	main.c: 94: }
      0000FD 5B 04            [ 2]  283 	addw	sp, #4
      0000FF 81               [ 4]  284 	ret
                                    285 ;	main.c: 95: static inline void cc_deselect(void){ spi_wait_idle(); CSN_HIGH(); }
                                    286 ;	-----------------------------------------
                                    287 ;	 function cc_deselect
                                    288 ;	-----------------------------------------
      000100                        289 _cc_deselect:
      000100 CDr00rC5         [ 4]  290 	call	_spi_wait_idle
      000103 72 14 50 0F      [ 1]  291 	bset	0x500f, #2
      000107 81               [ 4]  292 	ret
                                    293 ;	main.c: 97: static uint8_t cc_strobe(uint8_t st){
                                    294 ;	-----------------------------------------
                                    295 ;	 function cc_strobe
                                    296 ;	-----------------------------------------
      000108                        297 _cc_strobe:
      000108 52 02            [ 2]  298 	sub	sp, #2
      00010A 6B 02            [ 1]  299 	ld	(0x02, sp), a
                                    300 ;	main.c: 98: if(!cc_select()) return 0xFF;
      00010C CDr00rCB         [ 4]  301 	call	_cc_select
      00010F 4D               [ 1]  302 	tnz	a
      000110 26 04            [ 1]  303 	jrne	00102$
      000112 A6 FF            [ 1]  304 	ld	a, #0xff
      000114 20 10            [ 2]  305 	jra	00104$
      000116                        306 00102$:
                                    307 ;	main.c: 99: uint8_t s = spi_txrx(st);
      000116 7B 02            [ 1]  308 	ld	a, (0x02, sp)
      000118 CDr00rB4         [ 4]  309 	call	_spi_txrx
      00011B 6B 01            [ 1]  310 	ld	(0x01, sp), a
                                    311 ;	main.c: 95: static inline void cc_deselect(void){ spi_wait_idle(); CSN_HIGH(); }
      00011D CDr00rC5         [ 4]  312 	call	_spi_wait_idle
      000120 72 14 50 0F      [ 1]  313 	bset	0x500f, #2
                                    314 ;	main.c: 101: return s;
      000124 7B 01            [ 1]  315 	ld	a, (0x01, sp)
      000126                        316 00104$:
                                    317 ;	main.c: 102: }
      000126 5B 02            [ 2]  318 	addw	sp, #2
      000128 81               [ 4]  319 	ret
                                    320 ;	main.c: 103: static void cc_write_reg(uint8_t a, uint8_t v){
                                    321 ;	-----------------------------------------
                                    322 ;	 function cc_write_reg
                                    323 ;	-----------------------------------------
      000129                        324 _cc_write_reg:
      000129 88               [ 1]  325 	push	a
      00012A 6B 01            [ 1]  326 	ld	(0x01, sp), a
                                    327 ;	main.c: 104: if(!cc_select()) return;
      00012C CDr00rCB         [ 4]  328 	call	_cc_select
      00012F 4D               [ 1]  329 	tnz	a
      000130 27 15            [ 1]  330 	jreq	00104$
                                    331 ;	main.c: 105: spi_txrx(a); spi_txrx(v);
      000132 7B 01            [ 1]  332 	ld	a, (0x01, sp)
      000134 CDr00rB4         [ 4]  333 	call	_spi_txrx
      000137 7B 04            [ 1]  334 	ld	a, (0x04, sp)
      000139 CDr00rB4         [ 4]  335 	call	_spi_txrx
                                    336 ;	main.c: 95: static inline void cc_deselect(void){ spi_wait_idle(); CSN_HIGH(); }
      00013C CDr00rC5         [ 4]  337 	call	_spi_wait_idle
      00013F C6 50 0F         [ 1]  338 	ld	a, 0x500f
      000142 AA 04            [ 1]  339 	or	a, #0x04
      000144 C7 50 0F         [ 1]  340 	ld	0x500f, a
                                    341 ;	main.c: 106: cc_deselect();
      000147                        342 00104$:
                                    343 ;	main.c: 107: }
      000147 84               [ 1]  344 	pop	a
      000148 85               [ 2]  345 	popw	x
      000149 84               [ 1]  346 	pop	a
      00014A FC               [ 2]  347 	jp	(x)
                                    348 ;	main.c: 108: static uint8_t cc_read_status(uint8_t addr){
                                    349 ;	-----------------------------------------
                                    350 ;	 function cc_read_status
                                    351 ;	-----------------------------------------
      00014B                        352 _cc_read_status:
      00014B 52 02            [ 2]  353 	sub	sp, #2
      00014D 6B 02            [ 1]  354 	ld	(0x02, sp), a
                                    355 ;	main.c: 110: if(!cc_select()) return 0xFF;
      00014F CDr00rCB         [ 4]  356 	call	_cc_select
      000152 4D               [ 1]  357 	tnz	a
      000153 26 04            [ 1]  358 	jrne	00102$
      000155 A6 FF            [ 1]  359 	ld	a, #0xff
      000157 20 17            [ 2]  360 	jra	00104$
      000159                        361 00102$:
                                    362 ;	main.c: 111: (void)spi_txrx(addr | 0xC0);   // 0x80 -> 0xC0
      000159 7B 02            [ 1]  363 	ld	a, (0x02, sp)
      00015B AA C0            [ 1]  364 	or	a, #0xc0
      00015D CDr00rB4         [ 4]  365 	call	_spi_txrx
                                    366 ;	main.c: 112: v = spi_txrx(0xFF);
      000160 A6 FF            [ 1]  367 	ld	a, #0xff
      000162 CDr00rB4         [ 4]  368 	call	_spi_txrx
      000165 6B 01            [ 1]  369 	ld	(0x01, sp), a
                                    370 ;	main.c: 95: static inline void cc_deselect(void){ spi_wait_idle(); CSN_HIGH(); }
      000167 CDr00rC5         [ 4]  371 	call	_spi_wait_idle
      00016A 72 14 50 0F      [ 1]  372 	bset	0x500f, #2
                                    373 ;	main.c: 114: return v;
      00016E 7B 01            [ 1]  374 	ld	a, (0x01, sp)
      000170                        375 00104$:
                                    376 ;	main.c: 115: }
      000170 5B 02            [ 2]  377 	addw	sp, #2
      000172 81               [ 4]  378 	ret
                                    379 ;	main.c: 119: static void cc_reset(void){
                                    380 ;	-----------------------------------------
                                    381 ;	 function cc_reset
                                    382 ;	-----------------------------------------
      000173                        383 _cc_reset:
                                    384 ;	main.c: 120: CSN_HIGH(); delay_ms(5);
      000173 72 14 50 0F      [ 1]  385 	bset	0x500f, #2
      000177 AE 00 05         [ 2]  386 	ldw	x, #0x0005
      00017A CDr00r42         [ 4]  387 	call	_delay_ms
                                    388 ;	main.c: 121: CSN_LOW();  delay_ms(5);
      00017D 72 15 50 0F      [ 1]  389 	bres	0x500f, #2
      000181 AE 00 05         [ 2]  390 	ldw	x, #0x0005
      000184 CDr00r42         [ 4]  391 	call	_delay_ms
                                    392 ;	main.c: 122: CSN_HIGH(); delay_ms(5);
      000187 C6 50 0F         [ 1]  393 	ld	a, 0x500f
      00018A AA 04            [ 1]  394 	or	a, #0x04
      00018C C7 50 0F         [ 1]  395 	ld	0x500f, a
      00018F AE 00 05         [ 2]  396 	ldw	x, #0x0005
      000192 CDr00r42         [ 4]  397 	call	_delay_ms
                                    398 ;	main.c: 123: if(!cc_select()) return;
      000195 CDr00rCB         [ 4]  399 	call	_cc_select
      000198 4D               [ 1]  400 	tnz	a
      000199 26 01            [ 1]  401 	jrne	00102$
      00019B 81               [ 4]  402 	ret
      00019C                        403 00102$:
                                    404 ;	main.c: 124: spi_txrx(SRES);
      00019C A6 30            [ 1]  405 	ld	a, #0x30
      00019E CDr00rB4         [ 4]  406 	call	_spi_txrx
                                    407 ;	main.c: 95: static inline void cc_deselect(void){ spi_wait_idle(); CSN_HIGH(); }
      0001A1 CDr00rC5         [ 4]  408 	call	_spi_wait_idle
      0001A4 C6 50 0F         [ 1]  409 	ld	a, 0x500f
      0001A7 AA 04            [ 1]  410 	or	a, #0x04
      0001A9 C7 50 0F         [ 1]  411 	ld	0x500f, a
                                    412 ;	main.c: 126: delay_ms(5);
      0001AC AE 00 05         [ 2]  413 	ldw	x, #0x0005
                                    414 ;	main.c: 127: }
      0001AF CCr00r42         [ 2]  415 	jp	_delay_ms
                                    416 ;	main.c: 130: static void cc_config_868(void){
                                    417 ;	-----------------------------------------
                                    418 ;	 function cc_config_868
                                    419 ;	-----------------------------------------
      0001B2                        420 _cc_config_868:
                                    421 ;	main.c: 131: cc_write_reg(0x00,0x29); cc_write_reg(0x02,0x06); cc_write_reg(0x03,0x47);
      0001B2 4B 29            [ 1]  422 	push	#0x29
      0001B4 4F               [ 1]  423 	clr	a
      0001B5 CDr01r29         [ 4]  424 	call	_cc_write_reg
      0001B8 4B 06            [ 1]  425 	push	#0x06
      0001BA A6 02            [ 1]  426 	ld	a, #0x02
      0001BC CDr01r29         [ 4]  427 	call	_cc_write_reg
      0001BF 4B 47            [ 1]  428 	push	#0x47
      0001C1 A6 03            [ 1]  429 	ld	a, #0x03
      0001C3 CDr01r29         [ 4]  430 	call	_cc_write_reg
                                    431 ;	main.c: 132: cc_write_reg(0x06,61);   cc_write_reg(0x07,0x04); cc_write_reg(0x08,0x05);
      0001C6 4B 3D            [ 1]  432 	push	#0x3d
      0001C8 A6 06            [ 1]  433 	ld	a, #0x06
      0001CA CDr01r29         [ 4]  434 	call	_cc_write_reg
      0001CD 4B 04            [ 1]  435 	push	#0x04
      0001CF A6 07            [ 1]  436 	ld	a, #0x07
      0001D1 CDr01r29         [ 4]  437 	call	_cc_write_reg
      0001D4 4B 05            [ 1]  438 	push	#0x05
      0001D6 A6 08            [ 1]  439 	ld	a, #0x08
      0001D8 CDr01r29         [ 4]  440 	call	_cc_write_reg
                                    441 ;	main.c: 133: cc_write_reg(0x0B,0x06); cc_write_reg(0x0D,0x21); cc_write_reg(0x0E,0x65); cc_write_reg(0x0F,0x6A);
      0001DB 4B 06            [ 1]  442 	push	#0x06
      0001DD A6 0B            [ 1]  443 	ld	a, #0x0b
      0001DF CDr01r29         [ 4]  444 	call	_cc_write_reg
      0001E2 4B 21            [ 1]  445 	push	#0x21
      0001E4 A6 0D            [ 1]  446 	ld	a, #0x0d
      0001E6 CDr01r29         [ 4]  447 	call	_cc_write_reg
      0001E9 4B 65            [ 1]  448 	push	#0x65
      0001EB A6 0E            [ 1]  449 	ld	a, #0x0e
      0001ED CDr01r29         [ 4]  450 	call	_cc_write_reg
      0001F0 4B 6A            [ 1]  451 	push	#0x6a
      0001F2 A6 0F            [ 1]  452 	ld	a, #0x0f
      0001F4 CDr01r29         [ 4]  453 	call	_cc_write_reg
                                    454 ;	main.c: 134: cc_write_reg(0x10,0xF5); cc_write_reg(0x11,0x83); cc_write_reg(0x12,0x13);
      0001F7 4B F5            [ 1]  455 	push	#0xf5
      0001F9 A6 10            [ 1]  456 	ld	a, #0x10
      0001FB CDr01r29         [ 4]  457 	call	_cc_write_reg
      0001FE 4B 83            [ 1]  458 	push	#0x83
      000200 A6 11            [ 1]  459 	ld	a, #0x11
      000202 CDr01r29         [ 4]  460 	call	_cc_write_reg
      000205 4B 13            [ 1]  461 	push	#0x13
      000207 A6 12            [ 1]  462 	ld	a, #0x12
      000209 CDr01r29         [ 4]  463 	call	_cc_write_reg
                                    464 ;	main.c: 135: cc_write_reg(0x13,0x22); cc_write_reg(0x14,0xF8);
      00020C 4B 22            [ 1]  465 	push	#0x22
      00020E A6 13            [ 1]  466 	ld	a, #0x13
      000210 CDr01r29         [ 4]  467 	call	_cc_write_reg
      000213 4B F8            [ 1]  468 	push	#0xf8
      000215 A6 14            [ 1]  469 	ld	a, #0x14
      000217 CDr01r29         [ 4]  470 	call	_cc_write_reg
                                    471 ;	main.c: 136: cc_write_reg(0x15,0x15); cc_write_reg(0x18,0x18); cc_write_reg(0x19,0x16);
      00021A 4B 15            [ 1]  472 	push	#0x15
      00021C A6 15            [ 1]  473 	ld	a, #0x15
      00021E CDr01r29         [ 4]  474 	call	_cc_write_reg
      000221 4B 18            [ 1]  475 	push	#0x18
      000223 A6 18            [ 1]  476 	ld	a, #0x18
      000225 CDr01r29         [ 4]  477 	call	_cc_write_reg
      000228 4B 16            [ 1]  478 	push	#0x16
      00022A A6 19            [ 1]  479 	ld	a, #0x19
      00022C CDr01r29         [ 4]  480 	call	_cc_write_reg
                                    481 ;	main.c: 137: cc_write_reg(0x1B,0x43); cc_write_reg(0x22,0x11);
      00022F 4B 43            [ 1]  482 	push	#0x43
      000231 A6 1B            [ 1]  483 	ld	a, #0x1b
      000233 CDr01r29         [ 4]  484 	call	_cc_write_reg
      000236 4B 11            [ 1]  485 	push	#0x11
      000238 A6 22            [ 1]  486 	ld	a, #0x22
      00023A CDr01r29         [ 4]  487 	call	_cc_write_reg
                                    488 ;	main.c: 138: cc_write_reg(0x23,0xE9); cc_write_reg(0x24,0x2A); cc_write_reg(0x25,0x00); cc_write_reg(0x26,0x1F);
      00023D 4B E9            [ 1]  489 	push	#0xe9
      00023F A6 23            [ 1]  490 	ld	a, #0x23
      000241 CDr01r29         [ 4]  491 	call	_cc_write_reg
      000244 4B 2A            [ 1]  492 	push	#0x2a
      000246 A6 24            [ 1]  493 	ld	a, #0x24
      000248 CDr01r29         [ 4]  494 	call	_cc_write_reg
      00024B 4B 00            [ 1]  495 	push	#0x00
      00024D A6 25            [ 1]  496 	ld	a, #0x25
      00024F CDr01r29         [ 4]  497 	call	_cc_write_reg
      000252 4B 1F            [ 1]  498 	push	#0x1f
      000254 A6 26            [ 1]  499 	ld	a, #0x26
      000256 CDr01r29         [ 4]  500 	call	_cc_write_reg
                                    501 ;	main.c: 139: cc_write_reg(0x2C,0x81); cc_write_reg(0x2D,0x35); cc_write_reg(0x2E,0x09);
      000259 4B 81            [ 1]  502 	push	#0x81
      00025B A6 2C            [ 1]  503 	ld	a, #0x2c
      00025D CDr01r29         [ 4]  504 	call	_cc_write_reg
      000260 4B 35            [ 1]  505 	push	#0x35
      000262 A6 2D            [ 1]  506 	ld	a, #0x2d
      000264 CDr01r29         [ 4]  507 	call	_cc_write_reg
      000267 4B 09            [ 1]  508 	push	#0x09
      000269 A6 2E            [ 1]  509 	ld	a, #0x2e
      00026B CDr01r29         [ 4]  510 	call	_cc_write_reg
                                    511 ;	main.c: 140: cc_strobe(SIDLE); cc_strobe(SFRX); cc_strobe(SFTX);
      00026E A6 36            [ 1]  512 	ld	a, #0x36
      000270 CDr01r08         [ 4]  513 	call	_cc_strobe
      000273 A6 3A            [ 1]  514 	ld	a, #0x3a
      000275 CDr01r08         [ 4]  515 	call	_cc_strobe
      000278 A6 3B            [ 1]  516 	ld	a, #0x3b
      00027A CDr01r08         [ 4]  517 	call	_cc_strobe
                                    518 ;	main.c: 141: delay_ms(2);
      00027D AE 00 02         [ 2]  519 	ldw	x, #0x0002
                                    520 ;	main.c: 142: }
      000280 CCr00r42         [ 2]  521 	jp	_delay_ms
                                    522 ;	main.c: 145: static uint8_t cc_send_packet(const uint8_t* data, uint8_t len){
                                    523 ;	-----------------------------------------
                                    524 ;	 function cc_send_packet
                                    525 ;	-----------------------------------------
      000283                        526 _cc_send_packet:
      000283 52 07            [ 2]  527 	sub	sp, #7
      000285 1F 02            [ 2]  528 	ldw	(0x02, sp), x
                                    529 ;	main.c: 146: if(len==0 || len>61) return 0;
      000287 6B 01            [ 1]  530 	ld	(0x01, sp), a
      000289 27 06            [ 1]  531 	jreq	00101$
      00028B 7B 01            [ 1]  532 	ld	a, (0x01, sp)
      00028D A1 3D            [ 1]  533 	cp	a, #0x3d
      00028F 23 04            [ 2]  534 	jrule	00102$
      000291                        535 00101$:
      000291 4F               [ 1]  536 	clr	a
      000292 CCr03r26         [ 2]  537 	jp	00119$
      000295                        538 00102$:
                                    539 ;	main.c: 147: cc_strobe(SIDLE); cc_strobe(SFTX);
      000295 A6 36            [ 1]  540 	ld	a, #0x36
      000297 CDr01r08         [ 4]  541 	call	_cc_strobe
      00029A A6 3B            [ 1]  542 	ld	a, #0x3b
      00029C CDr01r08         [ 4]  543 	call	_cc_strobe
                                    544 ;	main.c: 148: if(!cc_select()) return 0;
      00029F CDr00rCB         [ 4]  545 	call	_cc_select
      0002A2 4D               [ 1]  546 	tnz	a
      0002A3 26 04            [ 1]  547 	jrne	00105$
      0002A5 4F               [ 1]  548 	clr	a
      0002A6 CCr03r26         [ 2]  549 	jp	00119$
      0002A9                        550 00105$:
                                    551 ;	main.c: 149: spi_txrx(TXFIFO | CC_BURST);
      0002A9 A6 7F            [ 1]  552 	ld	a, #0x7f
      0002AB CDr00rB4         [ 4]  553 	call	_spi_txrx
                                    554 ;	main.c: 150: spi_txrx(len);
      0002AE 7B 01            [ 1]  555 	ld	a, (0x01, sp)
      0002B0 CDr00rB4         [ 4]  556 	call	_spi_txrx
                                    557 ;	main.c: 151: for(uint8_t i=0;i<len;i++) spi_txrx(data[i]);
      0002B3 0F 07            [ 1]  558 	clr	(0x07, sp)
      0002B5                        559 00117$:
      0002B5 7B 07            [ 1]  560 	ld	a, (0x07, sp)
      0002B7 11 01            [ 1]  561 	cp	a, (0x01, sp)
      0002B9 24 0F            [ 1]  562 	jrnc	00106$
      0002BB 5F               [ 1]  563 	clrw	x
      0002BC 7B 07            [ 1]  564 	ld	a, (0x07, sp)
      0002BE 97               [ 1]  565 	ld	xl, a
      0002BF 72 FB 02         [ 2]  566 	addw	x, (0x02, sp)
      0002C2 F6               [ 1]  567 	ld	a, (x)
      0002C3 CDr00rB4         [ 4]  568 	call	_spi_txrx
      0002C6 0C 07            [ 1]  569 	inc	(0x07, sp)
      0002C8 20 EB            [ 2]  570 	jra	00117$
      0002CA                        571 00106$:
                                    572 ;	main.c: 95: static inline void cc_deselect(void){ spi_wait_idle(); CSN_HIGH(); }
      0002CA CDr00rC5         [ 4]  573 	call	_spi_wait_idle
      0002CD 72 14 50 0F      [ 1]  574 	bset	0x500f, #2
                                    575 ;	main.c: 153: cc_strobe(STX);
      0002D1 A6 35            [ 1]  576 	ld	a, #0x35
      0002D3 CDr01r08         [ 4]  577 	call	_cc_strobe
                                    578 ;	main.c: 155: while(!GDO0_READ() && ++guard<150000UL){}   // front haut
      0002D6 5F               [ 1]  579 	clrw	x
      0002D7 1F 06            [ 2]  580 	ldw	(0x06, sp), x
      0002D9 90 5F            [ 1]  581 	clrw	y
      0002DB                        582 00108$:
      0002DB 72 08 50 10 18   [ 2]  583 	btjt	0x5010, #4, 00128$
      0002E0 1E 06            [ 2]  584 	ldw	x, (0x06, sp)
      0002E2 5C               [ 1]  585 	incw	x
      0002E3 1F 06            [ 2]  586 	ldw	(0x06, sp), x
      0002E5 26 02            [ 1]  587 	jrne	00169$
      0002E7 90 5C            [ 1]  588 	incw	y
      0002E9                        589 00169$:
      0002E9 1E 06            [ 2]  590 	ldw	x, (0x06, sp)
      0002EB A3 49 F0         [ 2]  591 	cpw	x, #0x49f0
      0002EE 90 9F            [ 1]  592 	ld	a, yl
      0002F0 A2 02            [ 1]  593 	sbc	a, #0x02
      0002F2 90 9E            [ 1]  594 	ld	a, yh
      0002F4 A2 00            [ 1]  595 	sbc	a, #0x00
      0002F6 25 E3            [ 1]  596 	jrc	00108$
                                    597 ;	main.c: 156: while( GDO0_READ() && ++guard<400000UL){}   // retour bas
      0002F8                        598 00128$:
      0002F8 17 04            [ 2]  599 	ldw	(0x04, sp), y
      0002FA 16 06            [ 2]  600 	ldw	y, (0x06, sp)
      0002FC                        601 00112$:
      0002FC 72 09 50 10 17   [ 2]  602 	btjf	0x5010, #4, 00114$
      000301 90 5C            [ 1]  603 	incw	y
      000303 26 05            [ 1]  604 	jrne	00172$
      000305 1E 04            [ 2]  605 	ldw	x, (0x04, sp)
      000307 5C               [ 1]  606 	incw	x
      000308 1F 04            [ 2]  607 	ldw	(0x04, sp), x
      00030A                        608 00172$:
      00030A 90 A3 1A 80      [ 2]  609 	cpw	y, #0x1a80
      00030E 7B 05            [ 1]  610 	ld	a, (0x05, sp)
      000310 A2 06            [ 1]  611 	sbc	a, #0x06
      000312 7B 04            [ 1]  612 	ld	a, (0x04, sp)
      000314 A2 00            [ 1]  613 	sbc	a, #0x00
      000316 25 E4            [ 1]  614 	jrc	00112$
      000318                        615 00114$:
                                    616 ;	main.c: 157: return (guard<400000UL);
      000318 90 A3 1A 80      [ 2]  617 	cpw	y, #0x1a80
      00031C 7B 05            [ 1]  618 	ld	a, (0x05, sp)
      00031E A2 06            [ 1]  619 	sbc	a, #0x06
      000320 7B 04            [ 1]  620 	ld	a, (0x04, sp)
      000322 A2 00            [ 1]  621 	sbc	a, #0x00
      000324 4F               [ 1]  622 	clr	a
      000325 49               [ 1]  623 	rlc	a
      000326                        624 00119$:
                                    625 ;	main.c: 158: }
      000326 5B 07            [ 2]  626 	addw	sp, #7
      000328 81               [ 4]  627 	ret
                                    628 ;	main.c: 161: static void dump_once(const char* tag){
                                    629 ;	-----------------------------------------
                                    630 ;	 function dump_once
                                    631 ;	-----------------------------------------
      000329                        632 _dump_once:
      000329 52 08            [ 2]  633 	sub	sp, #8
      00032B 1F 07            [ 2]  634 	ldw	(0x07, sp), x
                                    635 ;	main.c: 162: uint8_t pn = cc_read_status(PARTNUM);
      00032D A6 30            [ 1]  636 	ld	a, #0x30
      00032F CDr01r4B         [ 4]  637 	call	_cc_read_status
      000332 6B 06            [ 1]  638 	ld	(0x06, sp), a
                                    639 ;	main.c: 163: uint8_t vr = cc_read_status(VERSION);
      000334 A6 31            [ 1]  640 	ld	a, #0x31
      000336 CDr01r4B         [ 4]  641 	call	_cc_read_status
      000339 6B 05            [ 1]  642 	ld	(0x05, sp), a
                                    643 ;	main.c: 164: uint8_t ms = cc_read_status(MARCSTATE);
      00033B A6 35            [ 1]  644 	ld	a, #0x35
      00033D CDr01r4B         [ 4]  645 	call	_cc_read_status
      000340 90 97            [ 1]  646 	ld	yl, a
                                    647 ;	main.c: 166: tag, pn, vr, ms, MISO_IS_HIGH());
      000342 C6 50 0B         [ 1]  648 	ld	a, 0x500b
      000345 2A 05            [ 1]  649 	jrpl	00103$
      000347 5F               [ 1]  650 	clrw	x
      000348 5C               [ 1]  651 	incw	x
      000349 1F 01            [ 2]  652 	ldw	(0x01, sp), x
      00034B BC                     653 	.byte 0xbc
      00034C                        654 00103$:
      00034C 5F               [ 1]  655 	clrw	x
      00034D 1F 01            [ 2]  656 	ldw	(0x01, sp), x
      00034F                        657 00104$:
      00034F 4F               [ 1]  658 	clr	a
      000350 90 95            [ 1]  659 	ld	yh, a
      000352 7B 05            [ 1]  660 	ld	a, (0x05, sp)
      000354 6B 04            [ 1]  661 	ld	(0x04, sp), a
      000356 0F 03            [ 1]  662 	clr	(0x03, sp)
      000358 7B 06            [ 1]  663 	ld	a, (0x06, sp)
      00035A 0F 05            [ 1]  664 	clr	(0x05, sp)
                                    665 ;	main.c: 165: printf("[%s] PART=0x%02X VER=0x%02X MARC=0x%02X  (MISO=%d)\r\n",
      00035C 1E 01            [ 2]  666 	ldw	x, (0x01, sp)
      00035E 89               [ 2]  667 	pushw	x
      00035F 90 89            [ 2]  668 	pushw	y
      000361 1E 07            [ 2]  669 	ldw	x, (0x07, sp)
      000363 89               [ 2]  670 	pushw	x
      000364 88               [ 1]  671 	push	a
      000365 7B 0C            [ 1]  672 	ld	a, (0x0c, sp)
      000367 88               [ 1]  673 	push	a
      000368 1E 0F            [ 2]  674 	ldw	x, (0x0f, sp)
      00036A 89               [ 2]  675 	pushw	x
      00036B 4Br00            [ 1]  676 	push	#<(___str_0+0)
      00036D 4Bs00            [ 1]  677 	push	#((___str_0+0) >> 8)
      00036F CDr00r00         [ 4]  678 	call	_printf
                                    679 ;	main.c: 167: }
      000372 5B 14            [ 2]  680 	addw	sp, #20
      000374 81               [ 4]  681 	ret
                                    682 ;	main.c: 170: void main(void){
                                    683 ;	-----------------------------------------
                                    684 ;	 function main
                                    685 ;	-----------------------------------------
      000375                        686 _main:
      000375 52 04            [ 2]  687 	sub	sp, #4
                                    688 ;	main.c: 171: uart_init(); gpio_init(); spi_init();
      000377 CDr00r00         [ 4]  689 	call	_uart_init
      00037A CDr00r7A         [ 4]  690 	call	_gpio_init
      00037D CDr00rA7         [ 4]  691 	call	_spi_init
                                    692 ;	main.c: 172: printf("\r\n[STM8S] CC1101 TX test @868 MHz  (SWAP=%d)\r\n", SWAP_MOSI_MISO);
      000380 5F               [ 1]  693 	clrw	x
      000381 89               [ 2]  694 	pushw	x
      000382 4Br35            [ 1]  695 	push	#<(___str_1+0)
      000384 4Bs00            [ 1]  696 	push	#((___str_1+0) >> 8)
      000386 CDr00r00         [ 4]  697 	call	_printf
      000389 5B 04            [ 2]  698 	addw	sp, #4
                                    699 ;	main.c: 175: delay_ms(20);
      00038B AE 00 14         [ 2]  700 	ldw	x, #0x0014
      00038E CDr00r42         [ 4]  701 	call	_delay_ms
                                    702 ;	main.c: 178: dump_once("BEFORE");
      000391 AEr00r64         [ 2]  703 	ldw	x, #(___str_2+0)
      000394 CDr03r29         [ 4]  704 	call	_dump_once
                                    705 ;	main.c: 180: cc_reset();
      000397 CDr01r73         [ 4]  706 	call	_cc_reset
                                    707 ;	main.c: 181: dump_once("AFTER_RST");
      00039A AEr00r6B         [ 2]  708 	ldw	x, #(___str_3+0)
      00039D CDr03r29         [ 4]  709 	call	_dump_once
                                    710 ;	main.c: 183: cc_config_868();
      0003A0 CDr01rB2         [ 4]  711 	call	_cc_config_868
                                    712 ;	main.c: 184: dump_once("AFTER_CFG");
      0003A3 AEr00r75         [ 2]  713 	ldw	x, #(___str_4+0)
      0003A6 CDr03r29         [ 4]  714 	call	_dump_once
      0003A9                        715 00102$:
                                    716 ;	main.c: 187: uint8_t pkt[4] = {0x01,0x00,0xEA,0xEB};
      0003A9 A6 01            [ 1]  717 	ld	a, #0x01
      0003AB 6B 01            [ 1]  718 	ld	(0x01, sp), a
      0003AD 0F 02            [ 1]  719 	clr	(0x02, sp)
      0003AF A6 EA            [ 1]  720 	ld	a, #0xea
      0003B1 6B 03            [ 1]  721 	ld	(0x03, sp), a
      0003B3 A6 EB            [ 1]  722 	ld	a, #0xeb
      0003B5 6B 04            [ 1]  723 	ld	(0x04, sp), a
                                    724 ;	main.c: 188: uint8_t ok = cc_send_packet(pkt, sizeof(pkt));
      0003B7 A6 04            [ 1]  725 	ld	a, #0x04
      0003B9 96               [ 1]  726 	ldw	x, sp
      0003BA 5C               [ 1]  727 	incw	x
      0003BB CDr02r83         [ 4]  728 	call	_cc_send_packet
                                    729 ;	main.c: 189: dump_once(ok?"TX_OK":"TX_TO");
      0003BE 4D               [ 1]  730 	tnz	a
      0003BF 27 04            [ 1]  731 	jreq	00106$
      0003C1 AEr00r7F         [ 2]  732 	ldw	x, #___str_5+0
      0003C4 BC                     733 	.byte 0xbc
      0003C5                        734 00106$:
      0003C5 AEr00r85         [ 2]  735 	ldw	x, #(___str_6+0)
      0003C8                        736 00107$:
      0003C8 CDr03r29         [ 4]  737 	call	_dump_once
                                    738 ;	main.c: 190: delay_ms(1500);
      0003CB AE 05 DC         [ 2]  739 	ldw	x, #0x05dc
      0003CE CDr00r42         [ 4]  740 	call	_delay_ms
      0003D1 20 D6            [ 2]  741 	jra	00102$
                                    742 ;	main.c: 192: }
      0003D3 5B 04            [ 2]  743 	addw	sp, #4
      0003D5 81               [ 4]  744 	ret
                                    745 	.area CODE
                                    746 	.area CONST
                                    747 	.area CONST
      000000                        748 ___str_0:
      000000 5B 25 73 5D 20 50 41   749 	.ascii "[%s] PART=0x%02X VER=0x%02X MARC=0x%02X  (MISO=%d)"
             52 54 3D 30 78 25 30
             32 58 20 56 45 52 3D
             30 78 25 30 32 58 20
             4D 41 52 43 3D 30 78
             25 30 32 58 20 20 28
             4D 49 53 4F 3D 25 64
             29
      000032 0D                     750 	.db 0x0d
      000033 0A                     751 	.db 0x0a
      000034 00                     752 	.db 0x00
                                    753 	.area CODE
                                    754 	.area CONST
      000035                        755 ___str_1:
      000035 0D                     756 	.db 0x0d
      000036 0A                     757 	.db 0x0a
      000037 5B 53 54 4D 38 53 5D   758 	.ascii "[STM8S] CC1101 TX test @868 MHz  (SWAP=%d)"
             20 43 43 31 31 30 31
             20 54 58 20 74 65 73
             74 20 40 38 36 38 20
             4D 48 7A 20 20 28 53
             57 41 50 3D 25 64 29
      000061 0D                     759 	.db 0x0d
      000062 0A                     760 	.db 0x0a
      000063 00                     761 	.db 0x00
                                    762 	.area CODE
                                    763 	.area CONST
      000064                        764 ___str_2:
      000064 42 45 46 4F 52 45      765 	.ascii "BEFORE"
      00006A 00                     766 	.db 0x00
                                    767 	.area CODE
                                    768 	.area CONST
      00006B                        769 ___str_3:
      00006B 41 46 54 45 52 5F 52   770 	.ascii "AFTER_RST"
             53 54
      000074 00                     771 	.db 0x00
                                    772 	.area CODE
                                    773 	.area CONST
      000075                        774 ___str_4:
      000075 41 46 54 45 52 5F 43   775 	.ascii "AFTER_CFG"
             46 47
      00007E 00                     776 	.db 0x00
                                    777 	.area CODE
                                    778 	.area CONST
      00007F                        779 ___str_5:
      00007F 54 58 5F 4F 4B         780 	.ascii "TX_OK"
      000084 00                     781 	.db 0x00
                                    782 	.area CODE
                                    783 	.area CONST
      000085                        784 ___str_6:
      000085 54 58 5F 54 4F         785 	.ascii "TX_TO"
      00008A 00                     786 	.db 0x00
                                    787 	.area CODE
                                    788 	.area INITIALIZER
                                    789 	.area CABS (ABS)
