                                      1 ;--------------------------------------------------------
                                      2 ; File Created by SDCC : free open source ANSI-C Compiler
                                      3 ; Version 4.2.0 #13081 (Linux)
                                      4 ;--------------------------------------------------------
                                      5 	.module main
                                      6 	.optsdcc -mstm8
                                      7 	
                                      8 ;--------------------------------------------------------
                                      9 ; Public variables in this module
                                     10 ;--------------------------------------------------------
                                     11 	.globl _main
                                     12 	.globl _puts
                                     13 	.globl _printf
                                     14 	.globl _putchar
                                     15 ;--------------------------------------------------------
                                     16 ; ram data
                                     17 ;--------------------------------------------------------
                                     18 	.area DATA
                                     19 ;--------------------------------------------------------
                                     20 ; ram data
                                     21 ;--------------------------------------------------------
                                     22 	.area INITIALIZED
                                     23 ;--------------------------------------------------------
                                     24 ; Stack segment in internal ram
                                     25 ;--------------------------------------------------------
                                     26 	.area	SSEG
      000000                         27 __start__stack:
      000000                         28 	.ds	1
                                     29 
                                     30 ;--------------------------------------------------------
                                     31 ; absolute external ram data
                                     32 ;--------------------------------------------------------
                                     33 	.area DABS (ABS)
                                     34 
                                     35 ; default segment ordering for linker
                                     36 	.area HOME
                                     37 	.area GSINIT
                                     38 	.area GSFINAL
                                     39 	.area CONST
                                     40 	.area INITIALIZER
                                     41 	.area CODE
                                     42 
                                     43 ;--------------------------------------------------------
                                     44 ; interrupt vector
                                     45 ;--------------------------------------------------------
                                     46 	.area HOME
      000000                         47 __interrupt_vect:
      000000 82v00u00u00             48 	int s_GSINIT ; reset
                                     49 ;--------------------------------------------------------
                                     50 ; global & static initialisations
                                     51 ;--------------------------------------------------------
                                     52 	.area HOME
                                     53 	.area GSINIT
                                     54 	.area GSFINAL
                                     55 	.area GSINIT
      000000                         56 __sdcc_init_data:
                                     57 ; stm8_genXINIT() start
      000000 AEr00r00         [ 2]   58 	ldw x, #l_DATA
      000003 27 07            [ 1]   59 	jreq	00002$
      000005                         60 00001$:
      000005 72 4FuFFuFF      [ 1]   61 	clr (s_DATA - 1, x)
      000009 5A               [ 2]   62 	decw x
      00000A 26 F9            [ 1]   63 	jrne	00001$
      00000C                         64 00002$:
      00000C AEr00r00         [ 2]   65 	ldw	x, #l_INITIALIZER
      00000F 27 09            [ 1]   66 	jreq	00004$
      000011                         67 00003$:
      000011 D6uFFuFF         [ 1]   68 	ld	a, (s_INITIALIZER - 1, x)
      000014 D7uFFuFF         [ 1]   69 	ld	(s_INITIALIZED - 1, x), a
      000017 5A               [ 2]   70 	decw	x
      000018 26 F7            [ 1]   71 	jrne	00003$
      00001A                         72 00004$:
                                     73 ; stm8_genXINIT() end
                                     74 	.area GSFINAL
      000000 CCr00r04         [ 2]   75 	jp	__sdcc_program_startup
                                     76 ;--------------------------------------------------------
                                     77 ; Home
                                     78 ;--------------------------------------------------------
                                     79 	.area HOME
                                     80 	.area HOME
      000004                         81 __sdcc_program_startup:
      000004 CCr06r8E         [ 2]   82 	jp	_main
                                     83 ;	return from main will return to caller
                                     84 ;--------------------------------------------------------
                                     85 ; code
                                     86 ;--------------------------------------------------------
                                     87 	.area CODE
                                     88 ;	main.c: 19: static inline void uart_config(void) {
                                     89 ;	-----------------------------------------
                                     90 ;	 function uart_config
                                     91 ;	-----------------------------------------
      000000                         92 _uart_config:
                                     93 ;	main.c: 20: CLK_CKDIVR = 0x00; // 16 MHz
      000000 35 00 50 C6      [ 1]   94 	mov	0x50c6+0, #0x00
                                     95 ;	main.c: 22: UART1_BRR1 = (usartdiv >> 4) & 0xFF;
      000004 A6 68            [ 1]   96 	ld	a, #0x68
      000006 C7 52 32         [ 1]   97 	ld	0x5232, a
                                     98 ;	main.c: 23: UART1_BRR2 = ((usartdiv & 0x0F) | ((usartdiv >> 8) & 0xF0));
      000009 A6 83            [ 1]   99 	ld	a, #0x83
      00000B A4 0F            [ 1]  100 	and	a, #0x0f
      00000D C7 52 33         [ 1]  101 	ld	0x5233, a
                                    102 ;	main.c: 24: UART1_CR1 = 0x00;
      000010 35 00 52 34      [ 1]  103 	mov	0x5234+0, #0x00
                                    104 ;	main.c: 25: UART1_CR3 = 0x00;
      000014 35 00 52 36      [ 1]  105 	mov	0x5236+0, #0x00
                                    106 ;	main.c: 26: UART1_CR2 = (1<<UART1_CR2_TEN) | (1<<UART1_CR2_REN);
      000018 35 0C 52 35      [ 1]  107 	mov	0x5235+0, #0x0c
                                    108 ;	main.c: 27: (void)UART1_SR; (void)UART1_DR;
      00001C C6 52 30         [ 1]  109 	ld	a, 0x5230
      00001F C6 52 31         [ 1]  110 	ld	a, 0x5231
                                    111 ;	main.c: 28: }
      000022 81               [ 4]  112 	ret
                                    113 ;	main.c: 29: static inline void uart_write(uint8_t b){ UART1_DR=b; while(!(UART1_SR&(1<<UART1_SR_TC))); }
                                    114 ;	-----------------------------------------
                                    115 ;	 function uart_write
                                    116 ;	-----------------------------------------
      000023                        117 _uart_write:
      000023 C7 52 31         [ 1]  118 	ld	0x5231, a
      000026                        119 00101$:
      000026 72 0D 52 30 FB   [ 2]  120 	btjf	0x5230, #6, 00101$
      00002B 81               [ 4]  121 	ret
                                    122 ;	main.c: 30: int putchar(int c){ uart_write((uint8_t)c); return 0; }
                                    123 ;	-----------------------------------------
                                    124 ;	 function putchar
                                    125 ;	-----------------------------------------
      00002C                        126 _putchar:
      00002C 9F               [ 1]  127 	ld	a, xl
                                    128 ;	main.c: 29: static inline void uart_write(uint8_t b){ UART1_DR=b; while(!(UART1_SR&(1<<UART1_SR_TC))); }
      00002D C7 52 31         [ 1]  129 	ld	0x5231, a
      000030                        130 00101$:
      000030 72 0D 52 30 FB   [ 2]  131 	btjf	0x5230, #6, 00101$
                                    132 ;	main.c: 30: int putchar(int c){ uart_write((uint8_t)c); return 0; }
      000035 5F               [ 1]  133 	clrw	x
      000036 81               [ 4]  134 	ret
                                    135 ;	main.c: 32: static inline void delay_cycles(volatile uint16_t n){ while(n--){ __asm__("nop"); } }
                                    136 ;	-----------------------------------------
                                    137 ;	 function delay_cycles
                                    138 ;	-----------------------------------------
      000037                        139 _delay_cycles:
      000037 52 02            [ 2]  140 	sub	sp, #2
      000039 1F 01            [ 2]  141 	ldw	(0x01, sp), x
      00003B                        142 00101$:
      00003B 16 01            [ 2]  143 	ldw	y, (0x01, sp)
      00003D 93               [ 1]  144 	ldw	x, y
      00003E 5A               [ 2]  145 	decw	x
      00003F 1F 01            [ 2]  146 	ldw	(0x01, sp), x
      000041 90 5D            [ 2]  147 	tnzw	y
      000043 27 03            [ 1]  148 	jreq	00104$
      000045 9D               [ 1]  149 	nop
      000046 20 F3            [ 2]  150 	jra	00101$
      000048                        151 00104$:
      000048 5B 02            [ 2]  152 	addw	sp, #2
      00004A 81               [ 4]  153 	ret
                                    154 ;	main.c: 33: static inline void delay_ms(uint16_t ms){
                                    155 ;	-----------------------------------------
                                    156 ;	 function delay_ms
                                    157 ;	-----------------------------------------
      00004B                        158 _delay_ms:
      00004B 52 0A            [ 2]  159 	sub	sp, #10
      00004D 1F 05            [ 2]  160 	ldw	(0x05, sp), x
                                    161 ;	main.c: 34: uint32_t i; for(i=0;i<((F_CPU/18000UL)*ms);i++) __asm__("nop");
      00004F 5F               [ 1]  162 	clrw	x
      000050 1F 09            [ 2]  163 	ldw	(0x09, sp), x
      000052 1F 07            [ 2]  164 	ldw	(0x07, sp), x
      000054                        165 00103$:
      000054 1E 05            [ 2]  166 	ldw	x, (0x05, sp)
      000056 89               [ 2]  167 	pushw	x
      000057 AE 03 78         [ 2]  168 	ldw	x, #0x0378
      00005A CDr00r00         [ 4]  169 	call	___muluint2ulong
      00005D 5B 02            [ 2]  170 	addw	sp, #2
      00005F 1F 03            [ 2]  171 	ldw	(0x03, sp), x
      000061 17 01            [ 2]  172 	ldw	(0x01, sp), y
      000063 1E 09            [ 2]  173 	ldw	x, (0x09, sp)
      000065 13 03            [ 2]  174 	cpw	x, (0x03, sp)
      000067 7B 08            [ 1]  175 	ld	a, (0x08, sp)
      000069 12 02            [ 1]  176 	sbc	a, (0x02, sp)
      00006B 7B 07            [ 1]  177 	ld	a, (0x07, sp)
      00006D 12 01            [ 1]  178 	sbc	a, (0x01, sp)
      00006F 24 0F            [ 1]  179 	jrnc	00105$
      000071 9D               [ 1]  180 	nop
      000072 1E 09            [ 2]  181 	ldw	x, (0x09, sp)
      000074 5C               [ 1]  182 	incw	x
      000075 1F 09            [ 2]  183 	ldw	(0x09, sp), x
      000077 26 DB            [ 1]  184 	jrne	00103$
      000079 1E 07            [ 2]  185 	ldw	x, (0x07, sp)
      00007B 5C               [ 1]  186 	incw	x
      00007C 1F 07            [ 2]  187 	ldw	(0x07, sp), x
      00007E 20 D4            [ 2]  188 	jra	00103$
      000080                        189 00105$:
                                    190 ;	main.c: 35: }
      000080 5B 0A            [ 2]  191 	addw	sp, #10
      000082 81               [ 4]  192 	ret
                                    193 ;	main.c: 85: static void gpio_init_spi(void){
                                    194 ;	-----------------------------------------
                                    195 ;	 function gpio_init_spi
                                    196 ;	-----------------------------------------
      000083                        197 _gpio_init_spi:
                                    198 ;	main.c: 87: PC_DDR |= (1<<5)|(1<<6); PC_CR1 |= (1<<5)|(1<<6);
      000083 C6 50 0C         [ 1]  199 	ld	a, 0x500c
      000086 AA 60            [ 1]  200 	or	a, #0x60
      000088 C7 50 0C         [ 1]  201 	ld	0x500c, a
      00008B C6 50 0D         [ 1]  202 	ld	a, 0x500d
      00008E AA 60            [ 1]  203 	or	a, #0x60
      000090 C7 50 0D         [ 1]  204 	ld	0x500d, a
                                    205 ;	main.c: 89: PC_DDR &= (uint8_t)~(1<<7); PC_CR1 &= (uint8_t)~(1<<7);
      000093 72 1F 50 0C      [ 1]  206 	bres	0x500c, #7
      000097 72 1F 50 0D      [ 1]  207 	bres	0x500d, #7
                                    208 ;	main.c: 91: PD_DDR |= (1<<2); PD_CR1 |= (1<<2); CSN_HIGH();
      00009B 72 14 50 11      [ 1]  209 	bset	0x5011, #2
      00009F 72 14 50 12      [ 1]  210 	bset	0x5012, #2
      0000A3 72 14 50 0F      [ 1]  211 	bset	0x500f, #2
                                    212 ;	main.c: 93: PD_DDR |= (1<<4); PD_CR1 |= (1<<4); CE_LOW();
      0000A7 72 18 50 11      [ 1]  213 	bset	0x5011, #4
      0000AB 72 18 50 12      [ 1]  214 	bset	0x5012, #4
      0000AF 72 19 50 0F      [ 1]  215 	bres	0x500f, #4
                                    216 ;	main.c: 94: }
      0000B3 81               [ 4]  217 	ret
                                    218 ;	main.c: 97: static void spi_init(void){
                                    219 ;	-----------------------------------------
                                    220 ;	 function spi_init
                                    221 ;	-----------------------------------------
      0000B4                        222 _spi_init:
                                    223 ;	main.c: 98: SPI_CR1 = BIT(SPI_CR1_MSTR) | BIT(SPI_CR1_BR2);   /* /64 */
      0000B4 35 24 52 00      [ 1]  224 	mov	0x5200+0, #0x24
                                    225 ;	main.c: 99: SPI_CR2 = BIT(SPI_CR2_SSM)  | BIT(SPI_CR2_SSI);
      0000B8 35 03 52 01      [ 1]  226 	mov	0x5201+0, #0x03
                                    227 ;	main.c: 100: SPI_CR1 |= BIT(SPI_CR1_SPE);
      0000BC 72 1C 52 00      [ 1]  228 	bset	0x5200, #6
                                    229 ;	main.c: 101: }
      0000C0 81               [ 4]  230 	ret
                                    231 ;	main.c: 102: static uint8_t spi_txrx(uint8_t v){
                                    232 ;	-----------------------------------------
                                    233 ;	 function spi_txrx
                                    234 ;	-----------------------------------------
      0000C1                        235 _spi_txrx:
                                    236 ;	main.c: 103: SPI_DR = v;
      0000C1 C7 52 04         [ 1]  237 	ld	0x5204, a
                                    238 ;	main.c: 104: while(!(SPI_SR & BIT(SPI_SR_TXE)));
      0000C4                        239 00101$:
      0000C4 72 03 52 03 FB   [ 2]  240 	btjf	0x5203, #1, 00101$
                                    241 ;	main.c: 105: while(!(SPI_SR & BIT(SPI_SR_RXNE)));
      0000C9                        242 00104$:
      0000C9 72 01 52 03 FB   [ 2]  243 	btjf	0x5203, #0, 00104$
                                    244 ;	main.c: 106: return SPI_DR;
      0000CE C6 52 04         [ 1]  245 	ld	a, 0x5204
                                    246 ;	main.c: 107: }
      0000D1 81               [ 4]  247 	ret
                                    248 ;	main.c: 108: static void spi_wait_idle(void){ while(SPI_SR & BIT(SPI_SR_BSY)); }
                                    249 ;	-----------------------------------------
                                    250 ;	 function spi_wait_idle
                                    251 ;	-----------------------------------------
      0000D2                        252 _spi_wait_idle:
      0000D2                        253 00101$:
      0000D2 C6 52 03         [ 1]  254 	ld	a, 0x5203
      0000D5 2B FB            [ 1]  255 	jrmi	00101$
      0000D7 81               [ 4]  256 	ret
                                    257 ;	main.c: 111: static uint8_t nrf_read_reg(uint8_t reg){
                                    258 ;	-----------------------------------------
                                    259 ;	 function nrf_read_reg
                                    260 ;	-----------------------------------------
      0000D8                        261 _nrf_read_reg:
      0000D8 52 04            [ 2]  262 	sub	sp, #4
      0000DA 6B 04            [ 1]  263 	ld	(0x04, sp), a
                                    264 ;	main.c: 113: CSN_LOW(); delay_cycles(50);
      0000DC C6 50 0F         [ 1]  265 	ld	a, 0x500f
      0000DF A4 FB            [ 1]  266 	and	a, #0xfb
      0000E1 C7 50 0F         [ 1]  267 	ld	0x500f, a
      0000E4 AE 00 32         [ 2]  268 	ldw	x, #0x0032
      0000E7 1F 01            [ 2]  269 	ldw	(0x01, sp), x
                                    270 ;	main.c: 32: static inline void delay_cycles(volatile uint16_t n){ while(n--){ __asm__("nop"); } }
      0000E9                        271 00101$:
      0000E9 16 01            [ 2]  272 	ldw	y, (0x01, sp)
      0000EB 93               [ 1]  273 	ldw	x, y
      0000EC 5A               [ 2]  274 	decw	x
      0000ED 1F 01            [ 2]  275 	ldw	(0x01, sp), x
      0000EF 90 5D            [ 2]  276 	tnzw	y
      0000F1 27 03            [ 1]  277 	jreq	00104$
      0000F3 9D               [ 1]  278 	nop
      0000F4 20 F3            [ 2]  279 	jra	00101$
                                    280 ;	main.c: 113: CSN_LOW(); delay_cycles(50);
      0000F6                        281 00104$:
                                    282 ;	main.c: 114: (void)spi_txrx(NRF_R_REGISTER | (reg & 0x1F));
      0000F6 7B 04            [ 1]  283 	ld	a, (0x04, sp)
      0000F8 A4 1F            [ 1]  284 	and	a, #0x1f
      0000FA CDr00rC1         [ 4]  285 	call	_spi_txrx
                                    286 ;	main.c: 115: v = spi_txrx(0xFF);
      0000FD A6 FF            [ 1]  287 	ld	a, #0xff
      0000FF CDr00rC1         [ 4]  288 	call	_spi_txrx
      000102 6B 03            [ 1]  289 	ld	(0x03, sp), a
                                    290 ;	main.c: 116: spi_wait_idle(); delay_cycles(50);
      000104 CDr00rD2         [ 4]  291 	call	_spi_wait_idle
      000107 AE 00 32         [ 2]  292 	ldw	x, #0x0032
      00010A 1F 01            [ 2]  293 	ldw	(0x01, sp), x
                                    294 ;	main.c: 32: static inline void delay_cycles(volatile uint16_t n){ while(n--){ __asm__("nop"); } }
      00010C                        295 00105$:
      00010C 16 01            [ 2]  296 	ldw	y, (0x01, sp)
      00010E 93               [ 1]  297 	ldw	x, y
      00010F 5A               [ 2]  298 	decw	x
      000110 1F 01            [ 2]  299 	ldw	(0x01, sp), x
      000112 90 5D            [ 2]  300 	tnzw	y
      000114 27 03            [ 1]  301 	jreq	00108$
      000116 9D               [ 1]  302 	nop
      000117 20 F3            [ 2]  303 	jra	00105$
                                    304 ;	main.c: 116: spi_wait_idle(); delay_cycles(50);
      000119                        305 00108$:
                                    306 ;	main.c: 117: CSN_HIGH();
      000119 72 14 50 0F      [ 1]  307 	bset	0x500f, #2
                                    308 ;	main.c: 118: return v;
      00011D 7B 03            [ 1]  309 	ld	a, (0x03, sp)
                                    310 ;	main.c: 119: }
      00011F 5B 04            [ 2]  311 	addw	sp, #4
      000121 81               [ 4]  312 	ret
                                    313 ;	main.c: 120: static void nrf_write_reg(uint8_t reg, uint8_t val){
                                    314 ;	-----------------------------------------
                                    315 ;	 function nrf_write_reg
                                    316 ;	-----------------------------------------
      000122                        317 _nrf_write_reg:
      000122 52 03            [ 2]  318 	sub	sp, #3
      000124 6B 03            [ 1]  319 	ld	(0x03, sp), a
                                    320 ;	main.c: 121: CSN_LOW(); delay_cycles(50);
      000126 C6 50 0F         [ 1]  321 	ld	a, 0x500f
      000129 A4 FB            [ 1]  322 	and	a, #0xfb
      00012B C7 50 0F         [ 1]  323 	ld	0x500f, a
      00012E AE 00 32         [ 2]  324 	ldw	x, #0x0032
      000131 1F 01            [ 2]  325 	ldw	(0x01, sp), x
                                    326 ;	main.c: 32: static inline void delay_cycles(volatile uint16_t n){ while(n--){ __asm__("nop"); } }
      000133                        327 00101$:
      000133 16 01            [ 2]  328 	ldw	y, (0x01, sp)
      000135 93               [ 1]  329 	ldw	x, y
      000136 5A               [ 2]  330 	decw	x
      000137 1F 01            [ 2]  331 	ldw	(0x01, sp), x
      000139 90 5D            [ 2]  332 	tnzw	y
      00013B 27 03            [ 1]  333 	jreq	00104$
      00013D 9D               [ 1]  334 	nop
      00013E 20 F3            [ 2]  335 	jra	00101$
                                    336 ;	main.c: 121: CSN_LOW(); delay_cycles(50);
      000140                        337 00104$:
                                    338 ;	main.c: 122: (void)spi_txrx(NRF_W_REGISTER | (reg & 0x1F));
      000140 7B 03            [ 1]  339 	ld	a, (0x03, sp)
      000142 A4 1F            [ 1]  340 	and	a, #0x1f
      000144 AA 20            [ 1]  341 	or	a, #0x20
      000146 CDr00rC1         [ 4]  342 	call	_spi_txrx
                                    343 ;	main.c: 123: (void)spi_txrx(val);
      000149 7B 06            [ 1]  344 	ld	a, (0x06, sp)
      00014B CDr00rC1         [ 4]  345 	call	_spi_txrx
                                    346 ;	main.c: 124: spi_wait_idle(); delay_cycles(50);
      00014E CDr00rD2         [ 4]  347 	call	_spi_wait_idle
      000151 AE 00 32         [ 2]  348 	ldw	x, #0x0032
      000154 1F 01            [ 2]  349 	ldw	(0x01, sp), x
                                    350 ;	main.c: 32: static inline void delay_cycles(volatile uint16_t n){ while(n--){ __asm__("nop"); } }
      000156                        351 00105$:
      000156 16 01            [ 2]  352 	ldw	y, (0x01, sp)
      000158 93               [ 1]  353 	ldw	x, y
      000159 5A               [ 2]  354 	decw	x
      00015A 1F 01            [ 2]  355 	ldw	(0x01, sp), x
      00015C 90 5D            [ 2]  356 	tnzw	y
      00015E 27 03            [ 1]  357 	jreq	00108$
      000160 9D               [ 1]  358 	nop
      000161 20 F3            [ 2]  359 	jra	00105$
                                    360 ;	main.c: 124: spi_wait_idle(); delay_cycles(50);
      000163                        361 00108$:
                                    362 ;	main.c: 125: CSN_HIGH();
      000163 72 14 50 0F      [ 1]  363 	bset	0x500f, #2
                                    364 ;	main.c: 126: }
      000167 5B 03            [ 2]  365 	addw	sp, #3
      000169 85               [ 2]  366 	popw	x
      00016A 84               [ 1]  367 	pop	a
      00016B FC               [ 2]  368 	jp	(x)
                                    369 ;	main.c: 127: static void nrf_read_reg_n(uint8_t reg, uint8_t *buf, uint8_t len){
                                    370 ;	-----------------------------------------
                                    371 ;	 function nrf_read_reg_n
                                    372 ;	-----------------------------------------
      00016C                        373 _nrf_read_reg_n:
      00016C 52 06            [ 2]  374 	sub	sp, #6
      00016E 6B 05            [ 1]  375 	ld	(0x05, sp), a
      000170 1F 03            [ 2]  376 	ldw	(0x03, sp), x
                                    377 ;	main.c: 128: CSN_LOW(); delay_cycles(50);
      000172 C6 50 0F         [ 1]  378 	ld	a, 0x500f
      000175 A4 FB            [ 1]  379 	and	a, #0xfb
      000177 C7 50 0F         [ 1]  380 	ld	0x500f, a
      00017A AE 00 32         [ 2]  381 	ldw	x, #0x0032
      00017D 1F 01            [ 2]  382 	ldw	(0x01, sp), x
                                    383 ;	main.c: 32: static inline void delay_cycles(volatile uint16_t n){ while(n--){ __asm__("nop"); } }
      00017F                        384 00102$:
      00017F 16 01            [ 2]  385 	ldw	y, (0x01, sp)
      000181 93               [ 1]  386 	ldw	x, y
      000182 5A               [ 2]  387 	decw	x
      000183 1F 01            [ 2]  388 	ldw	(0x01, sp), x
      000185 90 5D            [ 2]  389 	tnzw	y
      000187 27 03            [ 1]  390 	jreq	00105$
      000189 9D               [ 1]  391 	nop
      00018A 20 F3            [ 2]  392 	jra	00102$
                                    393 ;	main.c: 128: CSN_LOW(); delay_cycles(50);
      00018C                        394 00105$:
                                    395 ;	main.c: 129: (void)spi_txrx(NRF_R_REGISTER | (reg & 0x1F));
      00018C 7B 05            [ 1]  396 	ld	a, (0x05, sp)
      00018E A4 1F            [ 1]  397 	and	a, #0x1f
      000190 CDr00rC1         [ 4]  398 	call	_spi_txrx
                                    399 ;	main.c: 130: for(uint8_t i=0;i<len;i++) buf[i] = spi_txrx(0xFF);
      000193 0F 06            [ 1]  400 	clr	(0x06, sp)
      000195                        401 00111$:
      000195 7B 06            [ 1]  402 	ld	a, (0x06, sp)
      000197 11 09            [ 1]  403 	cp	a, (0x09, sp)
      000199 24 13            [ 1]  404 	jrnc	00101$
      00019B 5F               [ 1]  405 	clrw	x
      00019C 7B 06            [ 1]  406 	ld	a, (0x06, sp)
      00019E 97               [ 1]  407 	ld	xl, a
      00019F 72 FB 03         [ 2]  408 	addw	x, (0x03, sp)
      0001A2 89               [ 2]  409 	pushw	x
      0001A3 A6 FF            [ 1]  410 	ld	a, #0xff
      0001A5 CDr00rC1         [ 4]  411 	call	_spi_txrx
      0001A8 85               [ 2]  412 	popw	x
      0001A9 F7               [ 1]  413 	ld	(x), a
      0001AA 0C 06            [ 1]  414 	inc	(0x06, sp)
      0001AC 20 E7            [ 2]  415 	jra	00111$
      0001AE                        416 00101$:
                                    417 ;	main.c: 131: spi_wait_idle(); delay_cycles(50);
      0001AE CDr00rD2         [ 4]  418 	call	_spi_wait_idle
      0001B1 AE 00 32         [ 2]  419 	ldw	x, #0x0032
      0001B4 1F 01            [ 2]  420 	ldw	(0x01, sp), x
                                    421 ;	main.c: 32: static inline void delay_cycles(volatile uint16_t n){ while(n--){ __asm__("nop"); } }
      0001B6                        422 00106$:
      0001B6 16 01            [ 2]  423 	ldw	y, (0x01, sp)
      0001B8 93               [ 1]  424 	ldw	x, y
      0001B9 5A               [ 2]  425 	decw	x
      0001BA 1F 01            [ 2]  426 	ldw	(0x01, sp), x
      0001BC 90 5D            [ 2]  427 	tnzw	y
      0001BE 27 03            [ 1]  428 	jreq	00109$
      0001C0 9D               [ 1]  429 	nop
      0001C1 20 F3            [ 2]  430 	jra	00106$
                                    431 ;	main.c: 131: spi_wait_idle(); delay_cycles(50);
      0001C3                        432 00109$:
                                    433 ;	main.c: 132: CSN_HIGH();
      0001C3 72 14 50 0F      [ 1]  434 	bset	0x500f, #2
                                    435 ;	main.c: 133: }
      0001C7 5B 06            [ 2]  436 	addw	sp, #6
      0001C9 85               [ 2]  437 	popw	x
      0001CA 84               [ 1]  438 	pop	a
      0001CB FC               [ 2]  439 	jp	(x)
                                    440 ;	main.c: 134: static void nrf_write_reg_n(uint8_t reg, const uint8_t *buf, uint8_t len){
                                    441 ;	-----------------------------------------
                                    442 ;	 function nrf_write_reg_n
                                    443 ;	-----------------------------------------
      0001CC                        444 _nrf_write_reg_n:
      0001CC 52 06            [ 2]  445 	sub	sp, #6
      0001CE 6B 05            [ 1]  446 	ld	(0x05, sp), a
      0001D0 1F 03            [ 2]  447 	ldw	(0x03, sp), x
                                    448 ;	main.c: 135: CSN_LOW(); delay_cycles(50);
      0001D2 C6 50 0F         [ 1]  449 	ld	a, 0x500f
      0001D5 A4 FB            [ 1]  450 	and	a, #0xfb
      0001D7 C7 50 0F         [ 1]  451 	ld	0x500f, a
      0001DA AE 00 32         [ 2]  452 	ldw	x, #0x0032
      0001DD 1F 01            [ 2]  453 	ldw	(0x01, sp), x
                                    454 ;	main.c: 32: static inline void delay_cycles(volatile uint16_t n){ while(n--){ __asm__("nop"); } }
      0001DF                        455 00102$:
      0001DF 16 01            [ 2]  456 	ldw	y, (0x01, sp)
      0001E1 93               [ 1]  457 	ldw	x, y
      0001E2 5A               [ 2]  458 	decw	x
      0001E3 1F 01            [ 2]  459 	ldw	(0x01, sp), x
      0001E5 90 5D            [ 2]  460 	tnzw	y
      0001E7 27 03            [ 1]  461 	jreq	00105$
      0001E9 9D               [ 1]  462 	nop
      0001EA 20 F3            [ 2]  463 	jra	00102$
                                    464 ;	main.c: 135: CSN_LOW(); delay_cycles(50);
      0001EC                        465 00105$:
                                    466 ;	main.c: 136: (void)spi_txrx(NRF_W_REGISTER | (reg & 0x1F));
      0001EC 7B 05            [ 1]  467 	ld	a, (0x05, sp)
      0001EE A4 1F            [ 1]  468 	and	a, #0x1f
      0001F0 AA 20            [ 1]  469 	or	a, #0x20
      0001F2 CDr00rC1         [ 4]  470 	call	_spi_txrx
                                    471 ;	main.c: 137: for(uint8_t i=0;i<len;i++) (void)spi_txrx(buf[i]);
      0001F5 0F 06            [ 1]  472 	clr	(0x06, sp)
      0001F7                        473 00111$:
      0001F7 7B 06            [ 1]  474 	ld	a, (0x06, sp)
      0001F9 11 09            [ 1]  475 	cp	a, (0x09, sp)
      0001FB 24 0F            [ 1]  476 	jrnc	00101$
      0001FD 5F               [ 1]  477 	clrw	x
      0001FE 7B 06            [ 1]  478 	ld	a, (0x06, sp)
      000200 97               [ 1]  479 	ld	xl, a
      000201 72 FB 03         [ 2]  480 	addw	x, (0x03, sp)
      000204 F6               [ 1]  481 	ld	a, (x)
      000205 CDr00rC1         [ 4]  482 	call	_spi_txrx
      000208 0C 06            [ 1]  483 	inc	(0x06, sp)
      00020A 20 EB            [ 2]  484 	jra	00111$
      00020C                        485 00101$:
                                    486 ;	main.c: 138: spi_wait_idle(); delay_cycles(50);
      00020C CDr00rD2         [ 4]  487 	call	_spi_wait_idle
      00020F AE 00 32         [ 2]  488 	ldw	x, #0x0032
      000212 1F 01            [ 2]  489 	ldw	(0x01, sp), x
                                    490 ;	main.c: 32: static inline void delay_cycles(volatile uint16_t n){ while(n--){ __asm__("nop"); } }
      000214                        491 00106$:
      000214 16 01            [ 2]  492 	ldw	y, (0x01, sp)
      000216 93               [ 1]  493 	ldw	x, y
      000217 5A               [ 2]  494 	decw	x
      000218 1F 01            [ 2]  495 	ldw	(0x01, sp), x
      00021A 90 5D            [ 2]  496 	tnzw	y
      00021C 27 03            [ 1]  497 	jreq	00109$
      00021E 9D               [ 1]  498 	nop
      00021F 20 F3            [ 2]  499 	jra	00106$
                                    500 ;	main.c: 138: spi_wait_idle(); delay_cycles(50);
      000221                        501 00109$:
                                    502 ;	main.c: 139: CSN_HIGH();
      000221 72 14 50 0F      [ 1]  503 	bset	0x500f, #2
                                    504 ;	main.c: 140: }
      000225 5B 06            [ 2]  505 	addw	sp, #6
      000227 85               [ 2]  506 	popw	x
      000228 84               [ 1]  507 	pop	a
      000229 FC               [ 2]  508 	jp	(x)
                                    509 ;	main.c: 141: static uint8_t nrf_cmd(uint8_t cmd){
                                    510 ;	-----------------------------------------
                                    511 ;	 function nrf_cmd
                                    512 ;	-----------------------------------------
      00022A                        513 _nrf_cmd:
      00022A 52 04            [ 2]  514 	sub	sp, #4
      00022C 6B 04            [ 1]  515 	ld	(0x04, sp), a
                                    516 ;	main.c: 143: CSN_LOW(); delay_cycles(50);
      00022E C6 50 0F         [ 1]  517 	ld	a, 0x500f
      000231 A4 FB            [ 1]  518 	and	a, #0xfb
      000233 C7 50 0F         [ 1]  519 	ld	0x500f, a
      000236 AE 00 32         [ 2]  520 	ldw	x, #0x0032
      000239 1F 01            [ 2]  521 	ldw	(0x01, sp), x
                                    522 ;	main.c: 32: static inline void delay_cycles(volatile uint16_t n){ while(n--){ __asm__("nop"); } }
      00023B                        523 00101$:
      00023B 16 01            [ 2]  524 	ldw	y, (0x01, sp)
      00023D 93               [ 1]  525 	ldw	x, y
      00023E 5A               [ 2]  526 	decw	x
      00023F 1F 01            [ 2]  527 	ldw	(0x01, sp), x
      000241 90 5D            [ 2]  528 	tnzw	y
      000243 27 03            [ 1]  529 	jreq	00104$
      000245 9D               [ 1]  530 	nop
      000246 20 F3            [ 2]  531 	jra	00101$
                                    532 ;	main.c: 143: CSN_LOW(); delay_cycles(50);
      000248                        533 00104$:
                                    534 ;	main.c: 144: s = spi_txrx(cmd);
      000248 7B 04            [ 1]  535 	ld	a, (0x04, sp)
      00024A CDr00rC1         [ 4]  536 	call	_spi_txrx
      00024D 6B 03            [ 1]  537 	ld	(0x03, sp), a
                                    538 ;	main.c: 145: spi_wait_idle(); delay_cycles(50);
      00024F CDr00rD2         [ 4]  539 	call	_spi_wait_idle
      000252 AE 00 32         [ 2]  540 	ldw	x, #0x0032
      000255 1F 01            [ 2]  541 	ldw	(0x01, sp), x
                                    542 ;	main.c: 32: static inline void delay_cycles(volatile uint16_t n){ while(n--){ __asm__("nop"); } }
      000257                        543 00105$:
      000257 16 01            [ 2]  544 	ldw	y, (0x01, sp)
      000259 93               [ 1]  545 	ldw	x, y
      00025A 5A               [ 2]  546 	decw	x
      00025B 1F 01            [ 2]  547 	ldw	(0x01, sp), x
      00025D 90 5D            [ 2]  548 	tnzw	y
      00025F 27 03            [ 1]  549 	jreq	00108$
      000261 9D               [ 1]  550 	nop
      000262 20 F3            [ 2]  551 	jra	00105$
                                    552 ;	main.c: 145: spi_wait_idle(); delay_cycles(50);
      000264                        553 00108$:
                                    554 ;	main.c: 146: CSN_HIGH();
      000264 72 14 50 0F      [ 1]  555 	bset	0x500f, #2
                                    556 ;	main.c: 147: return s;
      000268 7B 03            [ 1]  557 	ld	a, (0x03, sp)
                                    558 ;	main.c: 148: }
      00026A 5B 04            [ 2]  559 	addw	sp, #4
      00026C 81               [ 4]  560 	ret
                                    561 ;	main.c: 151: static uint8_t nrf_status_raw(void){
                                    562 ;	-----------------------------------------
                                    563 ;	 function nrf_status_raw
                                    564 ;	-----------------------------------------
      00026D                        565 _nrf_status_raw:
      00026D 52 03            [ 2]  566 	sub	sp, #3
                                    567 ;	main.c: 153: CSN_LOW(); delay_cycles(50);
      00026F C6 50 0F         [ 1]  568 	ld	a, 0x500f
      000272 A4 FB            [ 1]  569 	and	a, #0xfb
      000274 C7 50 0F         [ 1]  570 	ld	0x500f, a
      000277 AE 00 32         [ 2]  571 	ldw	x, #0x0032
      00027A 1F 01            [ 2]  572 	ldw	(0x01, sp), x
                                    573 ;	main.c: 32: static inline void delay_cycles(volatile uint16_t n){ while(n--){ __asm__("nop"); } }
      00027C                        574 00101$:
      00027C 16 01            [ 2]  575 	ldw	y, (0x01, sp)
      00027E 93               [ 1]  576 	ldw	x, y
      00027F 5A               [ 2]  577 	decw	x
      000280 1F 01            [ 2]  578 	ldw	(0x01, sp), x
      000282 90 5D            [ 2]  579 	tnzw	y
      000284 27 03            [ 1]  580 	jreq	00104$
      000286 9D               [ 1]  581 	nop
      000287 20 F3            [ 2]  582 	jra	00101$
                                    583 ;	main.c: 153: CSN_LOW(); delay_cycles(50);
      000289                        584 00104$:
                                    585 ;	main.c: 154: s = spi_txrx(NRF_NOP);
      000289 A6 FF            [ 1]  586 	ld	a, #0xff
      00028B CDr00rC1         [ 4]  587 	call	_spi_txrx
      00028E 6B 03            [ 1]  588 	ld	(0x03, sp), a
                                    589 ;	main.c: 155: spi_wait_idle(); delay_cycles(50);
      000290 CDr00rD2         [ 4]  590 	call	_spi_wait_idle
      000293 AE 00 32         [ 2]  591 	ldw	x, #0x0032
      000296 1F 01            [ 2]  592 	ldw	(0x01, sp), x
                                    593 ;	main.c: 32: static inline void delay_cycles(volatile uint16_t n){ while(n--){ __asm__("nop"); } }
      000298                        594 00105$:
      000298 16 01            [ 2]  595 	ldw	y, (0x01, sp)
      00029A 93               [ 1]  596 	ldw	x, y
      00029B 5A               [ 2]  597 	decw	x
      00029C 1F 01            [ 2]  598 	ldw	(0x01, sp), x
      00029E 90 5D            [ 2]  599 	tnzw	y
      0002A0 27 03            [ 1]  600 	jreq	00108$
      0002A2 9D               [ 1]  601 	nop
      0002A3 20 F3            [ 2]  602 	jra	00105$
                                    603 ;	main.c: 155: spi_wait_idle(); delay_cycles(50);
      0002A5                        604 00108$:
                                    605 ;	main.c: 156: CSN_HIGH(); return s;
      0002A5 72 14 50 0F      [ 1]  606 	bset	0x500f, #2
      0002A9 7B 03            [ 1]  607 	ld	a, (0x03, sp)
                                    608 ;	main.c: 157: }
      0002AB 5B 03            [ 2]  609 	addw	sp, #3
      0002AD 81               [ 4]  610 	ret
                                    611 ;	main.c: 158: static uint8_t nrf_bus_ok(void){
                                    612 ;	-----------------------------------------
                                    613 ;	 function nrf_bus_ok
                                    614 ;	-----------------------------------------
      0002AE                        615 _nrf_bus_ok:
                                    616 ;	main.c: 159: uint8_t s = nrf_status_raw();
      0002AE CDr02r6D         [ 4]  617 	call	_nrf_status_raw
                                    618 ;	main.c: 160: return (s != 0xFF && s != 0x00);
      0002B1 A1 FF            [ 1]  619 	cp	a, #0xff
      0002B3 27 03            [ 1]  620 	jreq	00103$
      0002B5 4D               [ 1]  621 	tnz	a
      0002B6 26 02            [ 1]  622 	jrne	00104$
      0002B8                        623 00103$:
      0002B8 4F               [ 1]  624 	clr	a
      0002B9 81               [ 4]  625 	ret
      0002BA                        626 00104$:
      0002BA A6 01            [ 1]  627 	ld	a, #0x01
                                    628 ;	main.c: 161: }
      0002BC 81               [ 4]  629 	ret
                                    630 ;	main.c: 163: static void nrf_dump_status(void){
                                    631 ;	-----------------------------------------
                                    632 ;	 function nrf_dump_status
                                    633 ;	-----------------------------------------
      0002BD                        634 _nrf_dump_status:
      0002BD 52 0A            [ 2]  635 	sub	sp, #10
                                    636 ;	main.c: 164: uint8_t s = nrf_status_raw();
      0002BF CDr02r6D         [ 4]  637 	call	_nrf_status_raw
                                    638 ;	main.c: 167: (s>>1)&0x07, !!(s&0x01));
      0002C2 97               [ 1]  639 	ld	xl, a
      0002C3 A4 01            [ 1]  640 	and	a, #0x01
      0002C5 A8 01            [ 1]  641 	xor	a, #0x01
      0002C7 A8 01            [ 1]  642 	xor	a, #0x01
      0002C9 6B 02            [ 1]  643 	ld	(0x02, sp), a
      0002CB 0F 01            [ 1]  644 	clr	(0x01, sp)
      0002CD 9F               [ 1]  645 	ld	a, xl
      0002CE 44               [ 1]  646 	srl	a
      0002CF 0F 09            [ 1]  647 	clr	(0x09, sp)
      0002D1 A4 07            [ 1]  648 	and	a, #0x07
      0002D3 6B 04            [ 1]  649 	ld	(0x04, sp), a
      0002D5 0F 03            [ 1]  650 	clr	(0x03, sp)
                                    651 ;	main.c: 166: s, !!(s&(1<<RX_DR)), !!(s&(1<<TX_DS)), !!(s&(1<<MAX_RT)),
      0002D7 9F               [ 1]  652 	ld	a, xl
      0002D8 44               [ 1]  653 	srl	a
      0002D9 44               [ 1]  654 	srl	a
      0002DA 44               [ 1]  655 	srl	a
      0002DB 44               [ 1]  656 	srl	a
      0002DC A4 01            [ 1]  657 	and	a, #0x01
      0002DE A8 01            [ 1]  658 	xor	a, #0x01
      0002E0 A8 01            [ 1]  659 	xor	a, #0x01
      0002E2 6B 06            [ 1]  660 	ld	(0x06, sp), a
      0002E4 0F 05            [ 1]  661 	clr	(0x05, sp)
      0002E6 9F               [ 1]  662 	ld	a, xl
      0002E7 4E               [ 1]  663 	swap	a
      0002E8 44               [ 1]  664 	srl	a
      0002E9 A4 01            [ 1]  665 	and	a, #0x01
      0002EB A8 01            [ 1]  666 	xor	a, #0x01
      0002ED A8 01            [ 1]  667 	xor	a, #0x01
      0002EF 6B 08            [ 1]  668 	ld	(0x08, sp), a
      0002F1 0F 07            [ 1]  669 	clr	(0x07, sp)
      0002F3 9F               [ 1]  670 	ld	a, xl
      0002F4 48               [ 1]  671 	sll	a
      0002F5 48               [ 1]  672 	sll	a
      0002F6 4F               [ 1]  673 	clr	a
      0002F7 49               [ 1]  674 	rlc	a
      0002F8 A0 01            [ 1]  675 	sub	a, #0x01
      0002FA 4F               [ 1]  676 	clr	a
      0002FB 8C               [ 1]  677 	ccf
      0002FC 49               [ 1]  678 	rlc	a
      0002FD 0F 09            [ 1]  679 	clr	(0x09, sp)
      0002FF 02               [ 1]  680 	rlwa	x
      000300 4F               [ 1]  681 	clr	a
      000301 01               [ 1]  682 	rrwa	x
                                    683 ;	main.c: 165: printf("\r\n[STATUS] 0x%02X  (RX_DR=%d TX_DS=%d MAX_RT=%d RX_PIPE=%u TX_FULL=%d)\r\n",
      000302 16 01            [ 2]  684 	ldw	y, (0x01, sp)
      000304 90 89            [ 2]  685 	pushw	y
      000306 16 05            [ 2]  686 	ldw	y, (0x05, sp)
      000308 90 89            [ 2]  687 	pushw	y
      00030A 16 09            [ 2]  688 	ldw	y, (0x09, sp)
      00030C 90 89            [ 2]  689 	pushw	y
      00030E 16 0D            [ 2]  690 	ldw	y, (0x0d, sp)
      000310 90 89            [ 2]  691 	pushw	y
      000312 88               [ 1]  692 	push	a
      000313 7B 12            [ 1]  693 	ld	a, (0x12, sp)
      000315 88               [ 1]  694 	push	a
      000316 89               [ 2]  695 	pushw	x
      000317 4Br05            [ 1]  696 	push	#<(___str_0+0)
      000319 4Bs00            [ 1]  697 	push	#((___str_0+0) >> 8)
      00031B CDr00r00         [ 4]  698 	call	_printf
                                    699 ;	main.c: 168: }
      00031E 5B 18            [ 2]  700 	addw	sp, #24
      000320 81               [ 4]  701 	ret
                                    702 ;	main.c: 169: static void nrf_dump_core_regs(void){
                                    703 ;	-----------------------------------------
                                    704 ;	 function nrf_dump_core_regs
                                    705 ;	-----------------------------------------
      000321                        706 _nrf_dump_core_regs:
      000321 52 1C            [ 2]  707 	sub	sp, #28
                                    708 ;	main.c: 170: uint8_t cfg = nrf_read_reg(NRF_REG_CONFIG);
      000323 4F               [ 1]  709 	clr	a
      000324 CDr00rD8         [ 4]  710 	call	_nrf_read_reg
      000327 6B 1A            [ 1]  711 	ld	(0x1a, sp), a
                                    712 ;	main.c: 171: uint8_t rfch = nrf_read_reg(NRF_REG_RF_CH);
      000329 A6 05            [ 1]  713 	ld	a, #0x05
      00032B CDr00rD8         [ 4]  714 	call	_nrf_read_reg
      00032E 6B 1B            [ 1]  715 	ld	(0x1b, sp), a
                                    716 ;	main.c: 172: uint8_t rfs  = nrf_read_reg(NRF_REG_RF_SETUP);
      000330 A6 06            [ 1]  717 	ld	a, #0x06
      000332 CDr00rD8         [ 4]  718 	call	_nrf_read_reg
      000335 6B 1C            [ 1]  719 	ld	(0x1c, sp), a
                                    720 ;	main.c: 174: nrf_read_reg_n(NRF_REG_TX_ADDR, tx, 5);
      000337 4B 05            [ 1]  721 	push	#0x05
      000339 96               [ 1]  722 	ldw	x, sp
      00033A 5C               [ 1]  723 	incw	x
      00033B 5C               [ 1]  724 	incw	x
      00033C A6 10            [ 1]  725 	ld	a, #0x10
      00033E CDr01r6C         [ 4]  726 	call	_nrf_read_reg_n
                                    727 ;	main.c: 175: nrf_read_reg_n(NRF_REG_RX_ADDR_P0, rx0, 5);
      000341 4B 05            [ 1]  728 	push	#0x05
      000343 96               [ 1]  729 	ldw	x, sp
      000344 1C 00 07         [ 2]  730 	addw	x, #7
      000347 A6 0A            [ 1]  731 	ld	a, #0x0a
      000349 CDr01r6C         [ 4]  732 	call	_nrf_read_reg_n
                                    733 ;	main.c: 177: printf("[CORE]   CONFIG=0x%02X  RF_CH=0x%02X  RF_SETUP=0x%02X\r\n", cfg, rfch, rfs);
      00034C 90 5F            [ 1]  734 	clrw	y
      00034E 7B 1C            [ 1]  735 	ld	a, (0x1c, sp)
      000350 90 97            [ 1]  736 	ld	yl, a
      000352 5F               [ 1]  737 	clrw	x
      000353 7B 1B            [ 1]  738 	ld	a, (0x1b, sp)
      000355 97               [ 1]  739 	ld	xl, a
      000356 7B 1A            [ 1]  740 	ld	a, (0x1a, sp)
      000358 6B 1C            [ 1]  741 	ld	(0x1c, sp), a
      00035A 0F 1B            [ 1]  742 	clr	(0x1b, sp)
      00035C 90 89            [ 2]  743 	pushw	y
      00035E 89               [ 2]  744 	pushw	x
      00035F 1E 1F            [ 2]  745 	ldw	x, (0x1f, sp)
      000361 89               [ 2]  746 	pushw	x
      000362 4Br4E            [ 1]  747 	push	#<(___str_1+0)
      000364 4Bs00            [ 1]  748 	push	#((___str_1+0) >> 8)
      000366 CDr00r00         [ 4]  749 	call	_printf
      000369 5B 08            [ 2]  750 	addw	sp, #8
                                    751 ;	main.c: 179: tx[0],tx[1],tx[2],tx[3],tx[4], rx0[0],rx0[1],rx0[2],rx0[3],rx0[4]);
      00036B 7B 0A            [ 1]  752 	ld	a, (0x0a, sp)
      00036D 5F               [ 1]  753 	clrw	x
      00036E 97               [ 1]  754 	ld	xl, a
      00036F 7B 09            [ 1]  755 	ld	a, (0x09, sp)
      000371 6B 0C            [ 1]  756 	ld	(0x0c, sp), a
      000373 0F 0B            [ 1]  757 	clr	(0x0b, sp)
      000375 7B 08            [ 1]  758 	ld	a, (0x08, sp)
      000377 6B 0E            [ 1]  759 	ld	(0x0e, sp), a
      000379 0F 0D            [ 1]  760 	clr	(0x0d, sp)
      00037B 7B 07            [ 1]  761 	ld	a, (0x07, sp)
      00037D 6B 10            [ 1]  762 	ld	(0x10, sp), a
      00037F 0F 0F            [ 1]  763 	clr	(0x0f, sp)
      000381 7B 06            [ 1]  764 	ld	a, (0x06, sp)
      000383 6B 12            [ 1]  765 	ld	(0x12, sp), a
      000385 0F 11            [ 1]  766 	clr	(0x11, sp)
      000387 7B 05            [ 1]  767 	ld	a, (0x05, sp)
      000389 6B 14            [ 1]  768 	ld	(0x14, sp), a
      00038B 0F 13            [ 1]  769 	clr	(0x13, sp)
      00038D 7B 04            [ 1]  770 	ld	a, (0x04, sp)
      00038F 6B 16            [ 1]  771 	ld	(0x16, sp), a
      000391 0F 15            [ 1]  772 	clr	(0x15, sp)
      000393 7B 03            [ 1]  773 	ld	a, (0x03, sp)
      000395 6B 18            [ 1]  774 	ld	(0x18, sp), a
      000397 0F 17            [ 1]  775 	clr	(0x17, sp)
      000399 7B 02            [ 1]  776 	ld	a, (0x02, sp)
      00039B 6B 1A            [ 1]  777 	ld	(0x1a, sp), a
      00039D 0F 19            [ 1]  778 	clr	(0x19, sp)
      00039F 7B 01            [ 1]  779 	ld	a, (0x01, sp)
      0003A1 0F 1B            [ 1]  780 	clr	(0x1b, sp)
                                    781 ;	main.c: 178: printf("[ADDR]   TX_ADDR=%02X %02X %02X %02X %02X  |  RX0=%02X %02X %02X %02X %02X\r\n",
      0003A3 89               [ 2]  782 	pushw	x
      0003A4 1E 0D            [ 2]  783 	ldw	x, (0x0d, sp)
      0003A6 89               [ 2]  784 	pushw	x
      0003A7 1E 11            [ 2]  785 	ldw	x, (0x11, sp)
      0003A9 89               [ 2]  786 	pushw	x
      0003AA 1E 15            [ 2]  787 	ldw	x, (0x15, sp)
      0003AC 89               [ 2]  788 	pushw	x
      0003AD 1E 19            [ 2]  789 	ldw	x, (0x19, sp)
      0003AF 89               [ 2]  790 	pushw	x
      0003B0 1E 1D            [ 2]  791 	ldw	x, (0x1d, sp)
      0003B2 89               [ 2]  792 	pushw	x
      0003B3 1E 21            [ 2]  793 	ldw	x, (0x21, sp)
      0003B5 89               [ 2]  794 	pushw	x
      0003B6 1E 25            [ 2]  795 	ldw	x, (0x25, sp)
      0003B8 89               [ 2]  796 	pushw	x
      0003B9 1E 29            [ 2]  797 	ldw	x, (0x29, sp)
      0003BB 89               [ 2]  798 	pushw	x
      0003BC 88               [ 1]  799 	push	a
      0003BD 7B 2E            [ 1]  800 	ld	a, (0x2e, sp)
      0003BF 88               [ 1]  801 	push	a
      0003C0 4Br86            [ 1]  802 	push	#<(___str_2+0)
      0003C2 4Bs00            [ 1]  803 	push	#((___str_2+0) >> 8)
      0003C4 CDr00r00         [ 4]  804 	call	_printf
                                    805 ;	main.c: 180: }
      0003C7 5B 32            [ 2]  806 	addw	sp, #50
      0003C9 81               [ 4]  807 	ret
                                    808 ;	main.c: 181: static void nrf_dump_tx_regs(void){
                                    809 ;	-----------------------------------------
                                    810 ;	 function nrf_dump_tx_regs
                                    811 ;	-----------------------------------------
      0003CA                        812 _nrf_dump_tx_regs:
      0003CA 52 06            [ 2]  813 	sub	sp, #6
                                    814 ;	main.c: 182: uint8_t enaa = nrf_read_reg(NRF_REG_EN_AA);
      0003CC A6 01            [ 1]  815 	ld	a, #0x01
      0003CE CDr00rD8         [ 4]  816 	call	_nrf_read_reg
      0003D1 6B 06            [ 1]  817 	ld	(0x06, sp), a
                                    818 ;	main.c: 183: uint8_t enrx = nrf_read_reg(NRF_REG_EN_RXADDR);
      0003D3 A6 02            [ 1]  819 	ld	a, #0x02
      0003D5 CDr00rD8         [ 4]  820 	call	_nrf_read_reg
      0003D8 6B 05            [ 1]  821 	ld	(0x05, sp), a
                                    822 ;	main.c: 184: uint8_t retr = nrf_read_reg(NRF_REG_SETUP_RETR);
      0003DA A6 04            [ 1]  823 	ld	a, #0x04
      0003DC CDr00rD8         [ 4]  824 	call	_nrf_read_reg
                                    825 ;	main.c: 185: uint8_t pw0  = nrf_read_reg(NRF_REG_RX_PW_P0);
      0003DF 88               [ 1]  826 	push	a
      0003E0 A6 11            [ 1]  827 	ld	a, #0x11
      0003E2 CDr00rD8         [ 4]  828 	call	_nrf_read_reg
      0003E5 90 97            [ 1]  829 	ld	yl, a
      0003E7 84               [ 1]  830 	pop	a
                                    831 ;	main.c: 187: enaa, enrx, retr, pw0);
      0003E8 0F 01            [ 1]  832 	clr	(0x01, sp)
      0003EA 5F               [ 1]  833 	clrw	x
      0003EB 97               [ 1]  834 	ld	xl, a
      0003EC 7B 05            [ 1]  835 	ld	a, (0x05, sp)
      0003EE 6B 04            [ 1]  836 	ld	(0x04, sp), a
      0003F0 0F 03            [ 1]  837 	clr	(0x03, sp)
      0003F2 0F 05            [ 1]  838 	clr	(0x05, sp)
                                    839 ;	main.c: 186: printf("[TXCFG]  EN_AA=0x%02X  EN_RXADDR=0x%02X  SETUP_RETR=0x%02X  RX_PW_P0=%u\r\n",
      0003F4 90 9F            [ 1]  840 	ld	a, yl
      0003F6 88               [ 1]  841 	push	a
      0003F7 7B 02            [ 1]  842 	ld	a, (0x02, sp)
      0003F9 88               [ 1]  843 	push	a
      0003FA 89               [ 2]  844 	pushw	x
      0003FB 1E 07            [ 2]  845 	ldw	x, (0x07, sp)
      0003FD 89               [ 2]  846 	pushw	x
      0003FE 1E 0B            [ 2]  847 	ldw	x, (0x0b, sp)
      000400 89               [ 2]  848 	pushw	x
      000401 4BrD3            [ 1]  849 	push	#<(___str_3+0)
      000403 4Bs00            [ 1]  850 	push	#((___str_3+0) >> 8)
      000405 CDr00r00         [ 4]  851 	call	_printf
                                    852 ;	main.c: 188: }
      000408 5B 10            [ 2]  853 	addw	sp, #16
      00040A 81               [ 4]  854 	ret
                                    855 ;	main.c: 189: static void nrf_dump_fifo(void){
                                    856 ;	-----------------------------------------
                                    857 ;	 function nrf_dump_fifo
                                    858 ;	-----------------------------------------
      00040B                        859 _nrf_dump_fifo:
      00040B 52 0A            [ 2]  860 	sub	sp, #10
                                    861 ;	main.c: 190: uint8_t f = nrf_read_reg(NRF_REG_FIFO_STATUS);
      00040D A6 17            [ 1]  862 	ld	a, #0x17
      00040F CDr00rD8         [ 4]  863 	call	_nrf_read_reg
                                    864 ;	main.c: 192: f, !!(f&0x10), !!(f&0x20), !!(f&0x01), !!(f&0x02));
      000412 95               [ 1]  865 	ld	xh, a
      000413 44               [ 1]  866 	srl	a
      000414 A4 01            [ 1]  867 	and	a, #0x01
      000416 A8 01            [ 1]  868 	xor	a, #0x01
      000418 A8 01            [ 1]  869 	xor	a, #0x01
      00041A 6B 02            [ 1]  870 	ld	(0x02, sp), a
      00041C 0F 01            [ 1]  871 	clr	(0x01, sp)
      00041E 9E               [ 1]  872 	ld	a, xh
      00041F A4 01            [ 1]  873 	and	a, #0x01
      000421 A8 01            [ 1]  874 	xor	a, #0x01
      000423 A8 01            [ 1]  875 	xor	a, #0x01
      000425 6B 04            [ 1]  876 	ld	(0x04, sp), a
      000427 0F 03            [ 1]  877 	clr	(0x03, sp)
      000429 9E               [ 1]  878 	ld	a, xh
      00042A 4E               [ 1]  879 	swap	a
      00042B 44               [ 1]  880 	srl	a
      00042C A4 01            [ 1]  881 	and	a, #0x01
      00042E A8 01            [ 1]  882 	xor	a, #0x01
      000430 A8 01            [ 1]  883 	xor	a, #0x01
      000432 97               [ 1]  884 	ld	xl, a
      000433 0F 05            [ 1]  885 	clr	(0x05, sp)
      000435 9E               [ 1]  886 	ld	a, xh
      000436 44               [ 1]  887 	srl	a
      000437 44               [ 1]  888 	srl	a
      000438 44               [ 1]  889 	srl	a
      000439 44               [ 1]  890 	srl	a
      00043A A4 01            [ 1]  891 	and	a, #0x01
      00043C A8 01            [ 1]  892 	xor	a, #0x01
      00043E A8 01            [ 1]  893 	xor	a, #0x01
      000440 0F 07            [ 1]  894 	clr	(0x07, sp)
      000442 0F 09            [ 1]  895 	clr	(0x09, sp)
                                    896 ;	main.c: 191: printf("[FIFO]   0x%02X  TX_EMPTY=%d TX_FULL=%d  RX_EMPTY=%d RX_FULL=%d\r\n",
      000444 16 01            [ 2]  897 	ldw	y, (0x01, sp)
      000446 90 89            [ 2]  898 	pushw	y
      000448 16 05            [ 2]  899 	ldw	y, (0x05, sp)
      00044A 90 89            [ 2]  900 	pushw	y
      00044C 89               [ 2]  901 	pushw	x
      00044D 5B 01            [ 2]  902 	addw	sp, #1
      00044F 41               [ 1]  903 	exg	a, xl
      000450 7B 0A            [ 1]  904 	ld	a, (0x0a, sp)
      000452 41               [ 1]  905 	exg	a, xl
      000453 89               [ 2]  906 	pushw	x
      000454 5B 01            [ 2]  907 	addw	sp, #1
      000456 88               [ 1]  908 	push	a
      000457 7B 0E            [ 1]  909 	ld	a, (0x0e, sp)
      000459 88               [ 1]  910 	push	a
      00045A 9E               [ 1]  911 	ld	a, xh
      00045B 88               [ 1]  912 	push	a
      00045C 7B 12            [ 1]  913 	ld	a, (0x12, sp)
      00045E 88               [ 1]  914 	push	a
      00045F 4Br1D            [ 1]  915 	push	#<(___str_4+0)
      000461 4Bs01            [ 1]  916 	push	#((___str_4+0) >> 8)
      000463 CDr00r00         [ 4]  917 	call	_printf
                                    918 ;	main.c: 193: }
      000466 5B 16            [ 2]  919 	addw	sp, #22
      000468 81               [ 4]  920 	ret
                                    921 ;	main.c: 196: static void nrf_set_common(uint8_t rf_ch){
                                    922 ;	-----------------------------------------
                                    923 ;	 function nrf_set_common
                                    924 ;	-----------------------------------------
      000469                        925 _nrf_set_common:
                                    926 ;	main.c: 197: nrf_write_reg(NRF_REG_SETUP_AW, 0x03);     // adresse 5B
      000469 88               [ 1]  927 	push	a
      00046A 4B 03            [ 1]  928 	push	#0x03
      00046C A6 03            [ 1]  929 	ld	a, #0x03
      00046E CDr01r22         [ 4]  930 	call	_nrf_write_reg
      000471 A6 05            [ 1]  931 	ld	a, #0x05
      000473 CDr01r22         [ 4]  932 	call	_nrf_write_reg
                                    933 ;	main.c: 199: nrf_write_reg(NRF_REG_RF_SETUP, 0x06);     // 1Mbps, 0dBm
      000476 4B 06            [ 1]  934 	push	#0x06
      000478 A6 06            [ 1]  935 	ld	a, #0x06
      00047A CDr01r22         [ 4]  936 	call	_nrf_write_reg
                                    937 ;	main.c: 200: nrf_write_reg_n(NRF_REG_TX_ADDR,    ADDR_NODE1, 5);
      00047D 4B 05            [ 1]  938 	push	#0x05
      00047F AEr00r00         [ 2]  939 	ldw	x, #(_ADDR_NODE1+0)
      000482 A6 10            [ 1]  940 	ld	a, #0x10
      000484 CDr01rCC         [ 4]  941 	call	_nrf_write_reg_n
                                    942 ;	main.c: 201: nrf_write_reg_n(NRF_REG_RX_ADDR_P0, ADDR_NODE1, 5);
      000487 4B 05            [ 1]  943 	push	#0x05
      000489 AEr00r00         [ 2]  944 	ldw	x, #(_ADDR_NODE1+0)
      00048C A6 0A            [ 1]  945 	ld	a, #0x0a
      00048E CDr01rCC         [ 4]  946 	call	_nrf_write_reg_n
                                    947 ;	main.c: 202: nrf_write_reg(NRF_REG_STATUS, 0x70);       // clear IRQ
      000491 4B 70            [ 1]  948 	push	#0x70
      000493 A6 07            [ 1]  949 	ld	a, #0x07
      000495 CDr01r22         [ 4]  950 	call	_nrf_write_reg
                                    951 ;	main.c: 203: (void)nrf_cmd(NRF_CMD_FLUSH_RX);
      000498 A6 E2            [ 1]  952 	ld	a, #0xe2
      00049A CDr02r2A         [ 4]  953 	call	_nrf_cmd
                                    954 ;	main.c: 204: (void)nrf_cmd(NRF_CMD_FLUSH_TX);
      00049D A6 E1            [ 1]  955 	ld	a, #0xe1
      00049F CDr02r2A         [ 4]  956 	call	_nrf_cmd
                                    957 ;	main.c: 34: uint32_t i; for(i=0;i<((F_CPU/18000UL)*ms);i++) __asm__("nop");
      0004A2 90 5F            [ 1]  958 	clrw	y
      0004A4 5F               [ 1]  959 	clrw	x
      0004A5                        960 00104$:
      0004A5 90 A3 11 58      [ 2]  961 	cpw	y, #0x1158
      0004A9 9F               [ 1]  962 	ld	a, xl
      0004AA A2 00            [ 1]  963 	sbc	a, #0x00
      0004AC 9E               [ 1]  964 	ld	a, xh
      0004AD A2 00            [ 1]  965 	sbc	a, #0x00
      0004AF 25 01            [ 1]  966 	jrc	00119$
      0004B1 81               [ 4]  967 	ret
      0004B2                        968 00119$:
      0004B2 9D               [ 1]  969 	nop
      0004B3 90 5C            [ 1]  970 	incw	y
      0004B5 26 EE            [ 1]  971 	jrne	00104$
      0004B7 5C               [ 1]  972 	incw	x
      0004B8 20 EB            [ 2]  973 	jra	00104$
                                    974 ;	main.c: 205: delay_ms(5);                                // tpd2stby
                                    975 ;	main.c: 206: }
      0004BA 81               [ 4]  976 	ret
                                    977 ;	main.c: 209: static void nrf_ptx_start_ack(void){
                                    978 ;	-----------------------------------------
                                    979 ;	 function nrf_ptx_start_ack
                                    980 ;	-----------------------------------------
      0004BB                        981 _nrf_ptx_start_ack:
                                    982 ;	main.c: 210: nrf_set_common(RF_CHAN);
      0004BB A6 4C            [ 1]  983 	ld	a, #0x4c
      0004BD CDr04r69         [ 4]  984 	call	_nrf_set_common
                                    985 ;	main.c: 211: nrf_write_reg(NRF_REG_EN_AA,      0x01);
      0004C0 4B 01            [ 1]  986 	push	#0x01
      0004C2 A6 01            [ 1]  987 	ld	a, #0x01
      0004C4 CDr01r22         [ 4]  988 	call	_nrf_write_reg
                                    989 ;	main.c: 212: nrf_write_reg(NRF_REG_EN_RXADDR,  0x01);
      0004C7 4B 01            [ 1]  990 	push	#0x01
      0004C9 A6 02            [ 1]  991 	ld	a, #0x02
      0004CB CDr01r22         [ 4]  992 	call	_nrf_write_reg
                                    993 ;	main.c: 213: nrf_write_reg(NRF_REG_RX_PW_P0,   PAYLOAD_LEN);
      0004CE 4B 20            [ 1]  994 	push	#0x20
      0004D0 A6 11            [ 1]  995 	ld	a, #0x11
      0004D2 CDr01r22         [ 4]  996 	call	_nrf_write_reg
                                    997 ;	main.c: 214: nrf_write_reg(NRF_REG_SETUP_RETR, 0x5F);
      0004D5 4B 5F            [ 1]  998 	push	#0x5f
      0004D7 A6 04            [ 1]  999 	ld	a, #0x04
      0004D9 CDr01r22         [ 4] 1000 	call	_nrf_write_reg
                                   1001 ;	main.c: 215: nrf_write_reg(NRF_REG_CONFIG,     CFG_EN_CRC | CFG_CRCO | CFG_PWR_UP); // 0x0E
      0004DC 4B 0E            [ 1] 1002 	push	#0x0e
      0004DE 4F               [ 1] 1003 	clr	a
      0004DF CDr01r22         [ 4] 1004 	call	_nrf_write_reg
                                   1005 ;	main.c: 34: uint32_t i; for(i=0;i<((F_CPU/18000UL)*ms);i++) __asm__("nop");
      0004E2 90 5F            [ 1] 1006 	clrw	y
      0004E4 5F               [ 1] 1007 	clrw	x
      0004E5                       1008 00104$:
      0004E5 90 A3 11 58      [ 2] 1009 	cpw	y, #0x1158
      0004E9 9F               [ 1] 1010 	ld	a, xl
      0004EA A2 00            [ 1] 1011 	sbc	a, #0x00
      0004EC 9E               [ 1] 1012 	ld	a, xh
      0004ED A2 00            [ 1] 1013 	sbc	a, #0x00
      0004EF 25 01            [ 1] 1014 	jrc	00119$
      0004F1 81               [ 4] 1015 	ret
      0004F2                       1016 00119$:
      0004F2 9D               [ 1] 1017 	nop
      0004F3 90 5C            [ 1] 1018 	incw	y
      0004F5 26 EE            [ 1] 1019 	jrne	00104$
      0004F7 5C               [ 1] 1020 	incw	x
      0004F8 20 EB            [ 2] 1021 	jra	00104$
                                   1022 ;	main.c: 216: delay_ms(5);
                                   1023 ;	main.c: 217: }
      0004FA 81               [ 4] 1024 	ret
                                   1025 ;	main.c: 219: static void nrf_ptx_start_noack(void){
                                   1026 ;	-----------------------------------------
                                   1027 ;	 function nrf_ptx_start_noack
                                   1028 ;	-----------------------------------------
      0004FB                       1029 _nrf_ptx_start_noack:
                                   1030 ;	main.c: 220: nrf_set_common(RF_CHAN);
      0004FB A6 4C            [ 1] 1031 	ld	a, #0x4c
      0004FD CDr04r69         [ 4] 1032 	call	_nrf_set_common
                                   1033 ;	main.c: 221: nrf_write_reg(NRF_REG_EN_AA,      0x00);
      000500 4B 00            [ 1] 1034 	push	#0x00
      000502 A6 01            [ 1] 1035 	ld	a, #0x01
      000504 CDr01r22         [ 4] 1036 	call	_nrf_write_reg
                                   1037 ;	main.c: 222: nrf_write_reg(NRF_REG_EN_RXADDR,  0x01);
      000507 4B 01            [ 1] 1038 	push	#0x01
      000509 A6 02            [ 1] 1039 	ld	a, #0x02
      00050B CDr01r22         [ 4] 1040 	call	_nrf_write_reg
                                   1041 ;	main.c: 223: nrf_write_reg(NRF_REG_SETUP_RETR, 0x00);
      00050E 4B 00            [ 1] 1042 	push	#0x00
      000510 A6 04            [ 1] 1043 	ld	a, #0x04
      000512 CDr01r22         [ 4] 1044 	call	_nrf_write_reg
                                   1045 ;	main.c: 224: nrf_write_reg(NRF_REG_RX_PW_P0,   PAYLOAD_LEN);
      000515 4B 20            [ 1] 1046 	push	#0x20
      000517 A6 11            [ 1] 1047 	ld	a, #0x11
      000519 CDr01r22         [ 4] 1048 	call	_nrf_write_reg
                                   1049 ;	main.c: 225: nrf_write_reg(NRF_REG_CONFIG,     CFG_EN_CRC | CFG_CRCO | CFG_PWR_UP); // 0x0E
      00051C 4B 0E            [ 1] 1050 	push	#0x0e
      00051E 4F               [ 1] 1051 	clr	a
      00051F CDr01r22         [ 4] 1052 	call	_nrf_write_reg
                                   1053 ;	main.c: 34: uint32_t i; for(i=0;i<((F_CPU/18000UL)*ms);i++) __asm__("nop");
      000522 90 5F            [ 1] 1054 	clrw	y
      000524 5F               [ 1] 1055 	clrw	x
      000525                       1056 00104$:
      000525 90 A3 11 58      [ 2] 1057 	cpw	y, #0x1158
      000529 9F               [ 1] 1058 	ld	a, xl
      00052A A2 00            [ 1] 1059 	sbc	a, #0x00
      00052C 9E               [ 1] 1060 	ld	a, xh
      00052D A2 00            [ 1] 1061 	sbc	a, #0x00
      00052F 25 01            [ 1] 1062 	jrc	00119$
      000531 81               [ 4] 1063 	ret
      000532                       1064 00119$:
      000532 9D               [ 1] 1065 	nop
      000533 90 5C            [ 1] 1066 	incw	y
      000535 26 EE            [ 1] 1067 	jrne	00104$
      000537 5C               [ 1] 1068 	incw	x
      000538 20 EB            [ 2] 1069 	jra	00104$
                                   1070 ;	main.c: 226: delay_ms(5);
                                   1071 ;	main.c: 227: }
      00053A 81               [ 4] 1072 	ret
                                   1073 ;	main.c: 229: static void nrf_prx_start(uint8_t payload_len){
                                   1074 ;	-----------------------------------------
                                   1075 ;	 function nrf_prx_start
                                   1076 ;	-----------------------------------------
      00053B                       1077 _nrf_prx_start:
      00053B 88               [ 1] 1078 	push	a
      00053C 6B 01            [ 1] 1079 	ld	(0x01, sp), a
                                   1080 ;	main.c: 230: nrf_set_common(RF_CHAN);
      00053E A6 4C            [ 1] 1081 	ld	a, #0x4c
      000540 CDr04r69         [ 4] 1082 	call	_nrf_set_common
                                   1083 ;	main.c: 231: nrf_write_reg(NRF_REG_EN_RXADDR,  0x01);
      000543 4B 01            [ 1] 1084 	push	#0x01
      000545 A6 02            [ 1] 1085 	ld	a, #0x02
      000547 CDr01r22         [ 4] 1086 	call	_nrf_write_reg
                                   1087 ;	main.c: 232: nrf_write_reg(NRF_REG_EN_AA,      0x01);
      00054A 4B 01            [ 1] 1088 	push	#0x01
      00054C A6 01            [ 1] 1089 	ld	a, #0x01
      00054E CDr01r22         [ 4] 1090 	call	_nrf_write_reg
                                   1091 ;	main.c: 233: nrf_write_reg(NRF_REG_RX_PW_P0,   payload_len);
      000551 7B 01            [ 1] 1092 	ld	a, (0x01, sp)
      000553 88               [ 1] 1093 	push	a
      000554 A6 11            [ 1] 1094 	ld	a, #0x11
      000556 CDr01r22         [ 4] 1095 	call	_nrf_write_reg
                                   1096 ;	main.c: 234: nrf_write_reg(NRF_REG_SETUP_RETR, 0x5F);
      000559 4B 5F            [ 1] 1097 	push	#0x5f
      00055B A6 04            [ 1] 1098 	ld	a, #0x04
      00055D CDr01r22         [ 4] 1099 	call	_nrf_write_reg
                                   1100 ;	main.c: 235: nrf_write_reg(NRF_REG_CONFIG,     CFG_EN_CRC | CFG_CRCO | CFG_PWR_UP | CFG_PRIM_RX); // 0x0F
      000560 4B 0F            [ 1] 1101 	push	#0x0f
      000562 4F               [ 1] 1102 	clr	a
      000563 CDr01r22         [ 4] 1103 	call	_nrf_write_reg
                                   1104 ;	main.c: 34: uint32_t i; for(i=0;i<((F_CPU/18000UL)*ms);i++) __asm__("nop");
      000566 90 5F            [ 1] 1105 	clrw	y
      000568 5F               [ 1] 1106 	clrw	x
      000569                       1107 00104$:
      000569 90 A3 11 58      [ 2] 1108 	cpw	y, #0x1158
      00056D 9F               [ 1] 1109 	ld	a, xl
      00056E A2 00            [ 1] 1110 	sbc	a, #0x00
      000570 9E               [ 1] 1111 	ld	a, xh
      000571 A2 00            [ 1] 1112 	sbc	a, #0x00
      000573 24 08            [ 1] 1113 	jrnc	00102$
      000575 9D               [ 1] 1114 	nop
      000576 90 5C            [ 1] 1115 	incw	y
      000578 26 EF            [ 1] 1116 	jrne	00104$
      00057A 5C               [ 1] 1117 	incw	x
      00057B 20 EC            [ 2] 1118 	jra	00104$
                                   1119 ;	main.c: 236: delay_ms(5);
      00057D                       1120 00102$:
                                   1121 ;	main.c: 237: CE_HIGH();
      00057D 72 18 50 0F      [ 1] 1122 	bset	0x500f, #4
                                   1123 ;	main.c: 238: }
      000581 84               [ 1] 1124 	pop	a
      000582 81               [ 4] 1125 	ret
                                   1126 ;	main.c: 241: static uint8_t nrf_tx32_and_pulse_ce(const uint8_t *data, uint8_t len){
                                   1127 ;	-----------------------------------------
                                   1128 ;	 function nrf_tx32_and_pulse_ce
                                   1129 ;	-----------------------------------------
      000583                       1130 _nrf_tx32_and_pulse_ce:
      000583 52 07            [ 2] 1131 	sub	sp, #7
      000585 1F 02            [ 2] 1132 	ldw	(0x02, sp), x
      000587 6B 01            [ 1] 1133 	ld	(0x01, sp), a
                                   1134 ;	main.c: 243: nrf_write_reg(NRF_REG_STATUS, 0x70);
      000589 4B 70            [ 1] 1135 	push	#0x70
      00058B A6 07            [ 1] 1136 	ld	a, #0x07
      00058D CDr01r22         [ 4] 1137 	call	_nrf_write_reg
                                   1138 ;	main.c: 244: (void)nrf_cmd(NRF_CMD_FLUSH_TX);
      000590 A6 E1            [ 1] 1139 	ld	a, #0xe1
      000592 CDr02r2A         [ 4] 1140 	call	_nrf_cmd
                                   1141 ;	main.c: 247: CSN_LOW(); (void)spi_txrx(NRF_W_TX_PAYLOAD);
      000595 72 15 50 0F      [ 1] 1142 	bres	0x500f, #2
      000599 A6 A0            [ 1] 1143 	ld	a, #0xa0
      00059B CDr00rC1         [ 4] 1144 	call	_spi_txrx
                                   1145 ;	main.c: 248: for(uint8_t i=0;i<32;i++) (void)spi_txrx((i<len)?data[i]:0x00);
      00059E 4F               [ 1] 1146 	clr	a
      00059F                       1147 00112$:
      00059F A1 20            [ 1] 1148 	cp	a, #0x20
      0005A1 24 1B            [ 1] 1149 	jrnc	00101$
      0005A3 11 01            [ 1] 1150 	cp	a, (0x01, sp)
      0005A5 24 0D            [ 1] 1151 	jrnc	00119$
      0005A7 5F               [ 1] 1152 	clrw	x
      0005A8 97               [ 1] 1153 	ld	xl, a
      0005A9 72 FB 02         [ 2] 1154 	addw	x, (0x02, sp)
      0005AC 88               [ 1] 1155 	push	a
      0005AD F6               [ 1] 1156 	ld	a, (x)
      0005AE 97               [ 1] 1157 	ld	xl, a
      0005AF 84               [ 1] 1158 	pop	a
      0005B0 02               [ 1] 1159 	rlwa	x
      0005B1 4F               [ 1] 1160 	clr	a
      0005B2 01               [ 1] 1161 	rrwa	x
      0005B3 21                    1162 	.byte 0x21
      0005B4                       1163 00119$:
      0005B4 5F               [ 1] 1164 	clrw	x
      0005B5                       1165 00120$:
      0005B5 88               [ 1] 1166 	push	a
      0005B6 9F               [ 1] 1167 	ld	a, xl
      0005B7 CDr00rC1         [ 4] 1168 	call	_spi_txrx
      0005BA 84               [ 1] 1169 	pop	a
      0005BB 4C               [ 1] 1170 	inc	a
      0005BC 20 E1            [ 2] 1171 	jra	00112$
      0005BE                       1172 00101$:
                                   1173 ;	main.c: 249: spi_wait_idle(); CSN_HIGH();
      0005BE CDr00rD2         [ 4] 1174 	call	_spi_wait_idle
      0005C1 72 14 50 0F      [ 1] 1175 	bset	0x500f, #2
                                   1176 ;	main.c: 252: nrf_dump_fifo();
      0005C5 CDr04r0B         [ 4] 1177 	call	_nrf_dump_fifo
                                   1178 ;	main.c: 255: CE_HIGH(); delay_ms(2); CE_LOW();
      0005C8 72 18 50 0F      [ 1] 1179 	bset	0x500f, #4
                                   1180 ;	main.c: 34: uint32_t i; for(i=0;i<((F_CPU/18000UL)*ms);i++) __asm__("nop");
      0005CC 90 5F            [ 1] 1181 	clrw	y
      0005CE 5F               [ 1] 1182 	clrw	x
      0005CF                       1183 00115$:
      0005CF 90 A3 06 F0      [ 2] 1184 	cpw	y, #0x06f0
      0005D3 9F               [ 1] 1185 	ld	a, xl
      0005D4 A2 00            [ 1] 1186 	sbc	a, #0x00
      0005D6 9E               [ 1] 1187 	ld	a, xh
      0005D7 A2 00            [ 1] 1188 	sbc	a, #0x00
      0005D9 24 08            [ 1] 1189 	jrnc	00110$
      0005DB 9D               [ 1] 1190 	nop
      0005DC 90 5C            [ 1] 1191 	incw	y
      0005DE 26 EF            [ 1] 1192 	jrne	00115$
      0005E0 5C               [ 1] 1193 	incw	x
      0005E1 20 EC            [ 2] 1194 	jra	00115$
                                   1195 ;	main.c: 255: CE_HIGH(); delay_ms(2); CE_LOW();
      0005E3                       1196 00110$:
      0005E3 72 19 50 0F      [ 1] 1197 	bres	0x500f, #4
                                   1198 ;	main.c: 259: while(guard++ < 60000UL){
      0005E7 90 5F            [ 1] 1199 	clrw	y
      0005E9 5F               [ 1] 1200 	clrw	x
      0005EA 1F 04            [ 2] 1201 	ldw	(0x04, sp), x
      0005EC                       1202 00106$:
      0005EC 90 A3 EA 60      [ 2] 1203 	cpw	y, #0xea60
      0005F0 7B 05            [ 1] 1204 	ld	a, (0x05, sp)
      0005F2 A2 00            [ 1] 1205 	sbc	a, #0x00
      0005F4 7B 04            [ 1] 1206 	ld	a, (0x04, sp)
      0005F6 A2 00            [ 1] 1207 	sbc	a, #0x00
      0005F8 24 32            [ 1] 1208 	jrnc	00108$
      0005FA 90 5C            [ 1] 1209 	incw	y
      0005FC 26 05            [ 1] 1210 	jrne	00173$
      0005FE 1E 04            [ 2] 1211 	ldw	x, (0x04, sp)
      000600 5C               [ 1] 1212 	incw	x
      000601 1F 04            [ 2] 1213 	ldw	(0x04, sp), x
      000603                       1214 00173$:
                                   1215 ;	main.c: 260: uint8_t s = nrf_status_raw();
      000603 90 89            [ 2] 1216 	pushw	y
      000605 CDr02r6D         [ 4] 1217 	call	_nrf_status_raw
      000608 90 85            [ 2] 1218 	popw	y
                                   1219 ;	main.c: 261: if (s & (1<<TX_DS)) { nrf_write_reg(NRF_REG_STATUS,(1<<TX_DS)); return 1; }
      00060A A5 20            [ 1] 1220 	bcp	a, #0x20
      00060C 27 0B            [ 1] 1221 	jreq	00103$
      00060E 4B 20            [ 1] 1222 	push	#0x20
      000610 A6 07            [ 1] 1223 	ld	a, #0x07
      000612 CDr01r22         [ 4] 1224 	call	_nrf_write_reg
      000615 A6 01            [ 1] 1225 	ld	a, #0x01
      000617 20 19            [ 2] 1226 	jra	00117$
      000619                       1227 00103$:
                                   1228 ;	main.c: 262: if (s & (1<<MAX_RT)) { nrf_write_reg(NRF_REG_STATUS,(1<<MAX_RT)); (void)nrf_cmd(NRF_CMD_FLUSH_TX); return 0; }
      000619 A5 10            [ 1] 1229 	bcp	a, #0x10
      00061B 27 CF            [ 1] 1230 	jreq	00106$
      00061D 4B 10            [ 1] 1231 	push	#0x10
      00061F A6 07            [ 1] 1232 	ld	a, #0x07
      000621 CDr01r22         [ 4] 1233 	call	_nrf_write_reg
      000624 A6 E1            [ 1] 1234 	ld	a, #0xe1
      000626 CDr02r2A         [ 4] 1235 	call	_nrf_cmd
      000629 4F               [ 1] 1236 	clr	a
      00062A 20 06            [ 2] 1237 	jra	00117$
      00062C                       1238 00108$:
                                   1239 ;	main.c: 265: (void)nrf_cmd(NRF_CMD_FLUSH_TX);
      00062C A6 E1            [ 1] 1240 	ld	a, #0xe1
      00062E CDr02r2A         [ 4] 1241 	call	_nrf_cmd
                                   1242 ;	main.c: 266: return 0;
      000631 4F               [ 1] 1243 	clr	a
      000632                       1244 00117$:
                                   1245 ;	main.c: 267: }
      000632 5B 07            [ 2] 1246 	addw	sp, #7
      000634 81               [ 4] 1247 	ret
                                   1248 ;	main.c: 269: static uint8_t nrf_ptx_send_noack(const uint8_t *data, uint8_t len){
                                   1249 ;	-----------------------------------------
                                   1250 ;	 function nrf_ptx_send_noack
                                   1251 ;	-----------------------------------------
      000635                       1252 _nrf_ptx_send_noack:
                                   1253 ;	main.c: 270: return nrf_tx32_and_pulse_ce(data, len); /* TX_DS quand la trame est émise */
                                   1254 ;	main.c: 271: }
      000635 CCr05r83         [ 2] 1255 	jp	_nrf_tx32_and_pulse_ce
                                   1256 ;	main.c: 272: static uint8_t nrf_ptx_send_ack(const uint8_t *data, uint8_t len){
                                   1257 ;	-----------------------------------------
                                   1258 ;	 function nrf_ptx_send_ack
                                   1259 ;	-----------------------------------------
      000638                       1260 _nrf_ptx_send_ack:
                                   1261 ;	main.c: 273: return nrf_tx32_and_pulse_ce(data, len); /* TX_DS si ACK reçu, MAX_RT sinon */
                                   1262 ;	main.c: 274: }
      000638 CCr05r83         [ 2] 1263 	jp	_nrf_tx32_and_pulse_ce
                                   1264 ;	main.c: 277: static void demo_tx_loop(void){
                                   1265 ;	-----------------------------------------
                                   1266 ;	 function demo_tx_loop
                                   1267 ;	-----------------------------------------
      00063B                       1268 _demo_tx_loop:
                                   1269 ;	main.c: 280: printf("\r\n===== nRF24 TX NO-ACK @ch=%u, 1Mbps, CRC16 =====\r\n", RF_CHAN);
      00063B 4B 4C            [ 1] 1270 	push	#0x4c
      00063D 4B 00            [ 1] 1271 	push	#0x00
      00063F 4Br5F            [ 1] 1272 	push	#<(___str_5+0)
      000641 4Bs01            [ 1] 1273 	push	#((___str_5+0) >> 8)
      000643 CDr00r00         [ 4] 1274 	call	_printf
      000646 5B 04            [ 2] 1275 	addw	sp, #4
                                   1276 ;	main.c: 281: nrf_ptx_start_noack();
      000648 CDr04rFB         [ 4] 1277 	call	_nrf_ptx_start_noack
                                   1278 ;	main.c: 282: nrf_dump_core_regs();
      00064B CDr03r21         [ 4] 1279 	call	_nrf_dump_core_regs
                                   1280 ;	main.c: 283: nrf_dump_tx_regs();
      00064E CDr03rCA         [ 4] 1281 	call	_nrf_dump_tx_regs
                                   1282 ;	main.c: 284: nrf_dump_status();
      000651 CDr02rBD         [ 4] 1283 	call	_nrf_dump_status
      000654                       1284 00107$:
                                   1285 ;	main.c: 287: uint8_t ok = nrf_ptx_send_noack(msg, sizeof(msg));
      000654 A6 05            [ 1] 1286 	ld	a, #0x05
      000656 AEr06rD6         [ 2] 1287 	ldw	x, #(_demo_tx_loop_msg_65536_142+0)
      000659 CDr06r35         [ 4] 1288 	call	_nrf_ptx_send_noack
                                   1289 ;	main.c: 288: printf("[NOACK] %s\r\n", ok ? "TX_DS" : "timeout");
      00065C 4D               [ 1] 1290 	tnz	a
      00065D 27 04            [ 1] 1291 	jreq	00111$
      00065F AEr01rA1         [ 2] 1292 	ldw	x, #___str_7+0
      000662 BC                    1293 	.byte 0xbc
      000663                       1294 00111$:
      000663 AEr01rA7         [ 2] 1295 	ldw	x, #(___str_8+0)
      000666                       1296 00112$:
      000666 89               [ 2] 1297 	pushw	x
      000667 4Br94            [ 1] 1298 	push	#<(___str_6+0)
      000669 4Bs01            [ 1] 1299 	push	#((___str_6+0) >> 8)
      00066B CDr00r00         [ 4] 1300 	call	_printf
      00066E 5B 04            [ 2] 1301 	addw	sp, #4
                                   1302 ;	main.c: 289: nrf_dump_status();
      000670 CDr02rBD         [ 4] 1303 	call	_nrf_dump_status
                                   1304 ;	main.c: 290: nrf_dump_fifo();
      000673 CDr04r0B         [ 4] 1305 	call	_nrf_dump_fifo
                                   1306 ;	main.c: 34: uint32_t i; for(i=0;i<((F_CPU/18000UL)*ms);i++) __asm__("nop");
      000676 90 5F            [ 1] 1307 	clrw	y
      000678 5F               [ 1] 1308 	clrw	x
      000679                       1309 00105$:
      000679 90 A3 C6 60      [ 2] 1310 	cpw	y, #0xc660
      00067D 9F               [ 1] 1311 	ld	a, xl
      00067E A2 06            [ 1] 1312 	sbc	a, #0x06
      000680 9E               [ 1] 1313 	ld	a, xh
      000681 A2 00            [ 1] 1314 	sbc	a, #0x00
      000683 24 CF            [ 1] 1315 	jrnc	00107$
      000685 9D               [ 1] 1316 	nop
      000686 90 5C            [ 1] 1317 	incw	y
      000688 26 EF            [ 1] 1318 	jrne	00105$
      00068A 5C               [ 1] 1319 	incw	x
      00068B 20 EC            [ 2] 1320 	jra	00105$
                                   1321 ;	main.c: 291: delay_ms(500);
                                   1322 ;	main.c: 293: }
      00068D 81               [ 4] 1323 	ret
                                   1324 ;	main.c: 319: void main(void){
                                   1325 ;	-----------------------------------------
                                   1326 ;	 function main
                                   1327 ;	-----------------------------------------
      00068E                       1328 _main:
                                   1329 ;	main.c: 20: CLK_CKDIVR = 0x00; // 16 MHz
      00068E 35 00 50 C6      [ 1] 1330 	mov	0x50c6+0, #0x00
                                   1331 ;	main.c: 22: UART1_BRR1 = (usartdiv >> 4) & 0xFF;
      000692 A6 68            [ 1] 1332 	ld	a, #0x68
      000694 C7 52 32         [ 1] 1333 	ld	0x5232, a
                                   1334 ;	main.c: 23: UART1_BRR2 = ((usartdiv & 0x0F) | ((usartdiv >> 8) & 0xF0));
      000697 A6 83            [ 1] 1335 	ld	a, #0x83
      000699 A4 0F            [ 1] 1336 	and	a, #0x0f
      00069B C7 52 33         [ 1] 1337 	ld	0x5233, a
                                   1338 ;	main.c: 24: UART1_CR1 = 0x00;
      00069E 35 00 52 34      [ 1] 1339 	mov	0x5234+0, #0x00
                                   1340 ;	main.c: 25: UART1_CR3 = 0x00;
      0006A2 35 00 52 36      [ 1] 1341 	mov	0x5236+0, #0x00
                                   1342 ;	main.c: 26: UART1_CR2 = (1<<UART1_CR2_TEN) | (1<<UART1_CR2_REN);
      0006A6 35 0C 52 35      [ 1] 1343 	mov	0x5235+0, #0x0c
                                   1344 ;	main.c: 27: (void)UART1_SR; (void)UART1_DR;
      0006AA C6 52 30         [ 1] 1345 	ld	a, 0x5230
      0006AD C6 52 31         [ 1] 1346 	ld	a, 0x5231
                                   1347 ;	main.c: 321: printf("\r\n[STM8S] nRF24L01+ TX\r\n");
      0006B0 AEr01rAF         [ 2] 1348 	ldw	x, #(___str_10+0)
      0006B3 CDr00r00         [ 4] 1349 	call	_puts
                                   1350 ;	main.c: 322: gpio_init_spi();
      0006B6 CDr00r83         [ 4] 1351 	call	_gpio_init_spi
                                   1352 ;	main.c: 323: spi_init();
      0006B9 CDr00rB4         [ 4] 1353 	call	_spi_init
                                   1354 ;	main.c: 325: if(!nrf_bus_ok()){
      0006BC CDr02rAE         [ 4] 1355 	call	_nrf_bus_ok
      0006BF 4D               [ 1] 1356 	tnz	a
      0006C0 27 03            [ 1] 1357 	jreq	00119$
      0006C2 CCr06r3B         [ 2] 1358 	jp	_demo_tx_loop
      0006C5                       1359 00119$:
                                   1360 ;	main.c: 326: printf("SPI KO: STATUS=0x%02X (verifie CSN/SCK/MOSI/MISO/VCC)\r\n", nrf_status_raw());
      0006C5 CDr02r6D         [ 4] 1361 	call	_nrf_status_raw
      0006C8 5F               [ 1] 1362 	clrw	x
      0006C9 97               [ 1] 1363 	ld	xl, a
      0006CA 89               [ 2] 1364 	pushw	x
      0006CB 4BrC7            [ 1] 1365 	push	#<(___str_11+0)
      0006CD 4Bs01            [ 1] 1366 	push	#((___str_11+0) >> 8)
      0006CF CDr00r00         [ 4] 1367 	call	_printf
      0006D2 5B 04            [ 2] 1368 	addw	sp, #4
                                   1369 ;	main.c: 327: while(1);
      0006D4                       1370 00102$:
                                   1371 ;	main.c: 330: demo_tx_loop(); /* NO-ACK par défaut (simple à valider) */
                                   1372 ;	main.c: 331: }
      0006D4 20 FE            [ 2] 1373 	jra	00102$
                                   1374 	.area CODE
                                   1375 	.area CONST
      000000                       1376 _ADDR_NODE1:
      000000 4E                    1377 	.db #0x4e	; 78	'N'
      000001 4F                    1378 	.db #0x4f	; 79	'O'
      000002 44                    1379 	.db #0x44	; 68	'D'
      000003 45                    1380 	.db #0x45	; 69	'E'
      000004 31                    1381 	.db #0x31	; 49	'1'
                                   1382 	.area CONST
      000005                       1383 ___str_0:
      000005 0D                    1384 	.db 0x0d
      000006 0A                    1385 	.db 0x0a
      000007 5B 53 54 41 54 55 53  1386 	.ascii "[STATUS] 0x%02X  (RX_DR=%d TX_DS=%d MAX_RT=%d RX_PIPE=%u TX_"
             5D 20 30 78 25 30 32
             58 20 20 28 52 58 5F
             44 52 3D 25 64 20 54
             58 5F 44 53 3D 25 64
             20 4D 41 58 5F 52 54
             3D 25 64 20 52 58 5F
             50 49 50 45 3D 25 75
             20 54 58 5F
      000043 46 55 4C 4C 3D 25 64  1387 	.ascii "FULL=%d)"
             29
      00004B 0D                    1388 	.db 0x0d
      00004C 0A                    1389 	.db 0x0a
      00004D 00                    1390 	.db 0x00
                                   1391 	.area CODE
                                   1392 	.area CONST
      00004E                       1393 ___str_1:
      00004E 5B 43 4F 52 45 5D 20  1394 	.ascii "[CORE]   CONFIG=0x%02X  RF_CH=0x%02X  RF_SETUP=0x%02X"
             20 20 43 4F 4E 46 49
             47 3D 30 78 25 30 32
             58 20 20 52 46 5F 43
             48 3D 30 78 25 30 32
             58 20 20 52 46 5F 53
             45 54 55 50 3D 30 78
             25 30 32 58
      000083 0D                    1395 	.db 0x0d
      000084 0A                    1396 	.db 0x0a
      000085 00                    1397 	.db 0x00
                                   1398 	.area CODE
                                   1399 	.area CONST
      000086                       1400 ___str_2:
      000086 5B 41 44 44 52 5D 20  1401 	.ascii "[ADDR]   TX_ADDR=%02X %02X %02X %02X %02X  |  RX0=%02X %02X "
             20 20 54 58 5F 41 44
             44 52 3D 25 30 32 58
             20 25 30 32 58 20 25
             30 32 58 20 25 30 32
             58 20 25 30 32 58 20
             20 7C 20 20 52 58 30
             3D 25 30 32 58 20 25
             30 32 58 20
      0000C2 25 30 32 58 20 25 30  1402 	.ascii "%02X %02X %02X"
             32 58 20 25 30 32 58
      0000D0 0D                    1403 	.db 0x0d
      0000D1 0A                    1404 	.db 0x0a
      0000D2 00                    1405 	.db 0x00
                                   1406 	.area CODE
                                   1407 	.area CONST
      0000D3                       1408 ___str_3:
      0000D3 5B 54 58 43 46 47 5D  1409 	.ascii "[TXCFG]  EN_AA=0x%02X  EN_RXADDR=0x%02X  SETUP_RETR=0x%02X  "
             20 20 45 4E 5F 41 41
             3D 30 78 25 30 32 58
             20 20 45 4E 5F 52 58
             41 44 44 52 3D 30 78
             25 30 32 58 20 20 53
             45 54 55 50 5F 52 45
             54 52 3D 30 78 25 30
             32 58 20 20
      00010F 52 58 5F 50 57 5F 50  1410 	.ascii "RX_PW_P0=%u"
             30 3D 25 75
      00011A 0D                    1411 	.db 0x0d
      00011B 0A                    1412 	.db 0x0a
      00011C 00                    1413 	.db 0x00
                                   1414 	.area CODE
                                   1415 	.area CONST
      00011D                       1416 ___str_4:
      00011D 5B 46 49 46 4F 5D 20  1417 	.ascii "[FIFO]   0x%02X  TX_EMPTY=%d TX_FULL=%d  RX_EMPTY=%d RX_FULL"
             20 20 30 78 25 30 32
             58 20 20 54 58 5F 45
             4D 50 54 59 3D 25 64
             20 54 58 5F 46 55 4C
             4C 3D 25 64 20 20 52
             58 5F 45 4D 50 54 59
             3D 25 64 20 52 58 5F
             46 55 4C 4C
      000159 3D 25 64              1418 	.ascii "=%d"
      00015C 0D                    1419 	.db 0x0d
      00015D 0A                    1420 	.db 0x0a
      00015E 00                    1421 	.db 0x00
                                   1422 	.area CODE
      0006D6                       1423 _demo_tx_loop_msg_65536_142:
      0006D6 48                    1424 	.db #0x48	; 72	'H'
      0006D7 45                    1425 	.db #0x45	; 69	'E'
      0006D8 4C                    1426 	.db #0x4c	; 76	'L'
      0006D9 4C                    1427 	.db #0x4c	; 76	'L'
      0006DA 4F                    1428 	.db #0x4f	; 79	'O'
                                   1429 	.area CONST
      00015F                       1430 ___str_5:
      00015F 0D                    1431 	.db 0x0d
      000160 0A                    1432 	.db 0x0a
      000161 3D 3D 3D 3D 3D 20 6E  1433 	.ascii "===== nRF24 TX NO-ACK @ch=%u, 1Mbps, CRC16 ====="
             52 46 32 34 20 54 58
             20 4E 4F 2D 41 43 4B
             20 40 63 68 3D 25 75
             2C 20 31 4D 62 70 73
             2C 20 43 52 43 31 36
             20 3D 3D 3D 3D 3D
      000191 0D                    1434 	.db 0x0d
      000192 0A                    1435 	.db 0x0a
      000193 00                    1436 	.db 0x00
                                   1437 	.area CODE
                                   1438 	.area CONST
      000194                       1439 ___str_6:
      000194 5B 4E 4F 41 43 4B 5D  1440 	.ascii "[NOACK] %s"
             20 25 73
      00019E 0D                    1441 	.db 0x0d
      00019F 0A                    1442 	.db 0x0a
      0001A0 00                    1443 	.db 0x00
                                   1444 	.area CODE
                                   1445 	.area CONST
      0001A1                       1446 ___str_7:
      0001A1 54 58 5F 44 53        1447 	.ascii "TX_DS"
      0001A6 00                    1448 	.db 0x00
                                   1449 	.area CODE
                                   1450 	.area CONST
      0001A7                       1451 ___str_8:
      0001A7 74 69 6D 65 6F 75 74  1452 	.ascii "timeout"
      0001AE 00                    1453 	.db 0x00
                                   1454 	.area CODE
                                   1455 	.area CONST
      0001AF                       1456 ___str_10:
      0001AF 0D                    1457 	.db 0x0d
      0001B0 0A                    1458 	.db 0x0a
      0001B1 5B 53 54 4D 38 53 5D  1459 	.ascii "[STM8S] nRF24L01+ TX"
             20 6E 52 46 32 34 4C
             30 31 2B 20 54 58
      0001C5 0D                    1460 	.db 0x0d
      0001C6 00                    1461 	.db 0x00
                                   1462 	.area CODE
                                   1463 	.area CONST
      0001C7                       1464 ___str_11:
      0001C7 53 50 49 20 4B 4F 3A  1465 	.ascii "SPI KO: STATUS=0x%02X (verifie CSN/SCK/MOSI/MISO/VCC)"
             20 53 54 41 54 55 53
             3D 30 78 25 30 32 58
             20 28 76 65 72 69 66
             69 65 20 43 53 4E 2F
             53 43 4B 2F 4D 4F 53
             49 2F 4D 49 53 4F 2F
             56 43 43 29
      0001FC 0D                    1466 	.db 0x0d
      0001FD 0A                    1467 	.db 0x0a
      0001FE 00                    1468 	.db 0x00
                                   1469 	.area CODE
                                   1470 	.area INITIALIZER
                                   1471 	.area CABS (ABS)
