                                      1 ;--------------------------------------------------------
                                      2 ; File Created by SDCC : free open source ANSI-C Compiler
                                      3 ; Version 4.2.0 #13081 (Linux)
                                      4 ;--------------------------------------------------------
                                      5 	.module main
                                      6 	.optsdcc -mstm8
                                      7 	
                                      8 ;--------------------------------------------------------
                                      9 ; Public variables in this module
                                     10 ;--------------------------------------------------------
                                     11 	.globl _main
                                     12 	.globl _cc_send_temp_x100
                                     13 	.globl _ds18b20_read_raw
                                     14 	.globl _ds18b20_start_conversion
                                     15 	.globl _onewire_read_byte
                                     16 	.globl _onewire_write_byte
                                     17 	.globl _onewire_read_bit
                                     18 	.globl _onewire_write_bit
                                     19 	.globl _onewire_reset
                                     20 	.globl _delay_us
                                     21 	.globl _printf
                                     22 	.globl _putchar
                                     23 ;--------------------------------------------------------
                                     24 ; ram data
                                     25 ;--------------------------------------------------------
                                     26 	.area DATA
                                     27 ;--------------------------------------------------------
                                     28 ; ram data
                                     29 ;--------------------------------------------------------
                                     30 	.area INITIALIZED
                                     31 ;--------------------------------------------------------
                                     32 ; Stack segment in internal ram
                                     33 ;--------------------------------------------------------
                                     34 	.area	SSEG
      000000                         35 __start__stack:
      000000                         36 	.ds	1
                                     37 
                                     38 ;--------------------------------------------------------
                                     39 ; absolute external ram data
                                     40 ;--------------------------------------------------------
                                     41 	.area DABS (ABS)
                                     42 
                                     43 ; default segment ordering for linker
                                     44 	.area HOME
                                     45 	.area GSINIT
                                     46 	.area GSFINAL
                                     47 	.area CONST
                                     48 	.area INITIALIZER
                                     49 	.area CODE
                                     50 
                                     51 ;--------------------------------------------------------
                                     52 ; interrupt vector
                                     53 ;--------------------------------------------------------
                                     54 	.area HOME
      000000                         55 __interrupt_vect:
      000000 82v00u00u00             56 	int s_GSINIT ; reset
                                     57 ;--------------------------------------------------------
                                     58 ; global & static initialisations
                                     59 ;--------------------------------------------------------
                                     60 	.area HOME
                                     61 	.area GSINIT
                                     62 	.area GSFINAL
                                     63 	.area GSINIT
      000000                         64 __sdcc_init_data:
                                     65 ; stm8_genXINIT() start
      000000 AEr00r00         [ 2]   66 	ldw x, #l_DATA
      000003 27 07            [ 1]   67 	jreq	00002$
      000005                         68 00001$:
      000005 72 4FuFFuFF      [ 1]   69 	clr (s_DATA - 1, x)
      000009 5A               [ 2]   70 	decw x
      00000A 26 F9            [ 1]   71 	jrne	00001$
      00000C                         72 00002$:
      00000C AEr00r00         [ 2]   73 	ldw	x, #l_INITIALIZER
      00000F 27 09            [ 1]   74 	jreq	00004$
      000011                         75 00003$:
      000011 D6uFFuFF         [ 1]   76 	ld	a, (s_INITIALIZER - 1, x)
      000014 D7uFFuFF         [ 1]   77 	ld	(s_INITIALIZED - 1, x), a
      000017 5A               [ 2]   78 	decw	x
      000018 26 F7            [ 1]   79 	jrne	00003$
      00001A                         80 00004$:
                                     81 ; stm8_genXINIT() end
                                     82 	.area GSFINAL
      000000 CCr00r04         [ 2]   83 	jp	__sdcc_program_startup
                                     84 ;--------------------------------------------------------
                                     85 ; Home
                                     86 ;--------------------------------------------------------
                                     87 	.area HOME
                                     88 	.area HOME
      000004                         89 __sdcc_program_startup:
      000004 CCr04rC9         [ 2]   90 	jp	_main
                                     91 ;	return from main will return to caller
                                     92 ;--------------------------------------------------------
                                     93 ; code
                                     94 ;--------------------------------------------------------
                                     95 	.area CODE
                                     96 ;	main.c: 10: static void uart_init(void){
                                     97 ;	-----------------------------------------
                                     98 ;	 function uart_init
                                     99 ;	-----------------------------------------
      000000                        100 _uart_init:
                                    101 ;	main.c: 11: CLK_CKDIVR = 0x00;
      000000 35 00 50 C6      [ 1]  102 	mov	0x50c6+0, #0x00
                                    103 ;	main.c: 13: UART1_BRR1 = (div >> 4) & 0xFF;
      000004 A6 68            [ 1]  104 	ld	a, #0x68
      000006 C7 52 32         [ 1]  105 	ld	0x5232, a
                                    106 ;	main.c: 14: UART1_BRR2 = ((div & 0x0F) | ((div >> 8) & 0xF0));
      000009 A6 83            [ 1]  107 	ld	a, #0x83
      00000B A4 0F            [ 1]  108 	and	a, #0x0f
      00000D C7 52 33         [ 1]  109 	ld	0x5233, a
                                    110 ;	main.c: 15: UART1_CR1 = 0x00; UART1_CR3 = 0x00;
      000010 35 00 52 34      [ 1]  111 	mov	0x5234+0, #0x00
      000014 35 00 52 36      [ 1]  112 	mov	0x5236+0, #0x00
                                    113 ;	main.c: 16: UART1_CR2 = (1<<UART1_CR2_TEN) | (1<<UART1_CR2_REN);
      000018 35 0C 52 35      [ 1]  114 	mov	0x5235+0, #0x0c
                                    115 ;	main.c: 17: (void)UART1_SR; (void)UART1_DR;
      00001C C6 52 30         [ 1]  116 	ld	a, 0x5230
      00001F C6 52 31         [ 1]  117 	ld	a, 0x5231
                                    118 ;	main.c: 18: }
      000022 81               [ 4]  119 	ret
                                    120 ;	main.c: 19: int putchar(int c){ while(!(UART1_SR & (1<<UART1_SR_TXE))); UART1_DR=c; return 0; } // Gestion des printf 
                                    121 ;	-----------------------------------------
                                    122 ;	 function putchar
                                    123 ;	-----------------------------------------
      000023                        124 _putchar:
      000023                        125 00101$:
      000023 C6 52 30         [ 1]  126 	ld	a, 0x5230
      000026 2A FB            [ 1]  127 	jrpl	00101$
      000028 9F               [ 1]  128 	ld	a, xl
      000029 C7 52 31         [ 1]  129 	ld	0x5231, a
      00002C 5F               [ 1]  130 	clrw	x
      00002D 81               [ 4]  131 	ret
                                    132 ;	main.c: 42: void delay_us(uint16_t us) {
                                    133 ;	-----------------------------------------
                                    134 ;	 function delay_us
                                    135 ;	-----------------------------------------
      00002E                        136 _delay_us:
                                    137 ;	main.c: 43: while(us--) {
      00002E                        138 00101$:
      00002E 90 93            [ 1]  139 	ldw	y, x
      000030 5A               [ 2]  140 	decw	x
      000031 90 5D            [ 2]  141 	tnzw	y
      000033 26 01            [ 1]  142 	jrne	00117$
      000035 81               [ 4]  143 	ret
      000036                        144 00117$:
                                    145 ;	main.c: 44: __asm__("nop"); __asm__("nop"); __asm__("nop");
      000036 9D               [ 1]  146 	nop
      000037 9D               [ 1]  147 	nop
      000038 9D               [ 1]  148 	nop
                                    149 ;	main.c: 45: __asm__("nop"); __asm__("nop"); __asm__("nop");
      000039 9D               [ 1]  150 	nop
      00003A 9D               [ 1]  151 	nop
      00003B 9D               [ 1]  152 	nop
      00003C 20 F0            [ 2]  153 	jra	00101$
                                    154 ;	main.c: 47: }
      00003E 81               [ 4]  155 	ret
                                    156 ;	main.c: 50: static inline void delay_ms(uint16_t ms) {
                                    157 ;	-----------------------------------------
                                    158 ;	 function delay_ms
                                    159 ;	-----------------------------------------
      00003F                        160 _delay_ms:
      00003F 52 0A            [ 2]  161 	sub	sp, #10
      000041 1F 05            [ 2]  162 	ldw	(0x05, sp), x
                                    163 ;	main.c: 52: for (i = 0; i < ((F_CPU / 18000UL) * ms); i++)
      000043 5F               [ 1]  164 	clrw	x
      000044 1F 09            [ 2]  165 	ldw	(0x09, sp), x
      000046 1F 07            [ 2]  166 	ldw	(0x07, sp), x
      000048                        167 00103$:
      000048 1E 05            [ 2]  168 	ldw	x, (0x05, sp)
      00004A 89               [ 2]  169 	pushw	x
      00004B AE 03 78         [ 2]  170 	ldw	x, #0x0378
      00004E CDr00r00         [ 4]  171 	call	___muluint2ulong
      000051 5B 02            [ 2]  172 	addw	sp, #2
      000053 1F 03            [ 2]  173 	ldw	(0x03, sp), x
      000055 17 01            [ 2]  174 	ldw	(0x01, sp), y
      000057 1E 09            [ 2]  175 	ldw	x, (0x09, sp)
      000059 13 03            [ 2]  176 	cpw	x, (0x03, sp)
      00005B 7B 08            [ 1]  177 	ld	a, (0x08, sp)
      00005D 12 02            [ 1]  178 	sbc	a, (0x02, sp)
      00005F 7B 07            [ 1]  179 	ld	a, (0x07, sp)
      000061 12 01            [ 1]  180 	sbc	a, (0x01, sp)
      000063 24 0F            [ 1]  181 	jrnc	00105$
                                    182 ;	main.c: 53: __asm__("nop");
      000065 9D               [ 1]  183 	nop
                                    184 ;	main.c: 52: for (i = 0; i < ((F_CPU / 18000UL) * ms); i++)
      000066 1E 09            [ 2]  185 	ldw	x, (0x09, sp)
      000068 5C               [ 1]  186 	incw	x
      000069 1F 09            [ 2]  187 	ldw	(0x09, sp), x
      00006B 26 DB            [ 1]  188 	jrne	00103$
      00006D 1E 07            [ 2]  189 	ldw	x, (0x07, sp)
      00006F 5C               [ 1]  190 	incw	x
      000070 1F 07            [ 2]  191 	ldw	(0x07, sp), x
      000072 20 D4            [ 2]  192 	jra	00103$
      000074                        193 00105$:
                                    194 ;	main.c: 54: }
      000074 5B 0A            [ 2]  195 	addw	sp, #10
      000076 81               [ 4]  196 	ret
                                    197 ;	main.c: 59: uint8_t onewire_reset(void) {
                                    198 ;	-----------------------------------------
                                    199 ;	 function onewire_reset
                                    200 ;	-----------------------------------------
      000077                        201 _onewire_reset:
                                    202 ;	main.c: 60: DS_OUTPUT(); DS_LOW();         // Force la ligne à 0 pendant 480µs
      000077 72 16 50 11      [ 1]  203 	bset	0x5011, #3
      00007B 72 17 50 0F      [ 1]  204 	bres	0x500f, #3
                                    205 ;	main.c: 61: delay_us(480);
      00007F AE 01 E0         [ 2]  206 	ldw	x, #0x01e0
      000082 CDr00r2E         [ 4]  207 	call	_delay_us
                                    208 ;	main.c: 62: DS_INPUT();                    // Relâche la ligne
      000085 72 17 50 11      [ 1]  209 	bres	0x5011, #3
                                    210 ;	main.c: 63: delay_us(70);                  // Attend la réponse du capteur
      000089 AE 00 46         [ 2]  211 	ldw	x, #0x0046
      00008C CDr00r2E         [ 4]  212 	call	_delay_us
                                    213 ;	main.c: 64: uint8_t presence = !DS_READ(); // 0 = présence détectée
      00008F C6 50 10         [ 1]  214 	ld	a, 0x5010
      000092 4E               [ 1]  215 	swap	a
      000093 48               [ 1]  216 	sll	a
      000094 4F               [ 1]  217 	clr	a
      000095 49               [ 1]  218 	rlc	a
      000096 A0 01            [ 1]  219 	sub	a, #0x01
      000098 4F               [ 1]  220 	clr	a
      000099 49               [ 1]  221 	rlc	a
                                    222 ;	main.c: 65: delay_us(410);                 // Fin du timing 1-Wire
      00009A 88               [ 1]  223 	push	a
      00009B AE 01 9A         [ 2]  224 	ldw	x, #0x019a
      00009E CDr00r2E         [ 4]  225 	call	_delay_us
      0000A1 84               [ 1]  226 	pop	a
                                    227 ;	main.c: 66: return presence;
                                    228 ;	main.c: 67: }
      0000A2 81               [ 4]  229 	ret
                                    230 ;	main.c: 70: void onewire_write_bit(uint8_t bit) {
                                    231 ;	-----------------------------------------
                                    232 ;	 function onewire_write_bit
                                    233 ;	-----------------------------------------
      0000A3                        234 _onewire_write_bit:
      0000A3 88               [ 1]  235 	push	a
      0000A4 6B 01            [ 1]  236 	ld	(0x01, sp), a
                                    237 ;	main.c: 71: DS_OUTPUT(); DS_LOW();
      0000A6 72 16 50 11      [ 1]  238 	bset	0x5011, #3
      0000AA 72 17 50 0F      [ 1]  239 	bres	0x500f, #3
                                    240 ;	main.c: 72: delay_us(bit ? 6 : 60);        // Bit 1 = pulse court, bit 0 = pulse long
      0000AE 0D 01            [ 1]  241 	tnz	(0x01, sp)
      0000B0 27 04            [ 1]  242 	jreq	00103$
      0000B2 AE 00 06         [ 2]  243 	ldw	x, #0x0006
      0000B5 BC                     244 	.byte 0xbc
      0000B6                        245 00103$:
      0000B6 AE 00 3C         [ 2]  246 	ldw	x, #0x003c
      0000B9                        247 00104$:
      0000B9 CDr00r2E         [ 4]  248 	call	_delay_us
                                    249 ;	main.c: 73: DS_INPUT();                    // Libère la ligne
      0000BC 72 17 50 11      [ 1]  250 	bres	0x5011, #3
                                    251 ;	main.c: 74: delay_us(bit ? 64 : 10);       // Attente avant prochain bit
      0000C0 0D 01            [ 1]  252 	tnz	(0x01, sp)
      0000C2 27 05            [ 1]  253 	jreq	00105$
      0000C4 AE 00 40         [ 2]  254 	ldw	x, #0x0040
      0000C7 20 03            [ 2]  255 	jra	00106$
      0000C9                        256 00105$:
      0000C9 AE 00 0A         [ 2]  257 	ldw	x, #0x000a
      0000CC                        258 00106$:
      0000CC 84               [ 1]  259 	pop	a
      0000CD CCr00r2E         [ 2]  260 	jp	_delay_us
                                    261 ;	main.c: 75: }
      0000D0 84               [ 1]  262 	pop	a
      0000D1 81               [ 4]  263 	ret
                                    264 ;	main.c: 78: uint8_t onewire_read_bit(void) {
                                    265 ;	-----------------------------------------
                                    266 ;	 function onewire_read_bit
                                    267 ;	-----------------------------------------
      0000D2                        268 _onewire_read_bit:
                                    269 ;	main.c: 80: DS_OUTPUT(); DS_LOW();
      0000D2 72 16 50 11      [ 1]  270 	bset	0x5011, #3
      0000D6 72 17 50 0F      [ 1]  271 	bres	0x500f, #3
                                    272 ;	main.c: 81: delay_us(6);                   // Pulse d'initiation de lecture
      0000DA AE 00 06         [ 2]  273 	ldw	x, #0x0006
      0000DD CDr00r2E         [ 4]  274 	call	_delay_us
                                    275 ;	main.c: 82: DS_INPUT();                    // Libère la ligne pour lire
      0000E0 72 17 50 11      [ 1]  276 	bres	0x5011, #3
                                    277 ;	main.c: 83: delay_us(9);                   // Délai standard
      0000E4 AE 00 09         [ 2]  278 	ldw	x, #0x0009
      0000E7 CDr00r2E         [ 4]  279 	call	_delay_us
                                    280 ;	main.c: 84: bit = (DS_READ() ? 1 : 0);     // Lecture du bit
      0000EA 72 07 50 10 03   [ 2]  281 	btjf	0x5010, #3, 00103$
      0000EF 5F               [ 1]  282 	clrw	x
      0000F0 5C               [ 1]  283 	incw	x
      0000F1 21                     284 	.byte 0x21
      0000F2                        285 00103$:
      0000F2 5F               [ 1]  286 	clrw	x
      0000F3                        287 00104$:
      0000F3 9F               [ 1]  288 	ld	a, xl
                                    289 ;	main.c: 85: delay_us(55);                  // Fin du slot
      0000F4 88               [ 1]  290 	push	a
      0000F5 AE 00 37         [ 2]  291 	ldw	x, #0x0037
      0000F8 CDr00r2E         [ 4]  292 	call	_delay_us
      0000FB 84               [ 1]  293 	pop	a
                                    294 ;	main.c: 86: return bit;
                                    295 ;	main.c: 87: }
      0000FC 81               [ 4]  296 	ret
                                    297 ;	main.c: 90: void onewire_write_byte(uint8_t byte) {
                                    298 ;	-----------------------------------------
                                    299 ;	 function onewire_write_byte
                                    300 ;	-----------------------------------------
      0000FD                        301 _onewire_write_byte:
      0000FD 52 02            [ 2]  302 	sub	sp, #2
      0000FF 6B 01            [ 1]  303 	ld	(0x01, sp), a
                                    304 ;	main.c: 91: for (uint8_t i = 0; i < 8; i++) {
      000101 0F 02            [ 1]  305 	clr	(0x02, sp)
      000103                        306 00103$:
      000103 7B 02            [ 1]  307 	ld	a, (0x02, sp)
      000105 A1 08            [ 1]  308 	cp	a, #0x08
      000107 24 0D            [ 1]  309 	jrnc	00105$
                                    310 ;	main.c: 92: onewire_write_bit(byte & 0x01); // Envoie le bit LSB
      000109 7B 01            [ 1]  311 	ld	a, (0x01, sp)
      00010B A4 01            [ 1]  312 	and	a, #0x01
      00010D CDr00rA3         [ 4]  313 	call	_onewire_write_bit
                                    314 ;	main.c: 93: byte >>= 1;
      000110 04 01            [ 1]  315 	srl	(0x01, sp)
                                    316 ;	main.c: 91: for (uint8_t i = 0; i < 8; i++) {
      000112 0C 02            [ 1]  317 	inc	(0x02, sp)
      000114 20 ED            [ 2]  318 	jra	00103$
      000116                        319 00105$:
                                    320 ;	main.c: 95: }
      000116 5B 02            [ 2]  321 	addw	sp, #2
      000118 81               [ 4]  322 	ret
                                    323 ;	main.c: 98: uint8_t onewire_read_byte(void) {
                                    324 ;	-----------------------------------------
                                    325 ;	 function onewire_read_byte
                                    326 ;	-----------------------------------------
      000119                        327 _onewire_read_byte:
      000119 52 02            [ 2]  328 	sub	sp, #2
                                    329 ;	main.c: 99: uint8_t byte = 0;
      00011B 0F 01            [ 1]  330 	clr	(0x01, sp)
                                    331 ;	main.c: 100: for (uint8_t i = 0; i < 8; i++) {
      00011D 0F 02            [ 1]  332 	clr	(0x02, sp)
      00011F                        333 00105$:
      00011F 7B 02            [ 1]  334 	ld	a, (0x02, sp)
      000121 A1 08            [ 1]  335 	cp	a, #0x08
      000123 24 11            [ 1]  336 	jrnc	00103$
                                    337 ;	main.c: 101: byte >>= 1;
      000125 04 01            [ 1]  338 	srl	(0x01, sp)
                                    339 ;	main.c: 102: if (onewire_read_bit()) byte |= 0x80; // Lit MSB en premier
      000127 CDr00rD2         [ 4]  340 	call	_onewire_read_bit
      00012A 4D               [ 1]  341 	tnz	a
      00012B 27 05            [ 1]  342 	jreq	00106$
      00012D 08 01            [ 1]  343 	sll	(0x01, sp)
      00012F 99               [ 1]  344 	scf
      000130 06 01            [ 1]  345 	rrc	(0x01, sp)
      000132                        346 00106$:
                                    347 ;	main.c: 100: for (uint8_t i = 0; i < 8; i++) {
      000132 0C 02            [ 1]  348 	inc	(0x02, sp)
      000134 20 E9            [ 2]  349 	jra	00105$
      000136                        350 00103$:
                                    351 ;	main.c: 104: return byte;
      000136 7B 01            [ 1]  352 	ld	a, (0x01, sp)
                                    353 ;	main.c: 105: }
      000138 5B 02            [ 2]  354 	addw	sp, #2
      00013A 81               [ 4]  355 	ret
                                    356 ;	main.c: 108: void ds18b20_start_conversion(void) {
                                    357 ;	-----------------------------------------
                                    358 ;	 function ds18b20_start_conversion
                                    359 ;	-----------------------------------------
      00013B                        360 _ds18b20_start_conversion:
                                    361 ;	main.c: 109: onewire_reset();
      00013B CDr00r77         [ 4]  362 	call	_onewire_reset
                                    363 ;	main.c: 110: onewire_write_byte(0xCC); // Skip ROM (capteur unique sur le bus)
      00013E A6 CC            [ 1]  364 	ld	a, #0xcc
      000140 CDr00rFD         [ 4]  365 	call	_onewire_write_byte
                                    366 ;	main.c: 111: onewire_write_byte(0x44); // Convert T (lance mesure)
      000143 A6 44            [ 1]  367 	ld	a, #0x44
                                    368 ;	main.c: 112: }
      000145 CCr00rFD         [ 2]  369 	jp	_onewire_write_byte
                                    370 ;	main.c: 115: int16_t ds18b20_read_raw(void) {
                                    371 ;	-----------------------------------------
                                    372 ;	 function ds18b20_read_raw
                                    373 ;	-----------------------------------------
      000148                        374 _ds18b20_read_raw:
      000148 52 04            [ 2]  375 	sub	sp, #4
                                    376 ;	main.c: 116: onewire_reset();
      00014A CDr00r77         [ 4]  377 	call	_onewire_reset
                                    378 ;	main.c: 117: onewire_write_byte(0xCC); // Skip ROM
      00014D A6 CC            [ 1]  379 	ld	a, #0xcc
      00014F CDr00rFD         [ 4]  380 	call	_onewire_write_byte
                                    381 ;	main.c: 118: onewire_write_byte(0xBE); // Read Scratchpad
      000152 A6 BE            [ 1]  382 	ld	a, #0xbe
      000154 CDr00rFD         [ 4]  383 	call	_onewire_write_byte
                                    384 ;	main.c: 120: uint8_t lsb = onewire_read_byte(); // LSB = partie fractionnaire
      000157 CDr01r19         [ 4]  385 	call	_onewire_read_byte
                                    386 ;	main.c: 121: uint8_t msb = onewire_read_byte(); // MSB = partie entière signée
      00015A 88               [ 1]  387 	push	a
      00015B CDr01r19         [ 4]  388 	call	_onewire_read_byte
      00015E 95               [ 1]  389 	ld	xh, a
      00015F 84               [ 1]  390 	pop	a
                                    391 ;	main.c: 123: return ((int16_t)msb << 8) | lsb;  // Fusionne les 2 octets
      000160 0F 02            [ 1]  392 	clr	(0x02, sp)
      000162 0F 03            [ 1]  393 	clr	(0x03, sp)
      000164 1A 02            [ 1]  394 	or	a, (0x02, sp)
      000166 02               [ 1]  395 	rlwa	x
      000167 1A 03            [ 1]  396 	or	a, (0x03, sp)
      000169 95               [ 1]  397 	ld	xh, a
                                    398 ;	main.c: 124: }
      00016A 5B 04            [ 2]  399 	addw	sp, #4
      00016C 81               [ 4]  400 	ret
                                    401 ;	main.c: 140: static void gpio_init(void){
                                    402 ;	-----------------------------------------
                                    403 ;	 function gpio_init
                                    404 ;	-----------------------------------------
      00016D                        405 _gpio_init:
                                    406 ;	main.c: 142: PC_DDR |= (1<<5) | (1<<MOSI_BIT);
      00016D C6 50 0C         [ 1]  407 	ld	a, 0x500c
      000170 AA 60            [ 1]  408 	or	a, #0x60
      000172 C7 50 0C         [ 1]  409 	ld	0x500c, a
                                    410 ;	main.c: 143: PC_CR1 |= (1<<5) | (1<<MOSI_BIT);
      000175 C6 50 0D         [ 1]  411 	ld	a, 0x500d
      000178 AA 60            [ 1]  412 	or	a, #0x60
      00017A C7 50 0D         [ 1]  413 	ld	0x500d, a
                                    414 ;	main.c: 145: PC_DDR &= (uint8_t)~(1<<MISO_BIT);
      00017D 72 1F 50 0C      [ 1]  415 	bres	0x500c, #7
                                    416 ;	main.c: 146: PC_CR1 &= (uint8_t)~(1<<MISO_BIT);
      000181 72 1F 50 0D      [ 1]  417 	bres	0x500d, #7
                                    418 ;	main.c: 148: PD_DDR |= (1<<2); PD_CR1 |= (1<<2); CSN_HIGH();
      000185 72 14 50 11      [ 1]  419 	bset	0x5011, #2
      000189 72 14 50 12      [ 1]  420 	bset	0x5012, #2
      00018D 72 14 50 0F      [ 1]  421 	bset	0x500f, #2
                                    422 ;	main.c: 150: PD_DDR &= (uint8_t)~(1<<4); PD_CR1 &= (uint8_t)~(1<<4);
      000191 72 19 50 11      [ 1]  423 	bres	0x5011, #4
      000195 72 19 50 12      [ 1]  424 	bres	0x5012, #4
                                    425 ;	main.c: 152: PD_DDR &= (uint8_t)~(1<<3);
      000199 72 17 50 11      [ 1]  426 	bres	0x5011, #3
                                    427 ;	main.c: 153: PD_CR1 |= (1<<3);
      00019D 72 16 50 12      [ 1]  428 	bset	0x5012, #3
                                    429 ;	main.c: 154: }
      0001A1 81               [ 4]  430 	ret
                                    431 ;	main.c: 157: static void spi_init(void){
                                    432 ;	-----------------------------------------
                                    433 ;	 function spi_init
                                    434 ;	-----------------------------------------
      0001A2                        435 _spi_init:
                                    436 ;	main.c: 159: SPI_CR1 = (1<<SPI_CR1_MSTR) | (1<<SPI_CR1_BR2) | (1<<SPI_CR1_BR1) | (1<<SPI_CR1_BR0);
      0001A2 35 3C 52 00      [ 1]  437 	mov	0x5200+0, #0x3c
                                    438 ;	main.c: 160: SPI_CR2 = (1<<SPI_CR2_SSM) | (1<<SPI_CR2_SSI);
      0001A6 35 03 52 01      [ 1]  439 	mov	0x5201+0, #0x03
                                    440 ;	main.c: 161: SPI_CR1 |= (1<<SPI_CR1_SPE);
      0001AA 72 1C 52 00      [ 1]  441 	bset	0x5200, #6
                                    442 ;	main.c: 162: }
      0001AE 81               [ 4]  443 	ret
                                    444 ;	main.c: 163: static uint8_t spi_txrx(uint8_t v){
                                    445 ;	-----------------------------------------
                                    446 ;	 function spi_txrx
                                    447 ;	-----------------------------------------
      0001AF                        448 _spi_txrx:
                                    449 ;	main.c: 164: SPI_DR = v;
      0001AF C7 52 04         [ 1]  450 	ld	0x5204, a
                                    451 ;	main.c: 165: while(!(SPI_SR & (1<<SPI_SR_TXE)));
      0001B2                        452 00101$:
      0001B2 72 03 52 03 FB   [ 2]  453 	btjf	0x5203, #1, 00101$
                                    454 ;	main.c: 166: while(!(SPI_SR & (1<<SPI_SR_RXNE)));
      0001B7                        455 00104$:
      0001B7 72 01 52 03 FB   [ 2]  456 	btjf	0x5203, #0, 00104$
                                    457 ;	main.c: 167: return SPI_DR;
      0001BC C6 52 04         [ 1]  458 	ld	a, 0x5204
                                    459 ;	main.c: 168: }
      0001BF 81               [ 4]  460 	ret
                                    461 ;	main.c: 169: static void spi_wait_idle(void){ while(SPI_SR & (1<<SPI_SR_BSY)); }
                                    462 ;	-----------------------------------------
                                    463 ;	 function spi_wait_idle
                                    464 ;	-----------------------------------------
      0001C0                        465 _spi_wait_idle:
      0001C0                        466 00101$:
      0001C0 C6 52 03         [ 1]  467 	ld	a, 0x5203
      0001C3 2B FB            [ 1]  468 	jrmi	00101$
      0001C5 81               [ 4]  469 	ret
                                    470 ;	main.c: 189: static uint8_t cc_select(void){
                                    471 ;	-----------------------------------------
                                    472 ;	 function cc_select
                                    473 ;	-----------------------------------------
      0001C6                        474 _cc_select:
      0001C6 52 04            [ 2]  475 	sub	sp, #4
                                    476 ;	main.c: 190: CSN_LOW();
      0001C8 72 15 50 0F      [ 1]  477 	bres	0x500f, #2
                                    478 ;	main.c: 193: while(MISO_IS_HIGH()){
      0001CC 5F               [ 1]  479 	clrw	x
      0001CD 1F 03            [ 2]  480 	ldw	(0x03, sp), x
      0001CF 1F 01            [ 2]  481 	ldw	(0x01, sp), x
      0001D1                        482 00103$:
      0001D1 C6 50 0B         [ 1]  483 	ld	a, 0x500b
      0001D4 2A 20            [ 1]  484 	jrpl	00105$
                                    485 ;	main.c: 194: if(++guard>100000UL){ CSN_HIGH(); return 0; }
      0001D6 1E 03            [ 2]  486 	ldw	x, (0x03, sp)
      0001D8 5C               [ 1]  487 	incw	x
      0001D9 1F 03            [ 2]  488 	ldw	(0x03, sp), x
      0001DB 26 05            [ 1]  489 	jrne	00124$
      0001DD 1E 01            [ 2]  490 	ldw	x, (0x01, sp)
      0001DF 5C               [ 1]  491 	incw	x
      0001E0 1F 01            [ 2]  492 	ldw	(0x01, sp), x
      0001E2                        493 00124$:
      0001E2 AE 86 A0         [ 2]  494 	ldw	x, #0x86a0
      0001E5 13 03            [ 2]  495 	cpw	x, (0x03, sp)
      0001E7 A6 01            [ 1]  496 	ld	a, #0x01
      0001E9 12 02            [ 1]  497 	sbc	a, (0x02, sp)
      0001EB 4F               [ 1]  498 	clr	a
      0001EC 12 01            [ 1]  499 	sbc	a, (0x01, sp)
      0001EE 24 E1            [ 1]  500 	jrnc	00103$
      0001F0 72 14 50 0F      [ 1]  501 	bset	0x500f, #2
      0001F4 4F               [ 1]  502 	clr	a
                                    503 ;	main.c: 196: return 1;
      0001F5 C5                     504 	.byte 0xc5
      0001F6                        505 00105$:
      0001F6 A6 01            [ 1]  506 	ld	a, #0x01
      0001F8                        507 00106$:
                                    508 ;	main.c: 197: }
      0001F8 5B 04            [ 2]  509 	addw	sp, #4
      0001FA 81               [ 4]  510 	ret
                                    511 ;	main.c: 198: static inline void cc_deselect(void){ spi_wait_idle(); CSN_HIGH(); }
                                    512 ;	-----------------------------------------
                                    513 ;	 function cc_deselect
                                    514 ;	-----------------------------------------
      0001FB                        515 _cc_deselect:
      0001FB CDr01rC0         [ 4]  516 	call	_spi_wait_idle
      0001FE 72 14 50 0F      [ 1]  517 	bset	0x500f, #2
      000202 81               [ 4]  518 	ret
                                    519 ;	main.c: 200: static uint8_t cc_strobe(uint8_t st){
                                    520 ;	-----------------------------------------
                                    521 ;	 function cc_strobe
                                    522 ;	-----------------------------------------
      000203                        523 _cc_strobe:
      000203 52 02            [ 2]  524 	sub	sp, #2
      000205 6B 02            [ 1]  525 	ld	(0x02, sp), a
                                    526 ;	main.c: 201: if(!cc_select()) return 0xFF;
      000207 CDr01rC6         [ 4]  527 	call	_cc_select
      00020A 4D               [ 1]  528 	tnz	a
      00020B 26 04            [ 1]  529 	jrne	00102$
      00020D A6 FF            [ 1]  530 	ld	a, #0xff
      00020F 20 10            [ 2]  531 	jra	00104$
      000211                        532 00102$:
                                    533 ;	main.c: 202: uint8_t s = spi_txrx(st);
      000211 7B 02            [ 1]  534 	ld	a, (0x02, sp)
      000213 CDr01rAF         [ 4]  535 	call	_spi_txrx
      000216 6B 01            [ 1]  536 	ld	(0x01, sp), a
                                    537 ;	main.c: 198: static inline void cc_deselect(void){ spi_wait_idle(); CSN_HIGH(); }
      000218 CDr01rC0         [ 4]  538 	call	_spi_wait_idle
      00021B 72 14 50 0F      [ 1]  539 	bset	0x500f, #2
                                    540 ;	main.c: 204: return s;
      00021F 7B 01            [ 1]  541 	ld	a, (0x01, sp)
      000221                        542 00104$:
                                    543 ;	main.c: 205: }
      000221 5B 02            [ 2]  544 	addw	sp, #2
      000223 81               [ 4]  545 	ret
                                    546 ;	main.c: 206: static void cc_write_reg(uint8_t a, uint8_t v){
                                    547 ;	-----------------------------------------
                                    548 ;	 function cc_write_reg
                                    549 ;	-----------------------------------------
      000224                        550 _cc_write_reg:
      000224 88               [ 1]  551 	push	a
      000225 6B 01            [ 1]  552 	ld	(0x01, sp), a
                                    553 ;	main.c: 207: if(!cc_select()) return;
      000227 CDr01rC6         [ 4]  554 	call	_cc_select
      00022A 4D               [ 1]  555 	tnz	a
      00022B 27 15            [ 1]  556 	jreq	00104$
                                    557 ;	main.c: 208: spi_txrx(a); spi_txrx(v);
      00022D 7B 01            [ 1]  558 	ld	a, (0x01, sp)
      00022F CDr01rAF         [ 4]  559 	call	_spi_txrx
      000232 7B 04            [ 1]  560 	ld	a, (0x04, sp)
      000234 CDr01rAF         [ 4]  561 	call	_spi_txrx
                                    562 ;	main.c: 198: static inline void cc_deselect(void){ spi_wait_idle(); CSN_HIGH(); }
      000237 CDr01rC0         [ 4]  563 	call	_spi_wait_idle
      00023A C6 50 0F         [ 1]  564 	ld	a, 0x500f
      00023D AA 04            [ 1]  565 	or	a, #0x04
      00023F C7 50 0F         [ 1]  566 	ld	0x500f, a
                                    567 ;	main.c: 209: cc_deselect();
      000242                        568 00104$:
                                    569 ;	main.c: 210: }
      000242 84               [ 1]  570 	pop	a
      000243 85               [ 2]  571 	popw	x
      000244 84               [ 1]  572 	pop	a
      000245 FC               [ 2]  573 	jp	(x)
                                    574 ;	main.c: 211: static uint8_t cc_read_status(uint8_t addr){
                                    575 ;	-----------------------------------------
                                    576 ;	 function cc_read_status
                                    577 ;	-----------------------------------------
      000246                        578 _cc_read_status:
      000246 52 02            [ 2]  579 	sub	sp, #2
      000248 6B 02            [ 1]  580 	ld	(0x02, sp), a
                                    581 ;	main.c: 212: if(!cc_select()) return 0xFF;
      00024A CDr01rC6         [ 4]  582 	call	_cc_select
      00024D 4D               [ 1]  583 	tnz	a
      00024E 26 04            [ 1]  584 	jrne	00102$
      000250 A6 FF            [ 1]  585 	ld	a, #0xff
      000252 20 17            [ 2]  586 	jra	00104$
      000254                        587 00102$:
                                    588 ;	main.c: 213: (void)spi_txrx(addr | 0xC0);   // READ | BURST pour status regs
      000254 7B 02            [ 1]  589 	ld	a, (0x02, sp)
      000256 AA C0            [ 1]  590 	or	a, #0xc0
      000258 CDr01rAF         [ 4]  591 	call	_spi_txrx
                                    592 ;	main.c: 214: uint8_t v = spi_txrx(0xFF);
      00025B A6 FF            [ 1]  593 	ld	a, #0xff
      00025D CDr01rAF         [ 4]  594 	call	_spi_txrx
      000260 6B 01            [ 1]  595 	ld	(0x01, sp), a
                                    596 ;	main.c: 198: static inline void cc_deselect(void){ spi_wait_idle(); CSN_HIGH(); }
      000262 CDr01rC0         [ 4]  597 	call	_spi_wait_idle
      000265 72 14 50 0F      [ 1]  598 	bset	0x500f, #2
                                    599 ;	main.c: 216: return v;
      000269 7B 01            [ 1]  600 	ld	a, (0x01, sp)
      00026B                        601 00104$:
                                    602 ;	main.c: 217: }
      00026B 5B 02            [ 2]  603 	addw	sp, #2
      00026D 81               [ 4]  604 	ret
                                    605 ;	main.c: 220: static void cc_reset(void){
                                    606 ;	-----------------------------------------
                                    607 ;	 function cc_reset
                                    608 ;	-----------------------------------------
      00026E                        609 _cc_reset:
                                    610 ;	main.c: 221: CSN_HIGH(); delay_ms(5);
      00026E 72 14 50 0F      [ 1]  611 	bset	0x500f, #2
                                    612 ;	main.c: 52: for (i = 0; i < ((F_CPU / 18000UL) * ms); i++)
      000272 90 5F            [ 1]  613 	clrw	y
      000274 5F               [ 1]  614 	clrw	x
      000275                        615 00113$:
      000275 90 A3 11 58      [ 2]  616 	cpw	y, #0x1158
      000279 9F               [ 1]  617 	ld	a, xl
      00027A A2 00            [ 1]  618 	sbc	a, #0x00
      00027C 9E               [ 1]  619 	ld	a, xh
      00027D A2 00            [ 1]  620 	sbc	a, #0x00
      00027F 24 08            [ 1]  621 	jrnc	00104$
                                    622 ;	main.c: 53: __asm__("nop");
      000281 9D               [ 1]  623 	nop
                                    624 ;	main.c: 52: for (i = 0; i < ((F_CPU / 18000UL) * ms); i++)
      000282 90 5C            [ 1]  625 	incw	y
      000284 26 EF            [ 1]  626 	jrne	00113$
      000286 5C               [ 1]  627 	incw	x
      000287 20 EC            [ 2]  628 	jra	00113$
                                    629 ;	main.c: 221: CSN_HIGH(); delay_ms(5);
      000289                        630 00104$:
                                    631 ;	main.c: 222: CSN_LOW();  delay_ms(5);
      000289 72 15 50 0F      [ 1]  632 	bres	0x500f, #2
                                    633 ;	main.c: 52: for (i = 0; i < ((F_CPU / 18000UL) * ms); i++)
      00028D 90 5F            [ 1]  634 	clrw	y
      00028F 5F               [ 1]  635 	clrw	x
      000290                        636 00116$:
      000290 90 A3 11 58      [ 2]  637 	cpw	y, #0x1158
      000294 9F               [ 1]  638 	ld	a, xl
      000295 A2 00            [ 1]  639 	sbc	a, #0x00
      000297 9E               [ 1]  640 	ld	a, xh
      000298 A2 00            [ 1]  641 	sbc	a, #0x00
      00029A 24 08            [ 1]  642 	jrnc	00106$
                                    643 ;	main.c: 53: __asm__("nop");
      00029C 9D               [ 1]  644 	nop
                                    645 ;	main.c: 52: for (i = 0; i < ((F_CPU / 18000UL) * ms); i++)
      00029D 90 5C            [ 1]  646 	incw	y
      00029F 26 EF            [ 1]  647 	jrne	00116$
      0002A1 5C               [ 1]  648 	incw	x
      0002A2 20 EC            [ 2]  649 	jra	00116$
                                    650 ;	main.c: 222: CSN_LOW();  delay_ms(5);
      0002A4                        651 00106$:
                                    652 ;	main.c: 223: CSN_HIGH(); delay_ms(5);
      0002A4 72 14 50 0F      [ 1]  653 	bset	0x500f, #2
                                    654 ;	main.c: 52: for (i = 0; i < ((F_CPU / 18000UL) * ms); i++)
      0002A8 90 5F            [ 1]  655 	clrw	y
      0002AA 5F               [ 1]  656 	clrw	x
      0002AB                        657 00119$:
      0002AB 90 A3 11 58      [ 2]  658 	cpw	y, #0x1158
      0002AF 9F               [ 1]  659 	ld	a, xl
      0002B0 A2 00            [ 1]  660 	sbc	a, #0x00
      0002B2 9E               [ 1]  661 	ld	a, xh
      0002B3 A2 00            [ 1]  662 	sbc	a, #0x00
      0002B5 24 08            [ 1]  663 	jrnc	00108$
                                    664 ;	main.c: 53: __asm__("nop");
      0002B7 9D               [ 1]  665 	nop
                                    666 ;	main.c: 52: for (i = 0; i < ((F_CPU / 18000UL) * ms); i++)
      0002B8 90 5C            [ 1]  667 	incw	y
      0002BA 26 EF            [ 1]  668 	jrne	00119$
      0002BC 5C               [ 1]  669 	incw	x
      0002BD 20 EC            [ 2]  670 	jra	00119$
                                    671 ;	main.c: 223: CSN_HIGH(); delay_ms(5);
      0002BF                        672 00108$:
                                    673 ;	main.c: 224: if(cc_select()){ spi_txrx(SRES); cc_deselect(); }
      0002BF CDr01rC6         [ 4]  674 	call	_cc_select
      0002C2 4D               [ 1]  675 	tnz	a
      0002C3 27 0C            [ 1]  676 	jreq	00134$
      0002C5 A6 30            [ 1]  677 	ld	a, #0x30
      0002C7 CDr01rAF         [ 4]  678 	call	_spi_txrx
                                    679 ;	main.c: 198: static inline void cc_deselect(void){ spi_wait_idle(); CSN_HIGH(); }
      0002CA CDr01rC0         [ 4]  680 	call	_spi_wait_idle
      0002CD 72 14 50 0F      [ 1]  681 	bset	0x500f, #2
                                    682 ;	main.c: 52: for (i = 0; i < ((F_CPU / 18000UL) * ms); i++)
      0002D1                        683 00134$:
      0002D1 90 5F            [ 1]  684 	clrw	y
      0002D3 5F               [ 1]  685 	clrw	x
      0002D4                        686 00122$:
      0002D4 90 A3 11 58      [ 2]  687 	cpw	y, #0x1158
      0002D8 9F               [ 1]  688 	ld	a, xl
      0002D9 A2 00            [ 1]  689 	sbc	a, #0x00
      0002DB 9E               [ 1]  690 	ld	a, xh
      0002DC A2 00            [ 1]  691 	sbc	a, #0x00
      0002DE 25 01            [ 1]  692 	jrc	00182$
      0002E0 81               [ 4]  693 	ret
      0002E1                        694 00182$:
                                    695 ;	main.c: 53: __asm__("nop");
      0002E1 9D               [ 1]  696 	nop
                                    697 ;	main.c: 52: for (i = 0; i < ((F_CPU / 18000UL) * ms); i++)
      0002E2 90 5C            [ 1]  698 	incw	y
      0002E4 26 EE            [ 1]  699 	jrne	00122$
      0002E6 5C               [ 1]  700 	incw	x
      0002E7 20 EB            [ 2]  701 	jra	00122$
                                    702 ;	main.c: 225: delay_ms(5);
                                    703 ;	main.c: 226: }
      0002E9 81               [ 4]  704 	ret
                                    705 ;	main.c: 228: static void cc_write_patble(uint8_t pa){
                                    706 ;	-----------------------------------------
                                    707 ;	 function cc_write_patble
                                    708 ;	-----------------------------------------
      0002EA                        709 _cc_write_patble:
      0002EA 88               [ 1]  710 	push	a
      0002EB 6B 01            [ 1]  711 	ld	(0x01, sp), a
                                    712 ;	main.c: 229: if(!cc_select()) return;
      0002ED CDr01rC6         [ 4]  713 	call	_cc_select
      0002F0 4D               [ 1]  714 	tnz	a
      0002F1 27 1B            [ 1]  715 	jreq	00108$
                                    716 ;	main.c: 230: spi_txrx(PATABLE | CC_BURST);
      0002F3 A6 7E            [ 1]  717 	ld	a, #0x7e
      0002F5 CDr01rAF         [ 4]  718 	call	_spi_txrx
                                    719 ;	main.c: 231: for(uint8_t i=0;i<8;i++) spi_txrx(pa);
      0002F8 4F               [ 1]  720 	clr	a
      0002F9                        721 00106$:
      0002F9 A1 08            [ 1]  722 	cp	a, #0x08
      0002FB 24 0A            [ 1]  723 	jrnc	00103$
      0002FD 88               [ 1]  724 	push	a
      0002FE 7B 02            [ 1]  725 	ld	a, (0x02, sp)
      000300 CDr01rAF         [ 4]  726 	call	_spi_txrx
      000303 84               [ 1]  727 	pop	a
      000304 4C               [ 1]  728 	inc	a
      000305 20 F2            [ 2]  729 	jra	00106$
      000307                        730 00103$:
                                    731 ;	main.c: 198: static inline void cc_deselect(void){ spi_wait_idle(); CSN_HIGH(); }
      000307 CDr01rC0         [ 4]  732 	call	_spi_wait_idle
      00030A 72 14 50 0F      [ 1]  733 	bset	0x500f, #2
                                    734 ;	main.c: 232: cc_deselect();
      00030E                        735 00108$:
                                    736 ;	main.c: 233: }
      00030E 84               [ 1]  737 	pop	a
      00030F 81               [ 4]  738 	ret
                                    739 ;	main.c: 235: static void cc_config_868(void){
                                    740 ;	-----------------------------------------
                                    741 ;	 function cc_config_868
                                    742 ;	-----------------------------------------
      000310                        743 _cc_config_868:
                                    744 ;	main.c: 237: cc_write_reg(0x00,0x29); cc_write_reg(0x02,0x06); cc_write_reg(0x03,0x47);
      000310 4B 29            [ 1]  745 	push	#0x29
      000312 4F               [ 1]  746 	clr	a
      000313 CDr02r24         [ 4]  747 	call	_cc_write_reg
      000316 4B 06            [ 1]  748 	push	#0x06
      000318 A6 02            [ 1]  749 	ld	a, #0x02
      00031A CDr02r24         [ 4]  750 	call	_cc_write_reg
      00031D 4B 47            [ 1]  751 	push	#0x47
      00031F A6 03            [ 1]  752 	ld	a, #0x03
      000321 CDr02r24         [ 4]  753 	call	_cc_write_reg
                                    754 ;	main.c: 238: cc_write_reg(0x06,61);   cc_write_reg(0x07,0x04); cc_write_reg(0x08,0x05);
      000324 4B 3D            [ 1]  755 	push	#0x3d
      000326 A6 06            [ 1]  756 	ld	a, #0x06
      000328 CDr02r24         [ 4]  757 	call	_cc_write_reg
      00032B 4B 04            [ 1]  758 	push	#0x04
      00032D A6 07            [ 1]  759 	ld	a, #0x07
      00032F CDr02r24         [ 4]  760 	call	_cc_write_reg
      000332 4B 05            [ 1]  761 	push	#0x05
      000334 A6 08            [ 1]  762 	ld	a, #0x08
      000336 CDr02r24         [ 4]  763 	call	_cc_write_reg
                                    764 ;	main.c: 239: cc_write_reg(0x0B,0x06);
      000339 4B 06            [ 1]  765 	push	#0x06
      00033B A6 0B            [ 1]  766 	ld	a, #0x0b
      00033D CDr02r24         [ 4]  767 	call	_cc_write_reg
                                    768 ;	main.c: 240: cc_write_reg(0x0D,0x21); cc_write_reg(0x0E,0x65); cc_write_reg(0x0F,0x6A);
      000340 4B 21            [ 1]  769 	push	#0x21
      000342 A6 0D            [ 1]  770 	ld	a, #0x0d
      000344 CDr02r24         [ 4]  771 	call	_cc_write_reg
      000347 4B 65            [ 1]  772 	push	#0x65
      000349 A6 0E            [ 1]  773 	ld	a, #0x0e
      00034B CDr02r24         [ 4]  774 	call	_cc_write_reg
      00034E 4B 6A            [ 1]  775 	push	#0x6a
      000350 A6 0F            [ 1]  776 	ld	a, #0x0f
      000352 CDr02r24         [ 4]  777 	call	_cc_write_reg
                                    778 ;	main.c: 241: cc_write_reg(0x10,0xF5); cc_write_reg(0x11,0x83); cc_write_reg(0x12,0x13);
      000355 4B F5            [ 1]  779 	push	#0xf5
      000357 A6 10            [ 1]  780 	ld	a, #0x10
      000359 CDr02r24         [ 4]  781 	call	_cc_write_reg
      00035C 4B 83            [ 1]  782 	push	#0x83
      00035E A6 11            [ 1]  783 	ld	a, #0x11
      000360 CDr02r24         [ 4]  784 	call	_cc_write_reg
      000363 4B 13            [ 1]  785 	push	#0x13
      000365 A6 12            [ 1]  786 	ld	a, #0x12
      000367 CDr02r24         [ 4]  787 	call	_cc_write_reg
                                    788 ;	main.c: 242: cc_write_reg(0x13,0x22); cc_write_reg(0x14,0xF8);
      00036A 4B 22            [ 1]  789 	push	#0x22
      00036C A6 13            [ 1]  790 	ld	a, #0x13
      00036E CDr02r24         [ 4]  791 	call	_cc_write_reg
      000371 4B F8            [ 1]  792 	push	#0xf8
      000373 A6 14            [ 1]  793 	ld	a, #0x14
      000375 CDr02r24         [ 4]  794 	call	_cc_write_reg
                                    795 ;	main.c: 243: cc_write_reg(0x15,0x15);
      000378 4B 15            [ 1]  796 	push	#0x15
      00037A A6 15            [ 1]  797 	ld	a, #0x15
      00037C CDr02r24         [ 4]  798 	call	_cc_write_reg
                                    799 ;	main.c: 244: cc_write_reg(0x18,0x18); cc_write_reg(0x19,0x16);
      00037F 4B 18            [ 1]  800 	push	#0x18
      000381 A6 18            [ 1]  801 	ld	a, #0x18
      000383 CDr02r24         [ 4]  802 	call	_cc_write_reg
      000386 4B 16            [ 1]  803 	push	#0x16
      000388 A6 19            [ 1]  804 	ld	a, #0x19
      00038A CDr02r24         [ 4]  805 	call	_cc_write_reg
                                    806 ;	main.c: 245: cc_write_reg(0x1B,0x43);
      00038D 4B 43            [ 1]  807 	push	#0x43
      00038F A6 1B            [ 1]  808 	ld	a, #0x1b
      000391 CDr02r24         [ 4]  809 	call	_cc_write_reg
                                    810 ;	main.c: 246: cc_write_reg(0x22,0x11);
      000394 4B 11            [ 1]  811 	push	#0x11
      000396 A6 22            [ 1]  812 	ld	a, #0x22
      000398 CDr02r24         [ 4]  813 	call	_cc_write_reg
                                    814 ;	main.c: 247: cc_write_reg(0x23,0xE9); cc_write_reg(0x24,0x2A); cc_write_reg(0x25,0x00); cc_write_reg(0x26,0x1F);
      00039B 4B E9            [ 1]  815 	push	#0xe9
      00039D A6 23            [ 1]  816 	ld	a, #0x23
      00039F CDr02r24         [ 4]  817 	call	_cc_write_reg
      0003A2 4B 2A            [ 1]  818 	push	#0x2a
      0003A4 A6 24            [ 1]  819 	ld	a, #0x24
      0003A6 CDr02r24         [ 4]  820 	call	_cc_write_reg
      0003A9 4B 00            [ 1]  821 	push	#0x00
      0003AB A6 25            [ 1]  822 	ld	a, #0x25
      0003AD CDr02r24         [ 4]  823 	call	_cc_write_reg
      0003B0 4B 1F            [ 1]  824 	push	#0x1f
      0003B2 A6 26            [ 1]  825 	ld	a, #0x26
      0003B4 CDr02r24         [ 4]  826 	call	_cc_write_reg
                                    827 ;	main.c: 248: cc_write_reg(0x2C,0x81); cc_write_reg(0x2D,0x35); cc_write_reg(0x2E,0x09);
      0003B7 4B 81            [ 1]  828 	push	#0x81
      0003B9 A6 2C            [ 1]  829 	ld	a, #0x2c
      0003BB CDr02r24         [ 4]  830 	call	_cc_write_reg
      0003BE 4B 35            [ 1]  831 	push	#0x35
      0003C0 A6 2D            [ 1]  832 	ld	a, #0x2d
      0003C2 CDr02r24         [ 4]  833 	call	_cc_write_reg
      0003C5 4B 09            [ 1]  834 	push	#0x09
      0003C7 A6 2E            [ 1]  835 	ld	a, #0x2e
      0003C9 CDr02r24         [ 4]  836 	call	_cc_write_reg
                                    837 ;	main.c: 249: cc_strobe(SIDLE); cc_strobe(SFRX); cc_strobe(SFTX);
      0003CC A6 36            [ 1]  838 	ld	a, #0x36
      0003CE CDr02r03         [ 4]  839 	call	_cc_strobe
      0003D1 A6 3A            [ 1]  840 	ld	a, #0x3a
      0003D3 CDr02r03         [ 4]  841 	call	_cc_strobe
      0003D6 A6 3B            [ 1]  842 	ld	a, #0x3b
      0003D8 CDr02r03         [ 4]  843 	call	_cc_strobe
                                    844 ;	main.c: 52: for (i = 0; i < ((F_CPU / 18000UL) * ms); i++)
      0003DB 90 5F            [ 1]  845 	clrw	y
      0003DD 5F               [ 1]  846 	clrw	x
      0003DE                        847 00104$:
      0003DE 90 A3 06 F0      [ 2]  848 	cpw	y, #0x06f0
      0003E2 9F               [ 1]  849 	ld	a, xl
      0003E3 A2 00            [ 1]  850 	sbc	a, #0x00
      0003E5 9E               [ 1]  851 	ld	a, xh
      0003E6 A2 00            [ 1]  852 	sbc	a, #0x00
      0003E8 24 08            [ 1]  853 	jrnc	00102$
                                    854 ;	main.c: 53: __asm__("nop");
      0003EA 9D               [ 1]  855 	nop
                                    856 ;	main.c: 52: for (i = 0; i < ((F_CPU / 18000UL) * ms); i++)
      0003EB 90 5C            [ 1]  857 	incw	y
      0003ED 26 EF            [ 1]  858 	jrne	00104$
      0003EF 5C               [ 1]  859 	incw	x
      0003F0 20 EC            [ 2]  860 	jra	00104$
                                    861 ;	main.c: 250: delay_ms(2);
      0003F2                        862 00102$:
                                    863 ;	main.c: 252: cc_write_patble(0xC0);      // mets 0x84 pour tester “0 dBm”, 0xC8 si tu veux un cran de plus
      0003F2 A6 C0            [ 1]  864 	ld	a, #0xc0
                                    865 ;	main.c: 253: }
      0003F4 CCr02rEA         [ 2]  866 	jp	_cc_write_patble
                                    867 ;	main.c: 256: static uint8_t cc_send_packet(const uint8_t* data, uint8_t len){
                                    868 ;	-----------------------------------------
                                    869 ;	 function cc_send_packet
                                    870 ;	-----------------------------------------
      0003F7                        871 _cc_send_packet:
      0003F7 52 07            [ 2]  872 	sub	sp, #7
      0003F9 1F 02            [ 2]  873 	ldw	(0x02, sp), x
                                    874 ;	main.c: 257: if(len==0 || len>61) return 0;
      0003FB 6B 01            [ 1]  875 	ld	(0x01, sp), a
      0003FD 27 06            [ 1]  876 	jreq	00101$
      0003FF 7B 01            [ 1]  877 	ld	a, (0x01, sp)
      000401 A1 3D            [ 1]  878 	cp	a, #0x3d
      000403 23 03            [ 2]  879 	jrule	00102$
      000405                        880 00101$:
      000405 4F               [ 1]  881 	clr	a
      000406 20 61            [ 2]  882 	jra	00116$
      000408                        883 00102$:
                                    884 ;	main.c: 258: cc_strobe(SIDLE); 
      000408 A6 36            [ 1]  885 	ld	a, #0x36
      00040A CDr02r03         [ 4]  886 	call	_cc_strobe
                                    887 ;	main.c: 259: cc_strobe(SFTX);
      00040D A6 3B            [ 1]  888 	ld	a, #0x3b
      00040F CDr02r03         [ 4]  889 	call	_cc_strobe
                                    890 ;	main.c: 261: if(!cc_select()) return 0;
      000412 CDr01rC6         [ 4]  891 	call	_cc_select
      000415 4D               [ 1]  892 	tnz	a
      000416 26 03            [ 1]  893 	jrne	00105$
      000418 4F               [ 1]  894 	clr	a
      000419 20 4E            [ 2]  895 	jra	00116$
      00041B                        896 00105$:
                                    897 ;	main.c: 262: spi_txrx(TXFIFO | CC_BURST);
      00041B A6 7F            [ 1]  898 	ld	a, #0x7f
      00041D CDr01rAF         [ 4]  899 	call	_spi_txrx
                                    900 ;	main.c: 263: spi_txrx(len);
      000420 7B 01            [ 1]  901 	ld	a, (0x01, sp)
      000422 CDr01rAF         [ 4]  902 	call	_spi_txrx
                                    903 ;	main.c: 264: for(uint8_t i=0;i<len;i++) spi_txrx(data[i]);
      000425 0F 07            [ 1]  904 	clr	(0x07, sp)
      000427                        905 00111$:
      000427 7B 07            [ 1]  906 	ld	a, (0x07, sp)
      000429 11 01            [ 1]  907 	cp	a, (0x01, sp)
      00042B 24 0F            [ 1]  908 	jrnc	00106$
      00042D 5F               [ 1]  909 	clrw	x
      00042E 7B 07            [ 1]  910 	ld	a, (0x07, sp)
      000430 97               [ 1]  911 	ld	xl, a
      000431 72 FB 02         [ 2]  912 	addw	x, (0x02, sp)
      000434 F6               [ 1]  913 	ld	a, (x)
      000435 CDr01rAF         [ 4]  914 	call	_spi_txrx
      000438 0C 07            [ 1]  915 	inc	(0x07, sp)
      00043A 20 EB            [ 2]  916 	jra	00111$
      00043C                        917 00106$:
                                    918 ;	main.c: 198: static inline void cc_deselect(void){ spi_wait_idle(); CSN_HIGH(); }
      00043C CDr01rC0         [ 4]  919 	call	_spi_wait_idle
      00043F 72 14 50 0F      [ 1]  920 	bset	0x500f, #2
                                    921 ;	main.c: 267: cc_strobe(STX);
      000443 A6 35            [ 1]  922 	ld	a, #0x35
      000445 CDr02r03         [ 4]  923 	call	_cc_strobe
                                    924 ;	main.c: 52: for (i = 0; i < ((F_CPU / 18000UL) * ms); i++)
      000448 90 5F            [ 1]  925 	clrw	y
      00044A 5F               [ 1]  926 	clrw	x
      00044B 1F 04            [ 2]  927 	ldw	(0x04, sp), x
      00044D                        928 00114$:
      00044D 90 A3 11 58      [ 2]  929 	cpw	y, #0x1158
      000451 7B 05            [ 1]  930 	ld	a, (0x05, sp)
      000453 A2 00            [ 1]  931 	sbc	a, #0x00
      000455 7B 04            [ 1]  932 	ld	a, (0x04, sp)
      000457 A2 00            [ 1]  933 	sbc	a, #0x00
      000459 24 0C            [ 1]  934 	jrnc	00109$
                                    935 ;	main.c: 53: __asm__("nop");
      00045B 9D               [ 1]  936 	nop
                                    937 ;	main.c: 52: for (i = 0; i < ((F_CPU / 18000UL) * ms); i++)
      00045C 90 5C            [ 1]  938 	incw	y
      00045E 26 ED            [ 1]  939 	jrne	00114$
      000460 1E 04            [ 2]  940 	ldw	x, (0x04, sp)
      000462 5C               [ 1]  941 	incw	x
      000463 1F 04            [ 2]  942 	ldw	(0x04, sp), x
      000465 20 E6            [ 2]  943 	jra	00114$
                                    944 ;	main.c: 270: delay_ms(5);
      000467                        945 00109$:
                                    946 ;	main.c: 271: return 1;
      000467 A6 01            [ 1]  947 	ld	a, #0x01
      000469                        948 00116$:
                                    949 ;	main.c: 272: }
      000469 5B 07            [ 2]  950 	addw	sp, #7
      00046B 81               [ 4]  951 	ret
                                    952 ;	main.c: 275: void cc_send_temp_x100(int16_t temp_x100) {
                                    953 ;	-----------------------------------------
                                    954 ;	 function cc_send_temp_x100
                                    955 ;	-----------------------------------------
      00046C                        956 _cc_send_temp_x100:
      00046C 52 08            [ 2]  957 	sub	sp, #8
                                    958 ;	main.c: 277: int16_t temp_x10 = temp_x100 / 10;
      00046E 4B 0A            [ 1]  959 	push	#0x0a
      000470 4B 00            [ 1]  960 	push	#0x00
      000472 CDr00r00         [ 4]  961 	call	__divsint
      000475 1F 05            [ 2]  962 	ldw	(0x05, sp), x
                                    963 ;	main.c: 280: pkt[0] = NODE_ID;                        // Identifiant du capteur
      000477 A6 01            [ 1]  964 	ld	a, #0x01
      000479 6B 01            [ 1]  965 	ld	(0x01, sp), a
                                    966 ;	main.c: 281: pkt[1] = (uint8_t)(temp_x10 >> 8);       // MSB
      00047B 7B 05            [ 1]  967 	ld	a, (0x05, sp)
      00047D 6B 07            [ 1]  968 	ld	(0x07, sp), a
      00047F 6B 02            [ 1]  969 	ld	(0x02, sp), a
                                    970 ;	main.c: 282: pkt[2] = (uint8_t)(temp_x10 & 0xFF);     // LSB
      000481 7B 06            [ 1]  971 	ld	a, (0x06, sp)
      000483 6B 08            [ 1]  972 	ld	(0x08, sp), a
      000485 6B 03            [ 1]  973 	ld	(0x03, sp), a
                                    974 ;	main.c: 283: pkt[3] = pkt[0] ^ pkt[1] ^ pkt[2];       // Checksum XOR
      000487 7B 01            [ 1]  975 	ld	a, (0x01, sp)
      000489 18 07            [ 1]  976 	xor	a, (0x07, sp)
      00048B 18 08            [ 1]  977 	xor	a, (0x08, sp)
      00048D 6B 04            [ 1]  978 	ld	(0x04, sp), a
                                    979 ;	main.c: 285: uint8_t ok = cc_send_packet(pkt, sizeof(pkt));
      00048F A6 04            [ 1]  980 	ld	a, #0x04
      000491 96               [ 1]  981 	ldw	x, sp
      000492 5C               [ 1]  982 	incw	x
      000493 CDr03rF7         [ 4]  983 	call	_cc_send_packet
                                    984 ;	main.c: 289: ok ? "OK" : "FAIL");
      000496 4D               [ 1]  985 	tnz	a
      000497 27 04            [ 1]  986 	jreq	00103$
      000499 AEr00r20         [ 2]  987 	ldw	x, #___str_1+0
      00049C BC                     988 	.byte 0xbc
      00049D                        989 00103$:
      00049D AEr00r23         [ 2]  990 	ldw	x, #(___str_2+0)
      0004A0                        991 00104$:
      0004A0 1F 07            [ 2]  992 	ldw	(0x07, sp), x
                                    993 ;	main.c: 288: temp_x10/10, temp_x10%10,
      0004A2 1E 05            [ 2]  994 	ldw	x, (0x05, sp)
      0004A4 89               [ 2]  995 	pushw	x
      0004A5 4B 0A            [ 1]  996 	push	#0x0a
      0004A7 4B 00            [ 1]  997 	push	#0x00
      0004A9 CDr00r00         [ 4]  998 	call	__modsint
      0004AC 1F 07            [ 2]  999 	ldw	(0x07, sp), x
      0004AE 85               [ 2] 1000 	popw	x
      0004AF 4B 0A            [ 1] 1001 	push	#0x0a
      0004B1 4B 00            [ 1] 1002 	push	#0x00
                                   1003 ;	main.c: 287: printf("[RADIO] send %d.%01d°C -> %s\r\n",
      0004B3 CDr00r00         [ 4] 1004 	call	__divsint
      0004B6 16 07            [ 2] 1005 	ldw	y, (0x07, sp)
      0004B8 90 89            [ 2] 1006 	pushw	y
      0004BA 16 07            [ 2] 1007 	ldw	y, (0x07, sp)
      0004BC 90 89            [ 2] 1008 	pushw	y
      0004BE 89               [ 2] 1009 	pushw	x
      0004BF 4Br00            [ 1] 1010 	push	#<(___str_0+0)
      0004C1 4Bs00            [ 1] 1011 	push	#((___str_0+0) >> 8)
      0004C3 CDr00r00         [ 4] 1012 	call	_printf
                                   1013 ;	main.c: 290: }
      0004C6 5B 10            [ 2] 1014 	addw	sp, #16
      0004C8 81               [ 4] 1015 	ret
                                   1016 ;	main.c: 292: void main() {
                                   1017 ;	-----------------------------------------
                                   1018 ;	 function main
                                   1019 ;	-----------------------------------------
      0004C9                       1020 _main:
      0004C9 52 06            [ 2] 1021 	sub	sp, #6
                                   1022 ;	main.c: 294: CLK_CKDIVR = 0x00; // forcer la frequence CPU
      0004CB 35 00 50 C6      [ 1] 1023 	mov	0x50c6+0, #0x00
                                   1024 ;	main.c: 297: PD_DDR &= ~(1 << 3);    // PD3 en entrée
      0004CF 72 17 50 11      [ 1] 1025 	bres	0x5011, #3
                                   1026 ;	main.c: 298: PD_CR1 |= (1 << 3);     // Pull-up interne activée (optionnel)
      0004D3 72 16 50 12      [ 1] 1027 	bset	0x5012, #3
                                   1028 ;	main.c: 300: uart_init();
      0004D7 CDr00r00         [ 4] 1029 	call	_uart_init
                                   1030 ;	main.c: 301: gpio_init();
      0004DA CDr01r6D         [ 4] 1031 	call	_gpio_init
                                   1032 ;	main.c: 302: spi_init();
      0004DD CDr01rA2         [ 4] 1033 	call	_spi_init
                                   1034 ;	main.c: 303: cc_reset();
      0004E0 CDr02r6E         [ 4] 1035 	call	_cc_reset
                                   1036 ;	main.c: 304: cc_config_868();
      0004E3 CDr03r10         [ 4] 1037 	call	_cc_config_868
                                   1038 ;	main.c: 309: while (1) {
      0004E6 5F               [ 1] 1039 	clrw	x
      0004E7 1F 01            [ 2] 1040 	ldw	(0x01, sp), x
      0004E9                       1041 00104$:
                                   1042 ;	main.c: 310: ds18b20_start_conversion(); // Démarre une conversion de température
      0004E9 CDr01r3B         [ 4] 1043 	call	_ds18b20_start_conversion
                                   1044 ;	main.c: 52: for (i = 0; i < ((F_CPU / 18000UL) * ms); i++)
      0004EC 90 5F            [ 1] 1045 	clrw	y
      0004EE 5F               [ 1] 1046 	clrw	x
      0004EF 1F 03            [ 2] 1047 	ldw	(0x03, sp), x
      0004F1                       1048 00111$:
      0004F1 90 A3 29 90      [ 2] 1049 	cpw	y, #0x2990
      0004F5 7B 04            [ 1] 1050 	ld	a, (0x04, sp)
      0004F7 A2 0A            [ 1] 1051 	sbc	a, #0x0a
      0004F9 7B 03            [ 1] 1052 	ld	a, (0x03, sp)
      0004FB A2 00            [ 1] 1053 	sbc	a, #0x00
      0004FD 24 0C            [ 1] 1054 	jrnc	00107$
                                   1055 ;	main.c: 53: __asm__("nop");
      0004FF 9D               [ 1] 1056 	nop
                                   1057 ;	main.c: 52: for (i = 0; i < ((F_CPU / 18000UL) * ms); i++)
      000500 90 5C            [ 1] 1058 	incw	y
      000502 26 ED            [ 1] 1059 	jrne	00111$
      000504 1E 03            [ 2] 1060 	ldw	x, (0x03, sp)
      000506 5C               [ 1] 1061 	incw	x
      000507 1F 03            [ 2] 1062 	ldw	(0x03, sp), x
      000509 20 E6            [ 2] 1063 	jra	00111$
                                   1064 ;	main.c: 311: delay_ms(750);              // Attente obligatoire (750 ms pour 12 bits)
      00050B                       1065 00107$:
                                   1066 ;	main.c: 313: int16_t raw = ds18b20_read_raw(); // Lecture de la température brute (x16)
      00050B CDr01r48         [ 4] 1067 	call	_ds18b20_read_raw
                                   1068 ;	main.c: 316: int16_t temp_x100 = (raw * 625UL) / 100; // Résultat en °C * 100
      00050E 90 5F            [ 1] 1069 	clrw	y
      000510 5D               [ 2] 1070 	tnzw	x
      000511 2A 02            [ 1] 1071 	jrpl	00151$
      000513 90 5A            [ 2] 1072 	decw	y
      000515                       1073 00151$:
      000515 89               [ 2] 1074 	pushw	x
      000516 90 89            [ 2] 1075 	pushw	y
      000518 4B 71            [ 1] 1076 	push	#0x71
      00051A 4B 02            [ 1] 1077 	push	#0x02
      00051C 5F               [ 1] 1078 	clrw	x
      00051D 89               [ 2] 1079 	pushw	x
      00051E CDr00r00         [ 4] 1080 	call	__mullong
      000521 5B 08            [ 2] 1081 	addw	sp, #8
      000523 4B 64            [ 1] 1082 	push	#0x64
      000525 4B 00            [ 1] 1083 	push	#0x00
      000527 4B 00            [ 1] 1084 	push	#0x00
      000529 4B 00            [ 1] 1085 	push	#0x00
      00052B 89               [ 2] 1086 	pushw	x
      00052C 90 89            [ 2] 1087 	pushw	y
      00052E CDr00r00         [ 4] 1088 	call	__divulong
      000531 5B 08            [ 2] 1089 	addw	sp, #8
      000533 1F 05            [ 2] 1090 	ldw	(0x05, sp), x
                                   1091 ;	main.c: 320: if (counter % 120 == 0) {
      000535 1E 01            [ 2] 1092 	ldw	x, (0x01, sp)
      000537 90 AE 00 78      [ 2] 1093 	ldw	y, #0x0078
      00053B 65               [ 2] 1094 	divw	x, y
      00053C 90 5D            [ 2] 1095 	tnzw	y
      00053E 26 05            [ 1] 1096 	jrne	00102$
                                   1097 ;	main.c: 321: cc_send_temp_x100(temp_x100);
      000540 1E 05            [ 2] 1098 	ldw	x, (0x05, sp)
      000542 CDr04r6C         [ 4] 1099 	call	_cc_send_temp_x100
      000545                       1100 00102$:
                                   1101 ;	main.c: 324: counter++;
      000545 1E 01            [ 2] 1102 	ldw	x, (0x01, sp)
      000547 5C               [ 1] 1103 	incw	x
      000548 1F 01            [ 2] 1104 	ldw	(0x01, sp), x
                                   1105 ;	main.c: 52: for (i = 0; i < ((F_CPU / 18000UL) * ms); i++)
      00054A 90 5F            [ 1] 1106 	clrw	y
      00054C 5F               [ 1] 1107 	clrw	x
      00054D                       1108 00114$:
      00054D 90 A3 8C C0      [ 2] 1109 	cpw	y, #0x8cc0
      000551 9F               [ 1] 1110 	ld	a, xl
      000552 A2 0D            [ 1] 1111 	sbc	a, #0x0d
      000554 9E               [ 1] 1112 	ld	a, xh
      000555 A2 00            [ 1] 1113 	sbc	a, #0x00
      000557 24 90            [ 1] 1114 	jrnc	00104$
                                   1115 ;	main.c: 53: __asm__("nop");
      000559 9D               [ 1] 1116 	nop
                                   1117 ;	main.c: 52: for (i = 0; i < ((F_CPU / 18000UL) * ms); i++)
      00055A 90 5C            [ 1] 1118 	incw	y
      00055C 26 EF            [ 1] 1119 	jrne	00114$
      00055E 5C               [ 1] 1120 	incw	x
      00055F 20 EC            [ 2] 1121 	jra	00114$
                                   1122 ;	main.c: 328: delay_ms(NODE_ID * 1000UL);
                                   1123 ;	main.c: 330: }
      000561 5B 06            [ 2] 1124 	addw	sp, #6
      000563 81               [ 4] 1125 	ret
                                   1126 	.area CODE
                                   1127 	.area CONST
                                   1128 	.area CONST
      000000                       1129 ___str_0:
      000000 5B 52 41 44 49 4F 5D  1130 	.ascii "[RADIO] send %d.%01d"
             20 73 65 6E 64 20 25
             64 2E 25 30 31 64
      000014 C2                    1131 	.db 0xc2
      000015 B0                    1132 	.db 0xb0
      000016 43 20 2D 3E 20 25 73  1133 	.ascii "C -> %s"
      00001D 0D                    1134 	.db 0x0d
      00001E 0A                    1135 	.db 0x0a
      00001F 00                    1136 	.db 0x00
                                   1137 	.area CODE
                                   1138 	.area CONST
      000020                       1139 ___str_1:
      000020 4F 4B                 1140 	.ascii "OK"
      000022 00                    1141 	.db 0x00
                                   1142 	.area CODE
                                   1143 	.area CONST
      000023                       1144 ___str_2:
      000023 46 41 49 4C           1145 	.ascii "FAIL"
      000027 00                    1146 	.db 0x00
                                   1147 	.area CODE
                                   1148 	.area INITIALIZER
                                   1149 	.area CABS (ABS)
